
Running 128 tests using 4 workers

(node:28779) Warning: The 'NO_COLOR' env is ignored due to the 'FORCE_COLOR' env being set.
(Use `node --trace-warnings ...` to show where the warning was created)
(node:28780) Warning: The 'NO_COLOR' env is ignored due to the 'FORCE_COLOR' env being set.
(Use `node --trace-warnings ...` to show where the warning was created)
(node:28778) Warning: The 'NO_COLOR' env is ignored due to the 'FORCE_COLOR' env being set.
(Use `node --trace-warnings ...` to show where the warning was created)
(node:28781) Warning: The 'NO_COLOR' env is ignored due to the 'FORCE_COLOR' env being set.
(Use `node --trace-warnings ...` to show where the warning was created)
(node:28778) Warning: The 'NO_COLOR' env is ignored due to the 'FORCE_COLOR' env being set.
(Use `node --trace-warnings ...` to show where the warning was created)
(node:28781) Warning: The 'NO_COLOR' env is ignored due to the 'FORCE_COLOR' env being set.
(Use `node --trace-warnings ...` to show where the warning was created)
(node:28780) Warning: The 'NO_COLOR' env is ignored due to the 'FORCE_COLOR' env being set.
(Use `node --trace-warnings ...` to show where the warning was created)
(node:28779) Warning: The 'NO_COLOR' env is ignored due to the 'FORCE_COLOR' env being set.
(Use `node --trace-warnings ...` to show where the warning was created)
Console messages on Services: 11
Total console messages: 11
[error] Refused to apply style from 'http://localhost:3000/_next/static/css/app/layout.css?v=1761080074231' because its MIME type ('text/html') is not a supported stylesheet MIME type, and strict MIME checking is enabled.
[error] Failed to load resource: the server responded with a status of 404 (Not Found)
[error] Refused to execute script from 'http://localhost:3000/_next/static/chunks/app/page.js' because its MIME type ('text/html') is not executable, and strict MIME type checking is enabled.
[error] Failed to load resource: the server responded with a status of 404 (Not Found)
[error] Refused to execute script from 'http://localhost:3000/_next/static/chunks/webpack.js?v=1761080074231' because its MIME type ('text/html') is not executable, and strict MIME type checking is enabled.
[error] Failed to load resource: the server responded with a status of 404 (Not Found)
[error] Refused to execute script from 'http://localhost:3000/_next/static/chunks/app/layout.js' because its MIME type ('text/html') is not executable, and strict MIME type checking is enabled.
[error] Failed to load resource: the server responded with a status of 404 (Not Found)
[error] Refused to execute script from 'http://localhost:3000/_next/static/chunks/main-app.js?v=1761080074231' because its MIME type ('text/html') is not executable, and strict MIME type checking is enabled.
[error] Failed to load resource: the server responded with a status of 404 (Not Found)
[error] Refused to execute script from 'http://localhost:3000/_next/static/chunks/app-pages-internals.js' because its MIME type ('text/html') is not executable, and strict MIME type checking is enabled.
Console messages on Calendar: 11
Console messages on Portfolio: 11
  ✘    1 [chromium-desktop] › tests/specs/console/console-monitoring.spec.ts:12:7 › Console Log Monitoring - Next.js App › Home page should have no console errors (2.3s)
  ✘    2 [chromium-desktop] › tests/specs/console/console-monitoring.spec.ts:71:7 › Console Log Monitoring - Next.js App › Calendar page should have no console errors (2.3s)
  ✘    4 [chromium-desktop] › tests/specs/console/console-monitoring.spec.ts:37:7 › Console Log Monitoring - Next.js App › Services page should have no console errors (2.3s)
  ✘    3 [chromium-desktop] › tests/specs/console/console-monitoring.spec.ts:54:7 › Console Log Monitoring - Next.js App › Portfolio page should have no console errors (2.4s)
(node:28860) Warning: The 'NO_COLOR' env is ignored due to the 'FORCE_COLOR' env being set.
(Use `node --trace-warnings ...` to show where the warning was created)
(node:28861) Warning: The 'NO_COLOR' env is ignored due to the 'FORCE_COLOR' env being set.
(Use `node --trace-warnings ...` to show where the warning was created)
(node:28862) Warning: The 'NO_COLOR' env is ignored due to the 'FORCE_COLOR' env being set.
(Use `node --trace-warnings ...` to show where the warning was created)
(node:28870) Warning: The 'NO_COLOR' env is ignored due to the 'FORCE_COLOR' env being set.
(Use `node --trace-warnings ...` to show where the warning was created)
(node:28860) Warning: The 'NO_COLOR' env is ignored due to the 'FORCE_COLOR' env being set.
(Use `node --trace-warnings ...` to show where the warning was created)
(node:28861) Warning: The 'NO_COLOR' env is ignored due to the 'FORCE_COLOR' env being set.
(Use `node --trace-warnings ...` to show where the warning was created)
(node:28862) Warning: The 'NO_COLOR' env is ignored due to the 'FORCE_COLOR' env being set.
(Use `node --trace-warnings ...` to show where the warning was created)
(node:28870) Warning: The 'NO_COLOR' env is ignored due to the 'FORCE_COLOR' env being set.
(Use `node --trace-warnings ...` to show where the warning was created)
  ✓    6 [chromium-desktop] › tests/specs/console/console-monitoring.spec.ts:131:7 › Console Log Monitoring - Next.js App › No console warnings on critical pages (858ms)
  ✓    7 [chromium-desktop] › tests/specs/console/console-monitoring.spec.ts:147:7 › Console Log Monitoring - Next.js App › Next.js should not log hydration errors (858ms)
React-related messages: 0
  ✓    8 [chromium-desktop] › tests/specs/console/console-monitoring.spec.ts:172:7 › Console Log Monitoring - Next.js App › Check for React warnings and errors (1.5s)
Debug logs found: 0
  ✓   10 [chromium-desktop] › tests/specs/console/console-monitoring.spec.ts:237:7 › Console Log Monitoring - Next.js App › Check for unnecessary console.log statements in production (731ms)
Errors on 404 page: 10
  ✘   11 [chromium-desktop] › tests/specs/console/console-monitoring.spec.ts:265:7 › Console Monitoring - Error Recovery › Should handle navigation errors gracefully (677ms)
Image-related errors: 0
  ✓   12 [chromium-desktop] › tests/specs/console/console-monitoring.spec.ts:287:7 › Console Monitoring - Error Recovery › Should not log errors when images fail to load (655ms)
(node:28949) Warning: The 'NO_COLOR' env is ignored due to the 'FORCE_COLOR' env being set.
(Use `node --trace-warnings ...` to show where the warning was created)
(node:28949) Warning: The 'NO_COLOR' env is ignored due to the 'FORCE_COLOR' env being set.
(Use `node --trace-warnings ...` to show where the warning was created)
New messages after interaction: 0
  ✓    9 [chromium-desktop] › tests/specs/console/console-monitoring.spec.ts:206:7 › Console Log Monitoring - Next.js App › Monitor console logs during user interactions (1.9s)
Total console messages during navigation: 55
Messages by type: { errors: [33m55[39m, warnings: [33m0[39m, logs: [33m0[39m, info: [33m0[39m }
  ✘    5 [chromium-desktop] › tests/specs/console/console-monitoring.spec.ts:88:7 › Console Log Monitoring - Next.js App › No console errors during full navigation flow (3.1s)
(node:28983) Warning: The 'NO_COLOR' env is ignored due to the 'FORCE_COLOR' env being set.
(Use `node --trace-warnings ...` to show where the warning was created)
(node:28983) Warning: The 'NO_COLOR' env is ignored due to the 'FORCE_COLOR' env being set.
(Use `node --trace-warnings ...` to show where the warning was created)
  ✓   16 [chromium-desktop] › tests/specs/console/smooth-operation.spec.ts:107:7 › Smooth Operation - User Experience › Page should remain interactive during loading (674ms)
  ✓   17 [chromium-desktop] › tests/specs/console/smooth-operation.spec.ts:122:7 › Smooth Operation - User Experience › No flickering or flash of unstyled content (307ms)
Has loading indicators: false
Layout shifts detected: 0
Total CLS: 0
  ✓   14 [chromium-desktop] › tests/specs/console/smooth-operation.spec.ts:7:7 › Smooth Operation - User Experience › Scrolling should be smooth without layout shifts (2.3s)
  ✓   13 [chromium-desktop] › tests/specs/console/smooth-operation.spec.ts:37:7 › Smooth Operation - User Experience › Images should load without causing layout shifts (2.9s)
  ✘   18 [chromium-desktop] › tests/specs/console/smooth-operation.spec.ts:139:7 › Smooth Operation - User Experience › Loading states should be smooth (667ms)
(node:29042) Warning: The 'NO_COLOR' env is ignored due to the 'FORCE_COLOR' env being set.
(Use `node --trace-warnings ...` to show where the warning was created)
Average FPS: 61
  ✓   15 [chromium-desktop] › tests/specs/console/smooth-operation.spec.ts:72:7 › Smooth Operation - User Experience › Animations should be smooth (60fps) (2.8s)
(node:29042) Warning: The 'NO_COLOR' env is ignored due to the 'FORCE_COLOR' env being set.
(Use `node --trace-warnings ...` to show where the warning was created)
Has hover effects: true
  ✓   19 [chromium-desktop] › tests/specs/console/smooth-operation.spec.ts:162:7 › Smooth Operation - User Experience › Hover states should respond immediately (763ms)
Focused element: { tagName: [32m'A'[39m, hasOutline: [33mtrue[39m, hasFocusVisible: [33mtrue[39m }
  ✓   20 [chromium-desktop] › tests/specs/console/smooth-operation.spec.ts:189:7 › Smooth Operation - User Experience › Focus states should be visible and smooth (776ms)
  ✓   22 [chromium-desktop] › tests/specs/console/smooth-operation.spec.ts:222:7 › Smooth Operation - User Experience › No jank during form interactions (684ms)
=== Performance Report ===

Navigation Timing:
  DOM Content Loaded: 42.1000000089407ms
  Load Complete: 51.29999999701977ms
  TTFB: 12.200000002980232ms

Resources:
  Total Requests: 8
  Failed Requests: 0
  Total Size: 86.91 KB
  Images: 0 B
  Scripts: 1.17 KB
  Stylesheets: 0 B
  Fonts: 85.44 KB

Memory Usage:
  Used: 964.52 KB
  Total: 1.76 MB
  Limit: 4.00 GB

Console Messages:
  Errors: 11
  Warnings: 0
  Total Messages: 11

Network Summary:
  Total Requests: 9
  Failed: 6
  Average Timing: 2.97ms
  ✘   24 [chromium-desktop] › tests/specs/console/smooth-operation.spec.ts:309:7 › Smooth Operation - Mobile › Mobile menu should open smoothly (1.1s)
  ✓   23 [chromium-desktop] › tests/specs/console/smooth-operation.spec.ts:291:7 › Smooth Operation - Mobile › Touch interactions should be smooth on mobile (1.3s)
  ✘   25 [chromium-desktop] › tests/specs/performance/page-performance.spec.ts:15:7 › Page Performance - Next.js App › Home page should load quickly and efficiently (688ms)
(node:29084) Warning: The 'NO_COLOR' env is ignored due to the 'FORCE_COLOR' env being set.
(Use `node --trace-warnings ...` to show where the warning was created)
  ✘   21 [chromium-desktop] › tests/specs/console/smooth-operation.spec.ts:252:7 › Smooth Operation - User Experience › Rapid clicking should not cause issues (1.7s)
(node:29094) Warning: The 'NO_COLOR' env is ignored due to the 'FORCE_COLOR' env being set.
(Use `node --trace-warnings ...` to show where the warning was created)
(node:29095) Warning: The 'NO_COLOR' env is ignored due to the 'FORCE_COLOR' env being set.
(Use `node --trace-warnings ...` to show where the warning was created)
(node:29084) Warning: The 'NO_COLOR' env is ignored due to the 'FORCE_COLOR' env being set.
(Use `node --trace-warnings ...` to show where the warning was created)
(node:29094) Warning: The 'NO_COLOR' env is ignored due to the 'FORCE_COLOR' env being set.
(Use `node --trace-warnings ...` to show where the warning was created)
(node:29095) Warning: The 'NO_COLOR' env is ignored due to the 'FORCE_COLOR' env being set.
(Use `node --trace-warnings ...` to show where the warning was created)
=== Performance Report ===

Navigation Timing:
  DOM Content Loaded: 63.400000005960464ms
  Load Complete: 78ms
  TTFB: 18.899999991059303ms

Resources:
  Total Requests: 8
  Failed Requests: 0
  Total Size: 86.91 KB
  Images: 0 B
  Scripts: 1.17 KB
  Stylesheets: 0 B
  Fonts: 85.44 KB

Memory Usage:
  Used: 965.28 KB
  Total: 1.76 MB
  Limit: 4.00 GB

Console Messages:
  Errors: 11
  Warnings: 0
  Total Messages: 11

Network Summary:
  Total Requests: 9
  Failed: 6
  Average Timing: 5.50ms
=== Performance Report ===

Navigation Timing:
  DOM Content Loaded: 40.79999999701977ms
  Load Complete: 56.6000000089407ms
  TTFB: 13.099999994039536ms

Resources:
  Total Requests: 8
  Failed Requests: 0
  Total Size: 86.91 KB
  Images: 0 B
  Scripts: 1.17 KB
  Stylesheets: 0 B
  Fonts: 85.44 KB

Memory Usage:
  Used: 965.68 KB
  Total: 1.76 MB
  Limit: 4.00 GB

Console Messages:
  Errors: 11
  Warnings: 0
  Total Messages: 11

Network Summary:
  Total Requests: 9
  Failed: 6
  Average Timing: 2.67ms
  ✘   27 [chromium-desktop] › tests/specs/performance/page-performance.spec.ts:48:7 › Page Performance - Next.js App › Services page should load quickly (749ms)
  ✘   28 [chromium-desktop] › tests/specs/performance/page-performance.spec.ts:109:7 › Page Performance - Next.js App › Calendar page should be interactive quickly (728ms)
(node:29134) Warning: The 'NO_COLOR' env is ignored due to the 'FORCE_COLOR' env being set.
(Use `node --trace-warnings ...` to show where the warning was created)
(node:29139) Warning: The 'NO_COLOR' env is ignored due to the 'FORCE_COLOR' env being set.
(Use `node --trace-warnings ...` to show where the warning was created)
(node:29134) Warning: The 'NO_COLOR' env is ignored due to the 'FORCE_COLOR' env being set.
(Use `node --trace-warnings ...` to show where the warning was created)
(node:29139) Warning: The 'NO_COLOR' env is ignored due to the 'FORCE_COLOR' env being set.
(Use `node --trace-warnings ...` to show where the warning was created)
Memory usage: 0.94MB
Total API requests: 0
  ✓   31 [chromium-desktop] › tests/specs/performance/page-performance.spec.ts:208:7 › Page Performance - Next.js App › API endpoints should respond quickly (700ms)
Services transition: 618ms
Portfolio transition: 714ms
=== Performance Report ===

Navigation Timing:
  DOM Content Loaded: 34.6000000089407ms
  Load Complete: 40.1000000089407ms
  TTFB: 11.5ms

Resources:
  Total Requests: 10
  Failed Requests: 0
  Total Size: 180.03 KB
  Images: 93.71 KB
  Scripts: 1.17 KB
  Stylesheets: 0 B
  Fonts: 84.86 KB

Memory Usage:
  Used: 3.07 MB
  Total: 4.62 MB
  Limit: 4.00 GB

Console Messages:
  Errors: 33
  Warnings: 0
  Total Messages: 33

Network Summary:
  Total Requests: 29
  Failed: 18
  Average Timing: 10.62ms
=== Performance Report ===

Navigation Timing:
  DOM Content Loaded: 77.1000000089407ms
  Load Complete: 101.90000000596046ms
  TTFB: 25.80000001192093ms

Resources:
  Total Requests: 10
  Failed Requests: 0
  Total Size: 180.62 KB
  Images: 93.71 KB
  Scripts: 1.17 KB
  Stylesheets: 0 B
  Fonts: 85.44 KB

Memory Usage:
  Used: 967.12 KB
  Total: 1.76 MB
  Limit: 4.00 GB

Console Messages:
  Errors: 11
  Warnings: 0
  Total Messages: 11

Network Summary:
  Total Requests: 11
  Failed: 6
  Average Timing: 23.58ms
  ✓   29 [chromium-desktop] › tests/specs/performance/page-performance.spec.ts:131:7 › Page Performance - Next.js App › Page transitions should be smooth and fast (2.0s)
(node:29177) Warning: The 'NO_COLOR' env is ignored due to the 'FORCE_COLOR' env being set.
(Use `node --trace-warnings ...` to show where the warning was created)
Memory usage: 1.38MB
  ✘   26 [chromium-desktop] › tests/specs/performance/page-performance.spec.ts:69:7 › Page Performance - Next.js App › Portfolio page should load images efficiently (2.9s)
(node:29177) Warning: The 'NO_COLOR' env is ignored due to the 'FORCE_COLOR' env being set.
(Use `node --trace-warnings ...` to show where the warning was created)
(node:29185) Warning: The 'NO_COLOR' env is ignored due to the 'FORCE_COLOR' env being set.
(Use `node --trace-warnings ...` to show where the warning was created)
Mobile Performance: === Performance Report ===

Navigation Timing:
  DOM Content Loaded: 33.900000005960464ms
  Load Complete: 39.29999999701977ms
  TTFB: 11.600000008940697ms

Resources:
  Total Requests: 10
  Failed Requests: 0
  Total Size: 139.10 KB
  Images: 52.20 KB
  Scripts: 1.17 KB
  Stylesheets: 0 B
  Fonts: 85.44 KB

Memory Usage:
  Used: 968.03 KB
  Total: 2.01 MB
  Limit: 4.00 GB

Console Messages:
  Errors: 0
  Warnings: 0
  Total Messages: 0

Network Summary:
  Total Requests: 11
  Failed: 6
  Average Timing: 20.03ms
  ✓   32 [chromium-desktop] › tests/specs/performance/page-performance.spec.ts:237:7 › Performance - Mobile › Home page should perform well on mobile (773ms)
(node:29185) Warning: The 'NO_COLOR' env is ignored due to the 'FORCE_COLOR' env being set.
(Use `node --trace-warnings ...` to show where the warning was created)
(node:29198) Warning: The 'NO_COLOR' env is ignored due to the 'FORCE_COLOR' env being set.
(Use `node --trace-warnings ...` to show where the warning was created)
Memory usage: 1.80MB
(node:29198) Warning: The 'NO_COLOR' env is ignored due to the 'FORCE_COLOR' env being set.
(Use `node --trace-warnings ...` to show where the warning was created)
Memory usage: 2.22MB
Memory usage: 2.63MB
Total console messages: 11
[error] Refused to apply style from 'http://localhost:3000/_next/static/css/app/layout.css?v=1761080087341' because its MIME type ('text/html') is not a supported stylesheet MIME type, and strict MIME checking is enabled.
[error] Failed to load resource: the server responded with a status of 404 (Not Found)
[error] Refused to execute script from 'http://localhost:3000/_next/static/chunks/webpack.js?v=1761080087341' because its MIME type ('text/html') is not executable, and strict MIME type checking is enabled.
[error] Failed to load resource: the server responded with a status of 404 (Not Found)
[error] Refused to execute script from 'http://localhost:3000/_next/static/chunks/main-app.js?v=1761080087341' because its MIME type ('text/html') is not executable, and strict MIME type checking is enabled.
[error] Failed to load resource: the server responded with a status of 404 (Not Found)
[error] Refused to execute script from 'http://localhost:3000/_next/static/chunks/app/page.js' because its MIME type ('text/html') is not executable, and strict MIME type checking is enabled.
[error] Failed to load resource: the server responded with a status of 404 (Not Found)
[error] Refused to execute script from 'http://localhost:3000/_next/static/chunks/app-pages-internals.js' because its MIME type ('text/html') is not executable, and strict MIME type checking is enabled.
[error] Failed to load resource: the server responded with a status of 404 (Not Found)
[error] Refused to execute script from 'http://localhost:3000/_next/static/chunks/app/layout.js' because its MIME type ('text/html') is not executable, and strict MIME type checking is enabled.
Console messages on Services: 11
  ✘   33 [chromium-mobile] › tests/specs/console/console-monitoring.spec.ts:12:7 › Console Log Monitoring - Next.js App › Home page should have no console errors (1.9s)
Memory usage: 3.05MB
  ✘   34 [chromium-mobile] › tests/specs/console/console-monitoring.spec.ts:37:7 › Console Log Monitoring - Next.js App › Services page should have no console errors (1.8s)
(node:29238) Warning: The 'NO_COLOR' env is ignored due to the 'FORCE_COLOR' env being set.
(Use `node --trace-warnings ...` to show where the warning was created)
(node:29246) Warning: The 'NO_COLOR' env is ignored due to the 'FORCE_COLOR' env being set.
(Use `node --trace-warnings ...` to show where the warning was created)
(node:29238) Warning: The 'NO_COLOR' env is ignored due to the 'FORCE_COLOR' env being set.
(Use `node --trace-warnings ...` to show where the warning was created)
(node:29246) Warning: The 'NO_COLOR' env is ignored due to the 'FORCE_COLOR' env being set.
(Use `node --trace-warnings ...` to show where the warning was created)
Console messages on Portfolio: 11
Memory usage: 3.46MB
  ✘   35 [chromium-mobile] › tests/specs/console/console-monitoring.spec.ts:54:7 › Console Log Monitoring - Next.js App › Portfolio page should have no console errors (2.0s)
(node:29264) Warning: The 'NO_COLOR' env is ignored due to the 'FORCE_COLOR' env being set.
(Use `node --trace-warnings ...` to show where the warning was created)
(node:29264) Warning: The 'NO_COLOR' env is ignored due to the 'FORCE_COLOR' env being set.
(Use `node --trace-warnings ...` to show where the warning was created)
Memory usage: 0.66MB
Memory growth: -0.29MB (-30.42%)
  ✓   30 [chromium-desktop] › tests/specs/performance/page-performance.spec.ts:167:7 › Page Performance - Next.js App › No memory leaks during navigation (4.8s)
(node:29284) Warning: The 'NO_COLOR' env is ignored due to the 'FORCE_COLOR' env being set.
(Use `node --trace-warnings ...` to show where the warning was created)
(node:29284) Warning: The 'NO_COLOR' env is ignored due to the 'FORCE_COLOR' env being set.
(Use `node --trace-warnings ...` to show where the warning was created)
Console messages on Calendar: 11
  ✓   38 [chromium-mobile] › tests/specs/console/console-monitoring.spec.ts:131:7 › Console Log Monitoring - Next.js App › No console warnings on critical pages (856ms)
  ✘   36 [chromium-mobile] › tests/specs/console/console-monitoring.spec.ts:71:7 › Console Log Monitoring - Next.js App › Calendar page should have no console errors (1.9s)
(node:29307) Warning: The 'NO_COLOR' env is ignored due to the 'FORCE_COLOR' env being set.
(Use `node --trace-warnings ...` to show where the warning was created)
  ✓   39 [chromium-mobile] › tests/specs/console/console-monitoring.spec.ts:147:7 › Console Log Monitoring - Next.js App › Next.js should not log hydration errors (875ms)
(node:29307) Warning: The 'NO_COLOR' env is ignored due to the 'FORCE_COLOR' env being set.
(Use `node --trace-warnings ...` to show where the warning was created)
Debug logs found: 0
React-related messages: 0
  ✓   41 [chromium-mobile] › tests/specs/console/console-monitoring.spec.ts:237:7 › Console Log Monitoring - Next.js App › Check for unnecessary console.log statements in production (795ms)
Total console messages during navigation: 55
Messages by type: { errors: [33m55[39m, warnings: [33m0[39m, logs: [33m0[39m, info: [33m0[39m }
  ✓   40 [chromium-mobile] › tests/specs/console/console-monitoring.spec.ts:172:7 › Console Log Monitoring - Next.js App › Check for React warnings and errors (1.5s)
  ✘   37 [chromium-mobile] › tests/specs/console/console-monitoring.spec.ts:88:7 › Console Log Monitoring - Next.js App › No console errors during full navigation flow (3.2s)
(node:29347) Warning: The 'NO_COLOR' env is ignored due to the 'FORCE_COLOR' env being set.
(Use `node --trace-warnings ...` to show where the warning was created)
(node:29347) Warning: The 'NO_COLOR' env is ignored due to the 'FORCE_COLOR' env being set.
(Use `node --trace-warnings ...` to show where the warning was created)
Errors on 404 page: 10
  ✘   43 [chromium-mobile] › tests/specs/console/console-monitoring.spec.ts:265:7 › Console Monitoring - Error Recovery › Should handle navigation errors gracefully (731ms)
Image-related errors: 0
(node:29360) Warning: The 'NO_COLOR' env is ignored due to the 'FORCE_COLOR' env being set.
(Use `node --trace-warnings ...` to show where the warning was created)
  ✓   44 [chromium-mobile] › tests/specs/console/console-monitoring.spec.ts:287:7 › Console Monitoring - Error Recovery › Should not log errors when images fail to load (807ms)
(node:29360) Warning: The 'NO_COLOR' env is ignored due to the 'FORCE_COLOR' env being set.
(Use `node --trace-warnings ...` to show where the warning was created)
New messages after interaction: 0
  ✓   42 [chromium-mobile] › tests/specs/console/console-monitoring.spec.ts:206:7 › Console Log Monitoring - Next.js App › Monitor console logs during user interactions (2.0s)
  ✓   48 [chromium-mobile] › tests/specs/console/smooth-operation.spec.ts:107:7 › Smooth Operation - User Experience › Page should remain interactive during loading (799ms)
  ✓   49 [chromium-mobile] › tests/specs/console/smooth-operation.spec.ts:122:7 › Smooth Operation - User Experience › No flickering or flash of unstyled content (202ms)
Has loading indicators: false
  ✓   45 [chromium-mobile] › tests/specs/console/smooth-operation.spec.ts:7:7 › Smooth Operation - User Experience › Scrolling should be smooth without layout shifts (2.4s)
  ✘   50 [chromium-mobile] › tests/specs/console/smooth-operation.spec.ts:139:7 › Smooth Operation - User Experience › Loading states should be smooth (730ms)
(node:29418) Warning: The 'NO_COLOR' env is ignored due to the 'FORCE_COLOR' env being set.
(Use `node --trace-warnings ...` to show where the warning was created)
(node:29418) Warning: The 'NO_COLOR' env is ignored due to the 'FORCE_COLOR' env being set.
(Use `node --trace-warnings ...` to show where the warning was created)
Average FPS: 61
  ✓   46 [chromium-mobile] › tests/specs/console/smooth-operation.spec.ts:72:7 › Smooth Operation - User Experience › Animations should be smooth (60fps) (2.9s)
Has hover effects: true
  ✓   51 [chromium-mobile] › tests/specs/console/smooth-operation.spec.ts:162:7 › Smooth Operation - User Experience › Hover states should respond immediately (864ms)
Layout shifts detected: 0
Total CLS: 0
  ✓   47 [chromium-mobile] › tests/specs/console/smooth-operation.spec.ts:37:7 › Smooth Operation - User Experience › Images should load without causing layout shifts (3.1s)
Focused element: { tagName: [32m'A'[39m, hasOutline: [33mtrue[39m, hasFocusVisible: [33mtrue[39m }
  ✓   52 [chromium-mobile] › tests/specs/console/smooth-operation.spec.ts:189:7 › Smooth Operation - User Experience › Focus states should be visible and smooth (838ms)
  ✓   53 [chromium-mobile] › tests/specs/console/smooth-operation.spec.ts:222:7 › Smooth Operation - User Experience › No jank during form interactions (735ms)
=== Performance Report ===

Navigation Timing:
  DOM Content Loaded: 46.8999999910593ms
  Load Complete: 47ms
  TTFB: 14.200000002980232ms

Resources:
  Total Requests: 10
  Failed Requests: 0
  Total Size: 139.10 KB
  Images: 52.20 KB
  Scripts: 1.17 KB
  Stylesheets: 0 B
  Fonts: 85.44 KB

Memory Usage:
  Used: 1.04 MB
  Total: 1.76 MB
  Limit: 4.00 GB

Console Messages:
  Errors: 11
  Warnings: 0
  Total Messages: 11

Network Summary:
  Total Requests: 11
  Failed: 6
  Average Timing: 17.42ms
  ✘   57 [chromium-mobile] › tests/specs/performance/page-performance.spec.ts:15:7 › Page Performance - Next.js App › Home page should load quickly and efficiently (818ms)
(node:29476) Warning: The 'NO_COLOR' env is ignored due to the 'FORCE_COLOR' env being set.
(Use `node --trace-warnings ...` to show where the warning was created)
  ✓   55 [chromium-mobile] › tests/specs/console/smooth-operation.spec.ts:291:7 › Smooth Operation - Mobile › Touch interactions should be smooth on mobile (1.6s)
  ✘   56 [chromium-mobile] › tests/specs/console/smooth-operation.spec.ts:309:7 › Smooth Operation - Mobile › Mobile menu should open smoothly (1.5s)
  ✘   54 [chromium-mobile] › tests/specs/console/smooth-operation.spec.ts:252:7 › Smooth Operation - User Experience › Rapid clicking should not cause issues (2.0s)
(node:29486) Warning: The 'NO_COLOR' env is ignored due to the 'FORCE_COLOR' env being set.
(Use `node --trace-warnings ...` to show where the warning was created)
(node:29487) Warning: The 'NO_COLOR' env is ignored due to the 'FORCE_COLOR' env being set.
(Use `node --trace-warnings ...` to show where the warning was created)
(node:29476) Warning: The 'NO_COLOR' env is ignored due to the 'FORCE_COLOR' env being set.
(Use `node --trace-warnings ...` to show where the warning was created)
(node:29486) Warning: The 'NO_COLOR' env is ignored due to the 'FORCE_COLOR' env being set.
(Use `node --trace-warnings ...` to show where the warning was created)
(node:29487) Warning: The 'NO_COLOR' env is ignored due to the 'FORCE_COLOR' env being set.
(Use `node --trace-warnings ...` to show where the warning was created)
=== Performance Report ===

Navigation Timing:
  DOM Content Loaded: 79.59999999403954ms
  Load Complete: 79.79999999701977ms
  TTFB: 28.400000005960464ms

Resources:
  Total Requests: 8
  Failed Requests: 0
  Total Size: 86.91 KB
  Images: 0 B
  Scripts: 1.17 KB
  Stylesheets: 0 B
  Fonts: 85.44 KB

Memory Usage:
  Used: 1.04 MB
  Total: 2.01 MB
  Limit: 4.00 GB

Console Messages:
  Errors: 11
  Warnings: 0
  Total Messages: 11

Network Summary:
  Total Requests: 9
  Failed: 6
  Average Timing: 6.63ms
  ✘   59 [chromium-mobile] › tests/specs/performance/page-performance.spec.ts:48:7 › Page Performance - Next.js App › Services page should load quickly (832ms)
(node:29531) Warning: The 'NO_COLOR' env is ignored due to the 'FORCE_COLOR' env being set.
(Use `node --trace-warnings ...` to show where the warning was created)
=== Performance Report ===

Navigation Timing:
  DOM Content Loaded: 65.59999999403954ms
  Load Complete: 139.3999999910593ms
  TTFB: 14ms

Resources:
  Total Requests: 8
  Failed Requests: 0
  Total Size: 86.91 KB
  Images: 0 B
  Scripts: 1.17 KB
  Stylesheets: 0 B
  Fonts: 85.44 KB

Memory Usage:
  Used: 1.04 MB
  Total: 2.01 MB
  Limit: 4.00 GB

Console Messages:
  Errors: 11
  Warnings: 0
  Total Messages: 11

Network Summary:
  Total Requests: 9
  Failed: 6
  Average Timing: 5.23ms
(node:29531) Warning: The 'NO_COLOR' env is ignored due to the 'FORCE_COLOR' env being set.
(Use `node --trace-warnings ...` to show where the warning was created)
  ✘   60 [chromium-mobile] › tests/specs/performance/page-performance.spec.ts:109:7 › Page Performance - Next.js App › Calendar page should be interactive quickly (920ms)
(node:29540) Warning: The 'NO_COLOR' env is ignored due to the 'FORCE_COLOR' env being set.
(Use `node --trace-warnings ...` to show where the warning was created)
(node:29540) Warning: The 'NO_COLOR' env is ignored due to the 'FORCE_COLOR' env being set.
(Use `node --trace-warnings ...` to show where the warning was created)
Memory usage: 1.04MB
=== Performance Report ===

Navigation Timing:
  DOM Content Loaded: 87.29999999701977ms
  Load Complete: 111.8999999910593ms
  TTFB: 29.700000002980232ms

Resources:
  Total Requests: 10
  Failed Requests: 0
  Total Size: 180.62 KB
  Images: 93.71 KB
  Scripts: 1.17 KB
  Stylesheets: 0 B
  Fonts: 85.44 KB

Memory Usage:
  Used: 1.05 MB
  Total: 2.01 MB
  Limit: 4.00 GB

Console Messages:
  Errors: 11
  Warnings: 0
  Total Messages: 11

Network Summary:
  Total Requests: 11
  Failed: 6
  Average Timing: 22.51ms
Services transition: 623ms
Portfolio transition: 637ms
=== Performance Report ===

Navigation Timing:
  DOM Content Loaded: 51.69999998807907ms
  Load Complete: 64.79999999701977ms
  TTFB: 16.700000002980232ms

Resources:
  Total Requests: 10
  Failed Requests: 0
  Total Size: 180.03 KB
  Images: 93.71 KB
  Scripts: 1.17 KB
  Stylesheets: 0 B
  Fonts: 84.86 KB

Memory Usage:
  Used: 3.18 MB
  Total: 4.62 MB
  Limit: 4.00 GB

Console Messages:
  Errors: 33
  Warnings: 0
  Total Messages: 33

Network Summary:
  Total Requests: 31
  Failed: 18
  Average Timing: 13.17ms
Total API requests: 0
Memory usage: 1.49MB
  ✓   61 [chromium-mobile] › tests/specs/performance/page-performance.spec.ts:131:7 › Page Performance - Next.js App › Page transitions should be smooth and fast (2.4s)
  ✘   58 [chromium-mobile] › tests/specs/performance/page-performance.spec.ts:69:7 › Page Performance - Next.js App › Portfolio page should load images efficiently (3.2s)
  ✓   63 [chromium-mobile] › tests/specs/performance/page-performance.spec.ts:208:7 › Page Performance - Next.js App › API endpoints should respond quickly (1.0s)
(node:29584) Warning: The 'NO_COLOR' env is ignored due to the 'FORCE_COLOR' env being set.
(Use `node --trace-warnings ...` to show where the warning was created)
(node:29585) Warning: The 'NO_COLOR' env is ignored due to the 'FORCE_COLOR' env being set.
(Use `node --trace-warnings ...` to show where the warning was created)
(node:29584) Warning: The 'NO_COLOR' env is ignored due to the 'FORCE_COLOR' env being set.
(Use `node --trace-warnings ...` to show where the warning was created)
(node:29585) Warning: The 'NO_COLOR' env is ignored due to the 'FORCE_COLOR' env being set.
(Use `node --trace-warnings ...` to show where the warning was created)
Memory usage: 1.92MB
Mobile Performance: === Performance Report ===

Navigation Timing:
  DOM Content Loaded: 48.5ms
  Load Complete: 54.400000005960464ms
  TTFB: 12.399999991059303ms

Resources:
  Total Requests: 10
  Failed Requests: 0
  Total Size: 139.10 KB
  Images: 52.20 KB
  Scripts: 1.17 KB
  Stylesheets: 0 B
  Fonts: 85.44 KB

Memory Usage:
  Used: 1.04 MB
  Total: 2.02 MB
  Limit: 4.00 GB

Console Messages:
  Errors: 0
  Warnings: 0
  Total Messages: 0

Network Summary:
  Total Requests: 11
  Failed: 6
  Average Timing: 18.32ms
  ✓   64 [chromium-mobile] › tests/specs/performance/page-performance.spec.ts:237:7 › Performance - Mobile › Home page should perform well on mobile (821ms)
(node:29596) Warning: The 'NO_COLOR' env is ignored due to the 'FORCE_COLOR' env being set.
(Use `node --trace-warnings ...` to show where the warning was created)
Memory usage: 2.34MB
(node:29596) Warning: The 'NO_COLOR' env is ignored due to the 'FORCE_COLOR' env being set.
(Use `node --trace-warnings ...` to show where the warning was created)
Memory usage: 2.76MB
Memory usage: 3.18MB
Memory usage: 3.60MB
Memory usage: 0.73MB
Memory growth: -0.31MB (-29.66%)
  ✓   62 [chromium-mobile] › tests/specs/performance/page-performance.spec.ts:167:7 › Page Performance - Next.js App › No memory leaks during navigation (4.9s)
(node:29675) Warning: The 'NO_COLOR' env is ignored due to the 'FORCE_COLOR' env being set.
(Use `node --trace-warnings ...` to show where the warning was created)
Total console messages: 12
[error] [JavaScript Error: "The resource from “http://localhost:3000/_next/static/chunks/app-pages-internals.js” was blocked due to MIME type (“text/html”) mismatch (X-Content-Type-Options: nosniff)." {file: "http://localhost:3000/" line: 0}]
[error] [JavaScript Error: "The resource from “http://localhost:3000/_next/static/chunks/main-app.js?v=1761080104098” was blocked due to MIME type (“text/html”) mismatch (X-Content-Type-Options: nosniff)." {file: "http://localhost:3000/" line: 0}]
[error] [JavaScript Error: "The resource from “http://localhost:3000/_next/static/chunks/webpack.js?v=1761080104098” was blocked due to MIME type (“text/html”) mismatch (X-Content-Type-Options: nosniff)." {file: "http://localhost:3000/" line: 0}]
[error] [JavaScript Error: "The resource from “http://localhost:3000/_next/static/css/app/layout.css?v=1761080104098” was blocked due to MIME type (“text/html”) mismatch (X-Content-Type-Options: nosniff)." {file: "http://localhost:3000/" line: 0}]
[warning] [JavaScript Warning: "Loading failed for the <script> with source “http://localhost:3000/_next/static/chunks/app-pages-internals.js”." {file: "http://localhost:3000/" line: 1}]
[warning] [JavaScript Warning: "Loading failed for the <script> with source “http://localhost:3000/_next/static/chunks/main-app.js?v=1761080104098”." {file: "http://localhost:3000/" line: 1}]
[warning] [JavaScript Warning: "Loading failed for the <script> with source “http://localhost:3000/_next/static/chunks/webpack.js?v=1761080104098”." {file: "http://localhost:3000/" line: 1}]
[warning] [JavaScript Warning: "Found a sectioned h1 element with no specified font-size or margin properties. More information: https://developer.mozilla.org/docs/Web/HTML/Element/Heading_Elements#specifying_a_uniform_font_size_for_h1" {file: "http://localhost:3000/" line: 0}]
[error] [JavaScript Error: "The resource from “http://localhost:3000/_next/static/chunks/app/page.js” was blocked due to MIME type (“text/html”) mismatch (X-Content-Type-Options: nosniff)." {file: "http://localhost:3000/" line: 0}]
[error] [JavaScript Error: "The resource from “http://localhost:3000/_next/static/chunks/app/layout.js” was blocked due to MIME type (“text/html”) mismatch (X-Content-Type-Options: nosniff)." {file: "http://localhost:3000/" line: 0}]
[warning] [JavaScript Warning: "Loading failed for the <script> with source “http://localhost:3000/_next/static/chunks/app/page.js”." {file: "http://localhost:3000/" line: 1}]
[warning] [JavaScript Warning: "Loading failed for the <script> with source “http://localhost:3000/_next/static/chunks/app/layout.js”." {file: "http://localhost:3000/" line: 1}]
(node:29675) Warning: The 'NO_COLOR' env is ignored due to the 'FORCE_COLOR' env being set.
(Use `node --trace-warnings ...` to show where the warning was created)
  ✘   65 [firefox] › tests/specs/console/console-monitoring.spec.ts:12:7 › Console Log Monitoring - Next.js App › Home page should have no console errors (2.6s)
Console messages on Services: 12
(node:29684) Warning: The 'NO_COLOR' env is ignored due to the 'FORCE_COLOR' env being set.
(Use `node --trace-warnings ...` to show where the warning was created)
(node:29684) Warning: The 'NO_COLOR' env is ignored due to the 'FORCE_COLOR' env being set.
(Use `node --trace-warnings ...` to show where the warning was created)
  ✘   66 [firefox] › tests/specs/console/console-monitoring.spec.ts:37:7 › Console Log Monitoring - Next.js App › Services page should have no console errors (2.6s)
Console messages on Portfolio: 14
(node:29695) Warning: The 'NO_COLOR' env is ignored due to the 'FORCE_COLOR' env being set.
(Use `node --trace-warnings ...` to show where the warning was created)
(node:29695) Warning: The 'NO_COLOR' env is ignored due to the 'FORCE_COLOR' env being set.
(Use `node --trace-warnings ...` to show where the warning was created)
  ✘   67 [firefox] › tests/specs/console/console-monitoring.spec.ts:54:7 › Console Log Monitoring - Next.js App › Portfolio page should have no console errors (2.8s)
(node:29715) Warning: The 'NO_COLOR' env is ignored due to the 'FORCE_COLOR' env being set.
(Use `node --trace-warnings ...` to show where the warning was created)
(node:29715) Warning: The 'NO_COLOR' env is ignored due to the 'FORCE_COLOR' env being set.
(Use `node --trace-warnings ...` to show where the warning was created)
Console messages on Calendar: 11
  ✘   68 [firefox] › tests/specs/console/console-monitoring.spec.ts:71:7 › Console Log Monitoring - Next.js App › Calendar page should have no console errors (2.6s)
(node:29772) Warning: The 'NO_COLOR' env is ignored due to the 'FORCE_COLOR' env being set.
(Use `node --trace-warnings ...` to show where the warning was created)
(node:29772) Warning: The 'NO_COLOR' env is ignored due to the 'FORCE_COLOR' env being set.
(Use `node --trace-warnings ...` to show where the warning was created)
  ✘   70 [firefox] › tests/specs/console/console-monitoring.spec.ts:131:7 › Console Log Monitoring - Next.js App › No console warnings on critical pages (1.6s)
(node:29781) Warning: The 'NO_COLOR' env is ignored due to the 'FORCE_COLOR' env being set.
(Use `node --trace-warnings ...` to show where the warning was created)
(node:29781) Warning: The 'NO_COLOR' env is ignored due to the 'FORCE_COLOR' env being set.
(Use `node --trace-warnings ...` to show where the warning was created)
  ✘   71 [firefox] › tests/specs/console/console-monitoring.spec.ts:147:7 › Console Log Monitoring - Next.js App › Next.js should not log hydration errors (1.5s)
(node:29799) Warning: The 'NO_COLOR' env is ignored due to the 'FORCE_COLOR' env being set.
(Use `node --trace-warnings ...` to show where the warning was created)
(node:29799) Warning: The 'NO_COLOR' env is ignored due to the 'FORCE_COLOR' env being set.
(Use `node --trace-warnings ...` to show where the warning was created)
Total console messages during navigation: 61
Messages by type: { errors: [33m30[39m, warnings: [33m29[39m, logs: [33m0[39m, info: [33m2[39m }
  ✘   69 [firefox] › tests/specs/console/console-monitoring.spec.ts:88:7 › Console Log Monitoring - Next.js App › No console errors during full navigation flow (4.2s)
(node:29844) Warning: The 'NO_COLOR' env is ignored due to the 'FORCE_COLOR' env being set.
(Use `node --trace-warnings ...` to show where the warning was created)
(node:29844) Warning: The 'NO_COLOR' env is ignored due to the 'FORCE_COLOR' env being set.
(Use `node --trace-warnings ...` to show where the warning was created)
React-related messages: 0
  ✓   72 [firefox] › tests/specs/console/console-monitoring.spec.ts:172:7 › Console Log Monitoring - Next.js App › Check for React warnings and errors (2.2s)
Debug logs found: 0
  ✓   74 [firefox] › tests/specs/console/console-monitoring.spec.ts:237:7 › Console Log Monitoring - Next.js App › Check for unnecessary console.log statements in production (1.6s)
Image-related errors: 0
  ✓   76 [firefox] › tests/specs/console/console-monitoring.spec.ts:287:7 › Console Monitoring - Error Recovery › Should not log errors when images fail to load (794ms)
New messages after interaction: 0
  ✓   73 [firefox] › tests/specs/console/console-monitoring.spec.ts:206:7 › Console Log Monitoring - Next.js App › Monitor console logs during user interactions (2.8s)
Errors on 404 page: 5
  ✘   75 [firefox] › tests/specs/console/console-monitoring.spec.ts:265:7 › Console Monitoring - Error Recovery › Should handle navigation errors gracefully (1.4s)
(node:29902) Warning: The 'NO_COLOR' env is ignored due to the 'FORCE_COLOR' env being set.
(Use `node --trace-warnings ...` to show where the warning was created)
(node:29902) Warning: The 'NO_COLOR' env is ignored due to the 'FORCE_COLOR' env being set.
(Use `node --trace-warnings ...` to show where the warning was created)
  ✓   77 [firefox] › tests/specs/console/smooth-operation.spec.ts:7:7 › Smooth Operation - User Experience › Scrolling should be smooth without layout shifts (2.3s)
  ✓   81 [firefox] › tests/specs/console/smooth-operation.spec.ts:122:7 › Smooth Operation - User Experience › No flickering or flash of unstyled content (295ms)
Has loading indicators: false
Layout shifts detected: 0
Total CLS: 0
Average FPS: 120.5
  ✓   78 [firefox] › tests/specs/console/smooth-operation.spec.ts:37:7 › Smooth Operation - User Experience › Images should load without causing layout shifts (3.0s)
  ✓   79 [firefox] › tests/specs/console/smooth-operation.spec.ts:72:7 › Smooth Operation - User Experience › Animations should be smooth (60fps) (2.9s)
  ✘   82 [firefox] › tests/specs/console/smooth-operation.spec.ts:139:7 › Smooth Operation - User Experience › Loading states should be smooth (828ms)
(node:29956) Warning: The 'NO_COLOR' env is ignored due to the 'FORCE_COLOR' env being set.
(Use `node --trace-warnings ...` to show where the warning was created)
  ✓   80 [firefox] › tests/specs/console/smooth-operation.spec.ts:107:7 › Smooth Operation - User Experience › Page should remain interactive during loading (1.3s)
(node:29956) Warning: The 'NO_COLOR' env is ignored due to the 'FORCE_COLOR' env being set.
(Use `node --trace-warnings ...` to show where the warning was created)
Has hover effects: true
  ✓   83 [firefox] › tests/specs/console/smooth-operation.spec.ts:162:7 › Smooth Operation - User Experience › Hover states should respond immediately (900ms)
Focused element: { tagName: [32m'A'[39m, hasOutline: [33mtrue[39m, hasFocusVisible: [33mtrue[39m }
  ✓   84 [firefox] › tests/specs/console/smooth-operation.spec.ts:189:7 › Smooth Operation - User Experience › Focus states should be visible and smooth (966ms)
  ✘   87 [firefox] › tests/specs/console/smooth-operation.spec.ts:291:7 › Smooth Operation - Mobile › Touch interactions should be smooth on mobile (1ms)
  ✘   88 [firefox] › tests/specs/console/smooth-operation.spec.ts:309:7 › Smooth Operation - Mobile › Mobile menu should open smoothly (2ms)
(node:29973) Warning: The 'NO_COLOR' env is ignored due to the 'FORCE_COLOR' env being set.
(Use `node --trace-warnings ...` to show where the warning was created)
(node:29974) Warning: The 'NO_COLOR' env is ignored due to the 'FORCE_COLOR' env being set.
(Use `node --trace-warnings ...` to show where the warning was created)
(node:29973) Warning: The 'NO_COLOR' env is ignored due to the 'FORCE_COLOR' env being set.
(Use `node --trace-warnings ...` to show where the warning was created)
(node:29974) Warning: The 'NO_COLOR' env is ignored due to the 'FORCE_COLOR' env being set.
(Use `node --trace-warnings ...` to show where the warning was created)
  ✘   85 [firefox] › tests/specs/console/smooth-operation.spec.ts:252:7 › Smooth Operation - User Experience › Rapid clicking should not cause issues (1.9s)
  ✓   86 [firefox] › tests/specs/console/smooth-operation.spec.ts:222:7 › Smooth Operation - User Experience › No jank during form interactions (1.4s)
(node:30017) Warning: The 'NO_COLOR' env is ignored due to the 'FORCE_COLOR' env being set.
(Use `node --trace-warnings ...` to show where the warning was created)
(node:30017) Warning: The 'NO_COLOR' env is ignored due to the 'FORCE_COLOR' env being set.
(Use `node --trace-warnings ...` to show where the warning was created)
=== Performance Report ===

Navigation Timing:
  DOM Content Loaded: 92ms
  Load Complete: 99ms
  TTFB: 23ms

Resources:
  Total Requests: 9
  Failed Requests: 0
  Total Size: 87.49 KB
  Images: 0 B
  Scripts: 1.17 KB
  Stylesheets: 0 B
  Fonts: 85.44 KB

Console Messages:
  Errors: 6
  Warnings: 5
  Total Messages: 11

Network Summary:
  Total Requests: 9
  Failed: 6
  Average Timing: 6.43ms
=== Performance Report ===

Navigation Timing:
  DOM Content Loaded: 239ms
  Load Complete: 243ms
  TTFB: 24ms

Resources:
  Total Requests: 9
  Failed Requests: 0
  Total Size: 87.49 KB
  Images: 0 B
  Scripts: 1.17 KB
  Stylesheets: 0 B
  Fonts: 85.44 KB

Console Messages:
  Errors: 6
  Warnings: 6
  Total Messages: 12

Network Summary:
  Total Requests: 9
  Failed: 6
  Average Timing: 24.50ms
  ✘   91 [firefox] › tests/specs/performance/page-performance.spec.ts:109:7 › Page Performance - Next.js App › Calendar page should be interactive quickly (952ms)
=== Performance Report ===

Navigation Timing:
  DOM Content Loaded: 141ms
  Load Complete: 156ms
  TTFB: 12ms

Resources:
  Total Requests: 9
  Failed Requests: 0
  Total Size: 87.49 KB
  Images: 0 B
  Scripts: 1.17 KB
  Stylesheets: 0 B
  Fonts: 85.44 KB

Console Messages:
  Errors: 6
  Warnings: 6
  Total Messages: 12

Network Summary:
  Total Requests: 9
  Failed: 6
  Average Timing: 6.81ms
  ✘   89 [firefox] › tests/specs/performance/page-performance.spec.ts:15:7 › Page Performance - Next.js App › Home page should load quickly and efficiently (1.7s)
(node:30057) Warning: The 'NO_COLOR' env is ignored due to the 'FORCE_COLOR' env being set.
(Use `node --trace-warnings ...` to show where the warning was created)
(node:30060) Warning: The 'NO_COLOR' env is ignored due to the 'FORCE_COLOR' env being set.
(Use `node --trace-warnings ...` to show where the warning was created)
(node:30057) Warning: The 'NO_COLOR' env is ignored due to the 'FORCE_COLOR' env being set.
(Use `node --trace-warnings ...` to show where the warning was created)
(node:30060) Warning: The 'NO_COLOR' env is ignored due to the 'FORCE_COLOR' env being set.
(Use `node --trace-warnings ...` to show where the warning was created)
  ✘   90 [firefox] › tests/specs/performance/page-performance.spec.ts:48:7 › Page Performance - Next.js App › Services page should load quickly (1.7s)
(node:30078) Warning: The 'NO_COLOR' env is ignored due to the 'FORCE_COLOR' env being set.
(Use `node --trace-warnings ...` to show where the warning was created)
(node:30078) Warning: The 'NO_COLOR' env is ignored due to the 'FORCE_COLOR' env being set.
(Use `node --trace-warnings ...` to show where the warning was created)
Total API requests: 0
  ✓   95 [firefox] › tests/specs/performance/page-performance.spec.ts:208:7 › Page Performance - Next.js App › API endpoints should respond quickly (1.6s)
=== Performance Report ===

Navigation Timing:
  DOM Content Loaded: 224ms
  Load Complete: 233ms
  TTFB: 12ms

Resources:
  Total Requests: 11
  Failed Requests: 0
  Total Size: 88.08 KB
  Images: 600.00 B
  Scripts: 1.17 KB
  Stylesheets: 0 B
  Fonts: 85.44 KB

Console Messages:
  Errors: 6
  Warnings: 6
  Total Messages: 14

Network Summary:
  Total Requests: 11
  Failed: 6
  Average Timing: 24.11ms
  ✘   96 [firefox] › tests/specs/performance/page-performance.spec.ts:237:7 › Performance - Mobile › Home page should perform well on mobile (1ms)
(node:30157) Warning: The 'NO_COLOR' env is ignored due to the 'FORCE_COLOR' env being set.
(Use `node --trace-warnings ...` to show where the warning was created)
  ✘   92 [firefox] › tests/specs/performance/page-performance.spec.ts:69:7 › Page Performance - Next.js App › Portfolio page should load images efficiently (3.9s)
Services transition: 698ms
Portfolio transition: 747ms
=== Performance Report ===

Navigation Timing:
  DOM Content Loaded: 77ms
  Load Complete: 78ms
  TTFB: 15ms

Resources:
  Total Requests: 11
  Failed Requests: 0
  Total Size: 87.20 KB
  Images: 600.00 B
  Scripts: 1.17 KB
  Stylesheets: 0 B
  Fonts: 84.86 KB

Console Messages:
  Errors: 18
  Warnings: 18
  Total Messages: 38

Network Summary:
  Total Requests: 29
  Failed: 18
  Average Timing: 10.80ms
(node:30165) Warning: The 'NO_COLOR' env is ignored due to the 'FORCE_COLOR' env being set.
(Use `node --trace-warnings ...` to show where the warning was created)
(node:30157) Warning: The 'NO_COLOR' env is ignored due to the 'FORCE_COLOR' env being set.
(Use `node --trace-warnings ...` to show where the warning was created)
  ✓   93 [firefox] › tests/specs/performance/page-performance.spec.ts:131:7 › Page Performance - Next.js App › Page transitions should be smooth and fast (2.8s)
(node:30165) Warning: The 'NO_COLOR' env is ignored due to the 'FORCE_COLOR' env being set.
(Use `node --trace-warnings ...` to show where the warning was created)
(node:30188) Warning: The 'NO_COLOR' env is ignored due to the 'FORCE_COLOR' env being set.
(Use `node --trace-warnings ...` to show where the warning was created)
(node:30188) Warning: The 'NO_COLOR' env is ignored due to the 'FORCE_COLOR' env being set.
(Use `node --trace-warnings ...` to show where the warning was created)
Total console messages: 11
[error] Failed to load resource: the server responded with a status of 404 (Not Found)
[error] Failed to load resource: the server responded with a status of 404 (Not Found)
[error] Failed to load resource: the server responded with a status of 404 (Not Found)
[error] Failed to load resource: the server responded with a status of 404 (Not Found)
[error] Failed to load resource: the server responded with a status of 404 (Not Found)
[error] Failed to load resource: the server responded with a status of 404 (Not Found)
[error] Refused to execute http://localhost:3000/_next/static/chunks/webpack.js?v=1761080126116 as script because "X-Content-Type-Options: nosniff" was given and its Content-Type is not a script MIME type.
[error] Refused to execute http://localhost:3000/_next/static/chunks/app-pages-internals.js as script because "X-Content-Type-Options: nosniff" was given and its Content-Type is not a script MIME type.
[error] Refused to execute http://localhost:3000/_next/static/chunks/main-app.js?v=1761080126116 as script because "X-Content-Type-Options: nosniff" was given and its Content-Type is not a script MIME type.
[error] Refused to execute http://localhost:3000/_next/static/chunks/app/page.js as script because "X-Content-Type-Options: nosniff" was given and its Content-Type is not a script MIME type.
[error] Refused to execute http://localhost:3000/_next/static/chunks/app/layout.js as script because "X-Content-Type-Options: nosniff" was given and its Content-Type is not a script MIME type.
Console messages on Services: 11
  ✘   97 [webkit] › tests/specs/console/console-monitoring.spec.ts:12:7 › Console Log Monitoring - Next.js App › Home page should have no console errors (2.2s)
  ✘   98 [webkit] › tests/specs/console/console-monitoring.spec.ts:37:7 › Console Log Monitoring - Next.js App › Services page should have no console errors (2.1s)
(node:30246) Warning: The 'NO_COLOR' env is ignored due to the 'FORCE_COLOR' env being set.
(Use `node --trace-warnings ...` to show where the warning was created)
(node:30247) Warning: The 'NO_COLOR' env is ignored due to the 'FORCE_COLOR' env being set.
(Use `node --trace-warnings ...` to show where the warning was created)
(node:30246) Warning: The 'NO_COLOR' env is ignored due to the 'FORCE_COLOR' env being set.
(Use `node --trace-warnings ...` to show where the warning was created)
(node:30247) Warning: The 'NO_COLOR' env is ignored due to the 'FORCE_COLOR' env being set.
(Use `node --trace-warnings ...` to show where the warning was created)
Console messages on Portfolio: 11
  ✘   99 [webkit] › tests/specs/console/console-monitoring.spec.ts:54:7 › Console Log Monitoring - Next.js App › Portfolio page should have no console errors (2.2s)
(node:30282) Warning: The 'NO_COLOR' env is ignored due to the 'FORCE_COLOR' env being set.
(Use `node --trace-warnings ...` to show where the warning was created)
  ✓   94 [firefox] › tests/specs/performance/page-performance.spec.ts:167:7 › Page Performance - Next.js App › No memory leaks during navigation (5.6s)
(node:30282) Warning: The 'NO_COLOR' env is ignored due to the 'FORCE_COLOR' env being set.
(Use `node --trace-warnings ...` to show where the warning was created)
(node:30308) Warning: The 'NO_COLOR' env is ignored due to the 'FORCE_COLOR' env being set.
(Use `node --trace-warnings ...` to show where the warning was created)
(node:30308) Warning: The 'NO_COLOR' env is ignored due to the 'FORCE_COLOR' env being set.
(Use `node --trace-warnings ...` to show where the warning was created)
  ✓  102 [webkit] › tests/specs/console/console-monitoring.spec.ts:131:7 › Console Log Monitoring - Next.js App › No console warnings on critical pages (945ms)
Console messages on Calendar: 11
  ✘  100 [webkit] › tests/specs/console/console-monitoring.spec.ts:71:7 › Console Log Monitoring - Next.js App › Calendar page should have no console errors (2.1s)
(node:30343) Warning: The 'NO_COLOR' env is ignored due to the 'FORCE_COLOR' env being set.
(Use `node --trace-warnings ...` to show where the warning was created)
(node:30343) Warning: The 'NO_COLOR' env is ignored due to the 'FORCE_COLOR' env being set.
(Use `node --trace-warnings ...` to show where the warning was created)
  ✓  103 [webkit] › tests/specs/console/console-monitoring.spec.ts:147:7 › Console Log Monitoring - Next.js App › Next.js should not log hydration errors (972ms)
React-related messages: 0
  ✓  104 [webkit] › tests/specs/console/console-monitoring.spec.ts:172:7 › Console Log Monitoring - Next.js App › Check for React warnings and errors (1.5s)
Debug logs found: 0
  ✓  106 [webkit] › tests/specs/console/console-monitoring.spec.ts:237:7 › Console Log Monitoring - Next.js App › Check for unnecessary console.log statements in production (777ms)
Total console messages during navigation: 55
Messages by type: { errors: [33m55[39m, warnings: [33m0[39m, logs: [33m0[39m, info: [33m0[39m }
  ✘  101 [webkit] › tests/specs/console/console-monitoring.spec.ts:88:7 › Console Log Monitoring - Next.js App › No console errors during full navigation flow (3.5s)
(node:30381) Warning: The 'NO_COLOR' env is ignored due to the 'FORCE_COLOR' env being set.
(Use `node --trace-warnings ...` to show where the warning was created)
(node:30381) Warning: The 'NO_COLOR' env is ignored due to the 'FORCE_COLOR' env being set.
(Use `node --trace-warnings ...` to show where the warning was created)
Errors on 404 page: 10
Image-related errors: 0
  ✘  107 [webkit] › tests/specs/console/console-monitoring.spec.ts:265:7 › Console Monitoring - Error Recovery › Should handle navigation errors gracefully (758ms)
  ✓  108 [webkit] › tests/specs/console/console-monitoring.spec.ts:287:7 › Console Monitoring - Error Recovery › Should not log errors when images fail to load (752ms)
(node:30404) Warning: The 'NO_COLOR' env is ignored due to the 'FORCE_COLOR' env being set.
(Use `node --trace-warnings ...` to show where the warning was created)
(node:30404) Warning: The 'NO_COLOR' env is ignored due to the 'FORCE_COLOR' env being set.
(Use `node --trace-warnings ...` to show where the warning was created)
New messages after interaction: 0
  ✓  105 [webkit] › tests/specs/console/console-monitoring.spec.ts:206:7 › Console Log Monitoring - Next.js App › Monitor console logs during user interactions (2.1s)
  ✓  112 [webkit] › tests/specs/console/smooth-operation.spec.ts:107:7 › Smooth Operation - User Experience › Page should remain interactive during loading (823ms)
  ✓  113 [webkit] › tests/specs/console/smooth-operation.spec.ts:122:7 › Smooth Operation - User Experience › No flickering or flash of unstyled content (246ms)
Has loading indicators: false
  ✓  109 [webkit] › tests/specs/console/smooth-operation.spec.ts:7:7 › Smooth Operation - User Experience › Scrolling should be smooth without layout shifts (2.5s)
  ✘  114 [webkit] › tests/specs/console/smooth-operation.spec.ts:139:7 › Smooth Operation - User Experience › Loading states should be smooth (745ms)
(node:30468) Warning: The 'NO_COLOR' env is ignored due to the 'FORCE_COLOR' env being set.
(Use `node --trace-warnings ...` to show where the warning was created)
Average FPS: 60
  ✓  110 [webkit] › tests/specs/console/smooth-operation.spec.ts:72:7 › Smooth Operation - User Experience › Animations should be smooth (60fps) (2.8s)
(node:30468) Warning: The 'NO_COLOR' env is ignored due to the 'FORCE_COLOR' env being set.
(Use `node --trace-warnings ...` to show where the warning was created)
Has hover effects: true
  ✓  115 [webkit] › tests/specs/console/smooth-operation.spec.ts:162:7 › Smooth Operation - User Experience › Hover states should respond immediately (856ms)
  ✓  116 [webkit] › tests/specs/console/smooth-operation.spec.ts:222:7 › Smooth Operation - User Experience › No jank during form interactions (748ms)
Layout shifts detected: 0
Total CLS: 0
  ✓  111 [webkit] › tests/specs/console/smooth-operation.spec.ts:37:7 › Smooth Operation - User Experience › Images should load without causing layout shifts (3.1s)
Focused element: { tagName: [32m'BODY'[39m, hasOutline: [33mtrue[39m, hasFocusVisible: [33mfalse[39m }
  ✓  117 [webkit] › tests/specs/console/smooth-operation.spec.ts:189:7 › Smooth Operation - User Experience › Focus states should be visible and smooth (1.0s)
  ✓  119 [webkit] › tests/specs/console/smooth-operation.spec.ts:291:7 › Smooth Operation - Mobile › Touch interactions should be smooth on mobile (1.2s)
=== Performance Report ===

Navigation Timing:
  DOM Content Loaded: 49ms
  Load Complete: 55ms
  TTFB: 13ms

Resources:
  Total Requests: 8
  Failed Requests: 0
  Total Size: 85.44 KB
  Images: 0 B
  Scripts: 0 B
  Stylesheets: 0 B
  Fonts: 85.44 KB

Console Messages:
  Errors: 11
  Warnings: 0
  Total Messages: 11

Network Summary:
  Total Requests: 9
  Failed: 6
  Average Timing: 3.22ms
  ✘  120 [webkit] › tests/specs/console/smooth-operation.spec.ts:309:7 › Smooth Operation - Mobile › Mobile menu should open smoothly (1.2s)
  ✘  121 [webkit] › tests/specs/performance/page-performance.spec.ts:15:7 › Page Performance - Next.js App › Home page should load quickly and efficiently (793ms)
  ✘  118 [webkit] › tests/specs/console/smooth-operation.spec.ts:252:7 › Smooth Operation - User Experience › Rapid clicking should not cause issues (1.8s)
(node:30530) Warning: The 'NO_COLOR' env is ignored due to the 'FORCE_COLOR' env being set.
(Use `node --trace-warnings ...` to show where the warning was created)
(node:30531) Warning: The 'NO_COLOR' env is ignored due to the 'FORCE_COLOR' env being set.
(Use `node --trace-warnings ...` to show where the warning was created)
(node:30539) Warning: The 'NO_COLOR' env is ignored due to the 'FORCE_COLOR' env being set.
(Use `node --trace-warnings ...` to show where the warning was created)
(node:30530) Warning: The 'NO_COLOR' env is ignored due to the 'FORCE_COLOR' env being set.
(Use `node --trace-warnings ...` to show where the warning was created)
(node:30531) Warning: The 'NO_COLOR' env is ignored due to the 'FORCE_COLOR' env being set.
(Use `node --trace-warnings ...` to show where the warning was created)
(node:30539) Warning: The 'NO_COLOR' env is ignored due to the 'FORCE_COLOR' env being set.
(Use `node --trace-warnings ...` to show where the warning was created)
=== Performance Report ===

Navigation Timing:
  DOM Content Loaded: 72.00000000000001ms
  Load Complete: 93ms
  TTFB: 16ms

Resources:
  Total Requests: 8
  Failed Requests: 0
  Total Size: 85.44 KB
  Images: 0 B
  Scripts: 0 B
  Stylesheets: 0 B
  Fonts: 85.44 KB

Console Messages:
  Errors: 11
  Warnings: 0
  Total Messages: 11

Network Summary:
  Total Requests: 9
  Failed: 6
  Average Timing: 7.01ms
  ✘  122 [webkit] › tests/specs/performance/page-performance.spec.ts:48:7 › Page Performance - Next.js App › Services page should load quickly (824ms)
(node:30568) Warning: The 'NO_COLOR' env is ignored due to the 'FORCE_COLOR' env being set.
(Use `node --trace-warnings ...` to show where the warning was created)
(node:30568) Warning: The 'NO_COLOR' env is ignored due to the 'FORCE_COLOR' env being set.
(Use `node --trace-warnings ...` to show where the warning was created)
=== Performance Report ===

Navigation Timing:
  DOM Content Loaded: 96ms
  Load Complete: 102.00000000000001ms
  TTFB: 15.000000000000004ms

Resources:
  Total Requests: 8
  Failed Requests: 0
  Total Size: 85.44 KB
  Images: 0 B
  Scripts: 0 B
  Stylesheets: 0 B
  Fonts: 85.44 KB

Console Messages:
  Errors: 11
  Warnings: 0
  Total Messages: 11

Network Summary:
  Total Requests: 9
  Failed: 6
  Average Timing: 5.83ms
  ✘  124 [webkit] › tests/specs/performance/page-performance.spec.ts:109:7 › Page Performance - Next.js App › Calendar page should be interactive quickly (1.2s)
(node:30609) Warning: The 'NO_COLOR' env is ignored due to the 'FORCE_COLOR' env being set.
(Use `node --trace-warnings ...` to show where the warning was created)
(node:30609) Warning: The 'NO_COLOR' env is ignored due to the 'FORCE_COLOR' env being set.
(Use `node --trace-warnings ...` to show where the warning was created)
Services transition: 624ms
Portfolio transition: 681ms
=== Performance Report ===

Navigation Timing:
  DOM Content Loaded: 33ms
  Load Complete: 134ms
  TTFB: 11ms

Resources:
  Total Requests: 10
  Failed Requests: 0
  Total Size: 0 B
  Images: 0 B
  Scripts: 0 B
  Stylesheets: 0 B
  Fonts: 0 B

Console Messages:
  Errors: 33
  Warnings: 0
  Total Messages: 33

Network Summary:
  Total Requests: 29
  Failed: 18
  Average Timing: 9.57ms
  ✓  125 [webkit] › tests/specs/performance/page-performance.spec.ts:131:7 › Page Performance - Next.js App › Page transitions should be smooth and fast (2.4s)
Total API requests: 0
  ✓  127 [webkit] › tests/specs/performance/page-performance.spec.ts:208:7 › Page Performance - Next.js App › API endpoints should respond quickly (909ms)
=== Performance Report ===

Navigation Timing:
  DOM Content Loaded: 79ms
  Load Complete: 184ms
  TTFB: 20ms

Resources:
  Total Requests: 10
  Failed Requests: 0
  Total Size: 85.44 KB
  Images: 0 B
  Scripts: 0 B
  Stylesheets: 0 B
  Fonts: 85.44 KB

Console Messages:
  Errors: 11
  Warnings: 0
  Total Messages: 11

Network Summary:
  Total Requests: 11
  Failed: 6
  Average Timing: 20.71ms
Mobile Performance: === Performance Report ===

Navigation Timing:
  DOM Content Loaded: 42ms
  Load Complete: 49ms
  TTFB: 10ms

Resources:
  Total Requests: 8
  Failed Requests: 0
  Total Size: 85.44 KB
  Images: 0 B
  Scripts: 0 B
  Stylesheets: 0 B
  Fonts: 85.44 KB

Console Messages:
  Errors: 0
  Warnings: 0
  Total Messages: 0

Network Summary:
  Total Requests: 9
  Failed: 6
  Average Timing: 2.68ms
  ✓  128 [webkit] › tests/specs/performance/page-performance.spec.ts:237:7 › Performance - Mobile › Home page should perform well on mobile (717ms)
  ✘  123 [webkit] › tests/specs/performance/page-performance.spec.ts:69:7 › Page Performance - Next.js App › Portfolio page should load images efficiently (3.2s)
  ✓  126 [webkit] › tests/specs/performance/page-performance.spec.ts:167:7 › Page Performance - Next.js App › No memory leaks during navigation (5.0s)


  1) [chromium-desktop] › tests/specs/console/console-monitoring.spec.ts:12:7 › Console Log Monitoring - Next.js App › Home page should have no console errors 

    Error: Found 11 console error(s):
      - Refused to apply style from 'http://localhost:3000/_next/static/css/app/layout.css?v=1761080074231' because its MIME type ('text/html') is not a supported stylesheet MIME type, and strict MIME checking is enabled. (http://localhost:3000/)
      - Failed to load resource: the server responded with a status of 404 (Not Found) (http://localhost:3000/_next/static/chunks/app/page.js)
      - Refused to execute script from 'http://localhost:3000/_next/static/chunks/app/page.js' because its MIME type ('text/html') is not executable, and strict MIME type checking is enabled. (http://localhost:3000/)
      - Failed to load resource: the server responded with a status of 404 (Not Found) (http://localhost:3000/_next/static/chunks/webpack.js?v=1761080074231)
      - Refused to execute script from 'http://localhost:3000/_next/static/chunks/webpack.js?v=1761080074231' because its MIME type ('text/html') is not executable, and strict MIME type checking is enabled. (http://localhost:3000/)
      - Failed to load resource: the server responded with a status of 404 (Not Found) (http://localhost:3000/_next/static/chunks/app/layout.js)
      - Refused to execute script from 'http://localhost:3000/_next/static/chunks/app/layout.js' because its MIME type ('text/html') is not executable, and strict MIME type checking is enabled. (http://localhost:3000/)
      - Failed to load resource: the server responded with a status of 404 (Not Found) (http://localhost:3000/_next/static/chunks/main-app.js?v=1761080074231)
      - Refused to execute script from 'http://localhost:3000/_next/static/chunks/main-app.js?v=1761080074231' because its MIME type ('text/html') is not executable, and strict MIME type checking is enabled. (http://localhost:3000/)
      - Failed to load resource: the server responded with a status of 404 (Not Found) (http://localhost:3000/_next/static/chunks/app-pages-internals.js)
      - Refused to execute script from 'http://localhost:3000/_next/static/chunks/app-pages-internals.js' because its MIME type ('text/html') is not executable, and strict MIME type checking is enabled. (http://localhost:3000/)

       at utils/performance-assertions.ts:115

      113 |     ).join('\n');
      114 |     
    > 115 |     throw new Error(`Found ${actualErrors.length} console error(s):\n${errorDetails}`);
          |           ^
      116 |   }
      117 | }
      118 |
        at expectNoConsoleErrors (/Users/andrewkazas/Desktop/Arvado/Hannah/LacqueLatteDeploy/next-app/tests/utils/performance-assertions.ts:115:11)
        at /Users/andrewkazas/Desktop/Arvado/Hannah/LacqueLatteDeploy/next-app/tests/specs/console/console-monitoring.spec.ts:30:32

    attachment #1: screenshot (image/png) ──────────────────────────────────────────────────────────
    test-results/specs-console-console-moni-8c90a-ould-have-no-console-errors-chromium-desktop/test-failed-1.png
    ────────────────────────────────────────────────────────────────────────────────────────────────

    attachment #2: video (video/webm) ──────────────────────────────────────────────────────────────
    test-results/specs-console-console-moni-8c90a-ould-have-no-console-errors-chromium-desktop/video.webm
    ────────────────────────────────────────────────────────────────────────────────────────────────

    Error Context: test-results/specs-console-console-moni-8c90a-ould-have-no-console-errors-chromium-desktop/error-context.md

  2) [chromium-desktop] › tests/specs/console/console-monitoring.spec.ts:37:7 › Console Log Monitoring - Next.js App › Services page should have no console errors 

    Error: Found 11 console error(s):
      - Refused to apply style from 'http://localhost:3000/_next/static/css/app/layout.css?v=1761080074240' because its MIME type ('text/html') is not a supported stylesheet MIME type, and strict MIME checking is enabled. (http://localhost:3000/services)
      - Failed to load resource: the server responded with a status of 404 (Not Found) (http://localhost:3000/_next/static/chunks/webpack.js?v=1761080074240)
      - Refused to execute script from 'http://localhost:3000/_next/static/chunks/webpack.js?v=1761080074240' because its MIME type ('text/html') is not executable, and strict MIME type checking is enabled. (http://localhost:3000/services)
      - Failed to load resource: the server responded with a status of 404 (Not Found) (http://localhost:3000/_next/static/chunks/app/services/page.js)
      - Refused to execute script from 'http://localhost:3000/_next/static/chunks/app/services/page.js' because its MIME type ('text/html') is not executable, and strict MIME type checking is enabled. (http://localhost:3000/services)
      - Failed to load resource: the server responded with a status of 404 (Not Found) (http://localhost:3000/_next/static/chunks/main-app.js?v=1761080074240)
      - Refused to execute script from 'http://localhost:3000/_next/static/chunks/main-app.js?v=1761080074240' because its MIME type ('text/html') is not executable, and strict MIME type checking is enabled. (http://localhost:3000/services)
      - Failed to load resource: the server responded with a status of 404 (Not Found) (http://localhost:3000/_next/static/chunks/app-pages-internals.js)
      - Refused to execute script from 'http://localhost:3000/_next/static/chunks/app-pages-internals.js' because its MIME type ('text/html') is not executable, and strict MIME type checking is enabled. (http://localhost:3000/services)
      - Failed to load resource: the server responded with a status of 404 (Not Found) (http://localhost:3000/_next/static/chunks/app/layout.js)
      - Refused to execute script from 'http://localhost:3000/_next/static/chunks/app/layout.js' because its MIME type ('text/html') is not executable, and strict MIME type checking is enabled. (http://localhost:3000/services)

       at utils/performance-assertions.ts:115

      113 |     ).join('\n');
      114 |     
    > 115 |     throw new Error(`Found ${actualErrors.length} console error(s):\n${errorDetails}`);
          |           ^
      116 |   }
      117 | }
      118 |
        at expectNoConsoleErrors (/Users/andrewkazas/Desktop/Arvado/Hannah/LacqueLatteDeploy/next-app/tests/utils/performance-assertions.ts:115:11)
        at /Users/andrewkazas/Desktop/Arvado/Hannah/LacqueLatteDeploy/next-app/tests/specs/console/console-monitoring.spec.ts:48:32

    attachment #1: screenshot (image/png) ──────────────────────────────────────────────────────────
    test-results/specs-console-console-moni-4bc37-ould-have-no-console-errors-chromium-desktop/test-failed-1.png
    ────────────────────────────────────────────────────────────────────────────────────────────────

    attachment #2: video (video/webm) ──────────────────────────────────────────────────────────────
    test-results/specs-console-console-moni-4bc37-ould-have-no-console-errors-chromium-desktop/video.webm
    ────────────────────────────────────────────────────────────────────────────────────────────────

    Error Context: test-results/specs-console-console-moni-4bc37-ould-have-no-console-errors-chromium-desktop/error-context.md

  3) [chromium-desktop] › tests/specs/console/console-monitoring.spec.ts:54:7 › Console Log Monitoring - Next.js App › Portfolio page should have no console errors 

    Error: Found 11 console error(s):
      - Refused to apply style from 'http://localhost:3000/_next/static/css/app/layout.css?v=1761080074241' because its MIME type ('text/html') is not a supported stylesheet MIME type, and strict MIME checking is enabled. (http://localhost:3000/portfolio)
      - Failed to load resource: the server responded with a status of 404 (Not Found) (http://localhost:3000/_next/static/chunks/webpack.js?v=1761080074241)
      - Refused to execute script from 'http://localhost:3000/_next/static/chunks/webpack.js?v=1761080074241' because its MIME type ('text/html') is not executable, and strict MIME type checking is enabled. (http://localhost:3000/portfolio)
      - Failed to load resource: the server responded with a status of 404 (Not Found) (http://localhost:3000/_next/static/chunks/app-pages-internals.js)
      - Refused to execute script from 'http://localhost:3000/_next/static/chunks/app-pages-internals.js' because its MIME type ('text/html') is not executable, and strict MIME type checking is enabled. (http://localhost:3000/portfolio)
      - Failed to load resource: the server responded with a status of 404 (Not Found) (http://localhost:3000/_next/static/chunks/app/portfolio/page.js)
      - Refused to execute script from 'http://localhost:3000/_next/static/chunks/app/portfolio/page.js' because its MIME type ('text/html') is not executable, and strict MIME type checking is enabled. (http://localhost:3000/portfolio)
      - Failed to load resource: the server responded with a status of 404 (Not Found) (http://localhost:3000/_next/static/chunks/main-app.js?v=1761080074241)
      - Refused to execute script from 'http://localhost:3000/_next/static/chunks/main-app.js?v=1761080074241' because its MIME type ('text/html') is not executable, and strict MIME type checking is enabled. (http://localhost:3000/portfolio)
      - Failed to load resource: the server responded with a status of 404 (Not Found) (http://localhost:3000/_next/static/chunks/app/layout.js)
      - Refused to execute script from 'http://localhost:3000/_next/static/chunks/app/layout.js' because its MIME type ('text/html') is not executable, and strict MIME type checking is enabled. (http://localhost:3000/portfolio)

       at utils/performance-assertions.ts:115

      113 |     ).join('\n');
      114 |     
    > 115 |     throw new Error(`Found ${actualErrors.length} console error(s):\n${errorDetails}`);
          |           ^
      116 |   }
      117 | }
      118 |
        at expectNoConsoleErrors (/Users/andrewkazas/Desktop/Arvado/Hannah/LacqueLatteDeploy/next-app/tests/utils/performance-assertions.ts:115:11)
        at /Users/andrewkazas/Desktop/Arvado/Hannah/LacqueLatteDeploy/next-app/tests/specs/console/console-monitoring.spec.ts:65:32

    attachment #1: screenshot (image/png) ──────────────────────────────────────────────────────────
    test-results/specs-console-console-moni-311c0-ould-have-no-console-errors-chromium-desktop/test-failed-1.png
    ────────────────────────────────────────────────────────────────────────────────────────────────

    attachment #2: video (video/webm) ──────────────────────────────────────────────────────────────
    test-results/specs-console-console-moni-311c0-ould-have-no-console-errors-chromium-desktop/video.webm
    ────────────────────────────────────────────────────────────────────────────────────────────────

    Error Context: test-results/specs-console-console-moni-311c0-ould-have-no-console-errors-chromium-desktop/error-context.md

  4) [chromium-desktop] › tests/specs/console/console-monitoring.spec.ts:71:7 › Console Log Monitoring - Next.js App › Calendar page should have no console errors 

    Error: Found 11 console error(s):
      - Refused to apply style from 'http://localhost:3000/_next/static/css/app/layout.css?v=1761080074238' because its MIME type ('text/html') is not a supported stylesheet MIME type, and strict MIME checking is enabled. (http://localhost:3000/calendar)
      - Failed to load resource: the server responded with a status of 404 (Not Found) (http://localhost:3000/_next/static/chunks/webpack.js?v=1761080074238)
      - Refused to execute script from 'http://localhost:3000/_next/static/chunks/webpack.js?v=1761080074238' because its MIME type ('text/html') is not executable, and strict MIME type checking is enabled. (http://localhost:3000/calendar)
      - Failed to load resource: the server responded with a status of 404 (Not Found) (http://localhost:3000/_next/static/chunks/app/calendar/page.js)
      - Refused to execute script from 'http://localhost:3000/_next/static/chunks/app/calendar/page.js' because its MIME type ('text/html') is not executable, and strict MIME type checking is enabled. (http://localhost:3000/calendar)
      - Failed to load resource: the server responded with a status of 404 (Not Found) (http://localhost:3000/_next/static/chunks/app/layout.js)
      - Refused to execute script from 'http://localhost:3000/_next/static/chunks/app/layout.js' because its MIME type ('text/html') is not executable, and strict MIME type checking is enabled. (http://localhost:3000/calendar)
      - Failed to load resource: the server responded with a status of 404 (Not Found) (http://localhost:3000/_next/static/chunks/main-app.js?v=1761080074238)
      - Refused to execute script from 'http://localhost:3000/_next/static/chunks/main-app.js?v=1761080074238' because its MIME type ('text/html') is not executable, and strict MIME type checking is enabled. (http://localhost:3000/calendar)
      - Failed to load resource: the server responded with a status of 404 (Not Found) (http://localhost:3000/_next/static/chunks/app-pages-internals.js)
      - Refused to execute script from 'http://localhost:3000/_next/static/chunks/app-pages-internals.js' because its MIME type ('text/html') is not executable, and strict MIME type checking is enabled. (http://localhost:3000/calendar)

       at utils/performance-assertions.ts:115

      113 |     ).join('\n');
      114 |     
    > 115 |     throw new Error(`Found ${actualErrors.length} console error(s):\n${errorDetails}`);
          |           ^
      116 |   }
      117 | }
      118 |
        at expectNoConsoleErrors (/Users/andrewkazas/Desktop/Arvado/Hannah/LacqueLatteDeploy/next-app/tests/utils/performance-assertions.ts:115:11)
        at /Users/andrewkazas/Desktop/Arvado/Hannah/LacqueLatteDeploy/next-app/tests/specs/console/console-monitoring.spec.ts:82:32

    attachment #1: screenshot (image/png) ──────────────────────────────────────────────────────────
    test-results/specs-console-console-moni-88ade-ould-have-no-console-errors-chromium-desktop/test-failed-1.png
    ────────────────────────────────────────────────────────────────────────────────────────────────

    attachment #2: video (video/webm) ──────────────────────────────────────────────────────────────
    test-results/specs-console-console-moni-88ade-ould-have-no-console-errors-chromium-desktop/video.webm
    ────────────────────────────────────────────────────────────────────────────────────────────────

    Error Context: test-results/specs-console-console-moni-88ade-ould-have-no-console-errors-chromium-desktop/error-context.md

  5) [chromium-desktop] › tests/specs/console/console-monitoring.spec.ts:88:7 › Console Log Monitoring - Next.js App › No console errors during full navigation flow 

    Error: Found 55 console error(s):
      - Refused to apply style from 'http://localhost:3000/_next/static/css/app/layout.css?v=1761080076916' because its MIME type ('text/html') is not a supported stylesheet MIME type, and strict MIME checking is enabled. (http://localhost:3000/)
      - Failed to load resource: the server responded with a status of 404 (Not Found) (http://localhost:3000/_next/static/chunks/webpack.js?v=1761080076916)
      - Refused to execute script from 'http://localhost:3000/_next/static/chunks/webpack.js?v=1761080076916' because its MIME type ('text/html') is not executable, and strict MIME type checking is enabled. (http://localhost:3000/)
      - Failed to load resource: the server responded with a status of 404 (Not Found) (http://localhost:3000/_next/static/chunks/app/page.js)
      - Refused to execute script from 'http://localhost:3000/_next/static/chunks/app/page.js' because its MIME type ('text/html') is not executable, and strict MIME type checking is enabled. (http://localhost:3000/)
      - Failed to load resource: the server responded with a status of 404 (Not Found) (http://localhost:3000/_next/static/chunks/main-app.js?v=1761080076916)
      - Refused to execute script from 'http://localhost:3000/_next/static/chunks/main-app.js?v=1761080076916' because its MIME type ('text/html') is not executable, and strict MIME type checking is enabled. (http://localhost:3000/)
      - Failed to load resource: the server responded with a status of 404 (Not Found) (http://localhost:3000/_next/static/chunks/app-pages-internals.js)
      - Refused to execute script from 'http://localhost:3000/_next/static/chunks/app-pages-internals.js' because its MIME type ('text/html') is not executable, and strict MIME type checking is enabled. (http://localhost:3000/)
      - Failed to load resource: the server responded with a status of 404 (Not Found) (http://localhost:3000/_next/static/chunks/app/layout.js)
      - Refused to execute script from 'http://localhost:3000/_next/static/chunks/app/layout.js' because its MIME type ('text/html') is not executable, and strict MIME type checking is enabled. (http://localhost:3000/)
      - Refused to apply style from 'http://localhost:3000/_next/static/css/app/layout.css?v=1761080077494' because its MIME type ('text/html') is not a supported stylesheet MIME type, and strict MIME checking is enabled. (http://localhost:3000/services)
      - Failed to load resource: the server responded with a status of 404 (Not Found) (http://localhost:3000/_next/static/chunks/app-pages-internals.js)
      - Refused to execute script from 'http://localhost:3000/_next/static/chunks/app-pages-internals.js' because its MIME type ('text/html') is not executable, and strict MIME type checking is enabled. (http://localhost:3000/services)
      - Failed to load resource: the server responded with a status of 404 (Not Found) (http://localhost:3000/_next/static/chunks/main-app.js?v=1761080077494)
      - Refused to execute script from 'http://localhost:3000/_next/static/chunks/main-app.js?v=1761080077494' because its MIME type ('text/html') is not executable, and strict MIME type checking is enabled. (http://localhost:3000/services)
      - Failed to load resource: the server responded with a status of 404 (Not Found) (http://localhost:3000/_next/static/chunks/webpack.js?v=1761080077494)
      - Refused to execute script from 'http://localhost:3000/_next/static/chunks/webpack.js?v=1761080077494' because its MIME type ('text/html') is not executable, and strict MIME type checking is enabled. (http://localhost:3000/services)
      - Failed to load resource: the server responded with a status of 404 (Not Found) (http://localhost:3000/_next/static/chunks/app/services/page.js)
      - Refused to execute script from 'http://localhost:3000/_next/static/chunks/app/services/page.js' because its MIME type ('text/html') is not executable, and strict MIME type checking is enabled. (http://localhost:3000/services)
      - Failed to load resource: the server responded with a status of 404 (Not Found) (http://localhost:3000/_next/static/chunks/app/layout.js)
      - Refused to execute script from 'http://localhost:3000/_next/static/chunks/app/layout.js' because its MIME type ('text/html') is not executable, and strict MIME type checking is enabled. (http://localhost:3000/services)
      - Refused to apply style from 'http://localhost:3000/_next/static/css/app/layout.css?v=1761080078053' because its MIME type ('text/html') is not a supported stylesheet MIME type, and strict MIME checking is enabled. (http://localhost:3000/portfolio)
      - Failed to load resource: the server responded with a status of 404 (Not Found) (http://localhost:3000/_next/static/chunks/app/portfolio/page.js)
      - Refused to execute script from 'http://localhost:3000/_next/static/chunks/app/portfolio/page.js' because its MIME type ('text/html') is not executable, and strict MIME type checking is enabled. (http://localhost:3000/portfolio)
      - Failed to load resource: the server responded with a status of 404 (Not Found) (http://localhost:3000/_next/static/chunks/webpack.js?v=1761080078053)
      - Refused to execute script from 'http://localhost:3000/_next/static/chunks/webpack.js?v=1761080078053' because its MIME type ('text/html') is not executable, and strict MIME type checking is enabled. (http://localhost:3000/portfolio)
      - Failed to load resource: the server responded with a status of 404 (Not Found) (http://localhost:3000/_next/static/chunks/app-pages-internals.js)
      - Refused to execute script from 'http://localhost:3000/_next/static/chunks/app-pages-internals.js' because its MIME type ('text/html') is not executable, and strict MIME type checking is enabled. (http://localhost:3000/portfolio)
      - Failed to load resource: the server responded with a status of 404 (Not Found) (http://localhost:3000/_next/static/chunks/app/layout.js)
      - Refused to execute script from 'http://localhost:3000/_next/static/chunks/app/layout.js' because its MIME type ('text/html') is not executable, and strict MIME type checking is enabled. (http://localhost:3000/portfolio)
      - Failed to load resource: the server responded with a status of 404 (Not Found) (http://localhost:3000/_next/static/chunks/main-app.js?v=1761080078053)
      - Refused to execute script from 'http://localhost:3000/_next/static/chunks/main-app.js?v=1761080078053' because its MIME type ('text/html') is not executable, and strict MIME type checking is enabled. (http://localhost:3000/portfolio)
      - Refused to apply style from 'http://localhost:3000/_next/static/css/app/layout.css?v=1761080078708' because its MIME type ('text/html') is not a supported stylesheet MIME type, and strict MIME checking is enabled. (http://localhost:3000/calendar)
      - Failed to load resource: the server responded with a status of 404 (Not Found) (http://localhost:3000/_next/static/chunks/webpack.js?v=1761080078708)
      - Refused to execute script from 'http://localhost:3000/_next/static/chunks/webpack.js?v=1761080078708' because its MIME type ('text/html') is not executable, and strict MIME type checking is enabled. (http://localhost:3000/calendar)
      - Failed to load resource: the server responded with a status of 404 (Not Found) (http://localhost:3000/_next/static/chunks/main-app.js?v=1761080078708)
      - Refused to execute script from 'http://localhost:3000/_next/static/chunks/main-app.js?v=1761080078708' because its MIME type ('text/html') is not executable, and strict MIME type checking is enabled. (http://localhost:3000/calendar)
      - Failed to load resource: the server responded with a status of 404 (Not Found) (http://localhost:3000/_next/static/chunks/app-pages-internals.js)
      - Refused to execute script from 'http://localhost:3000/_next/static/chunks/app-pages-internals.js' because its MIME type ('text/html') is not executable, and strict MIME type checking is enabled. (http://localhost:3000/calendar)
      - Failed to load resource: the server responded with a status of 404 (Not Found) (http://localhost:3000/_next/static/chunks/app/calendar/page.js)
      - Refused to execute script from 'http://localhost:3000/_next/static/chunks/app/calendar/page.js' because its MIME type ('text/html') is not executable, and strict MIME type checking is enabled. (http://localhost:3000/calendar)
      - Failed to load resource: the server responded with a status of 404 (Not Found) (http://localhost:3000/_next/static/chunks/app/layout.js)
      - Refused to execute script from 'http://localhost:3000/_next/static/chunks/app/layout.js' because its MIME type ('text/html') is not executable, and strict MIME type checking is enabled. (http://localhost:3000/calendar)
      - Refused to apply style from 'http://localhost:3000/_next/static/css/app/layout.css?v=1761080079257' because its MIME type ('text/html') is not a supported stylesheet MIME type, and strict MIME checking is enabled. (http://localhost:3000/)
      - Failed to load resource: the server responded with a status of 404 (Not Found) (http://localhost:3000/_next/static/chunks/main-app.js?v=1761080079257)
      - Refused to execute script from 'http://localhost:3000/_next/static/chunks/main-app.js?v=1761080079257' because its MIME type ('text/html') is not executable, and strict MIME type checking is enabled. (http://localhost:3000/)
      - Failed to load resource: the server responded with a status of 404 (Not Found) (http://localhost:3000/_next/static/chunks/webpack.js?v=1761080079257)
      - Refused to execute script from 'http://localhost:3000/_next/static/chunks/webpack.js?v=1761080079257' because its MIME type ('text/html') is not executable, and strict MIME type checking is enabled. (http://localhost:3000/)
      - Failed to load resource: the server responded with a status of 404 (Not Found) (http://localhost:3000/_next/static/chunks/app-pages-internals.js)
      - Refused to execute script from 'http://localhost:3000/_next/static/chunks/app-pages-internals.js' because its MIME type ('text/html') is not executable, and strict MIME type checking is enabled. (http://localhost:3000/)
      - Failed to load resource: the server responded with a status of 404 (Not Found) (http://localhost:3000/_next/static/chunks/app/page.js)
      - Refused to execute script from 'http://localhost:3000/_next/static/chunks/app/page.js' because its MIME type ('text/html') is not executable, and strict MIME type checking is enabled. (http://localhost:3000/)
      - Failed to load resource: the server responded with a status of 404 (Not Found) (http://localhost:3000/_next/static/chunks/app/layout.js)
      - Refused to execute script from 'http://localhost:3000/_next/static/chunks/app/layout.js' because its MIME type ('text/html') is not executable, and strict MIME type checking is enabled. (http://localhost:3000/)

       at utils/performance-assertions.ts:115

      113 |     ).join('\n');
      114 |     
    > 115 |     throw new Error(`Found ${actualErrors.length} console error(s):\n${errorDetails}`);
          |           ^
      116 |   }
      117 | }
      118 |
        at expectNoConsoleErrors (/Users/andrewkazas/Desktop/Arvado/Hannah/LacqueLatteDeploy/next-app/tests/utils/performance-assertions.ts:115:11)
        at /Users/andrewkazas/Desktop/Arvado/Hannah/LacqueLatteDeploy/next-app/tests/specs/console/console-monitoring.spec.ts:125:32

    attachment #1: screenshot (image/png) ──────────────────────────────────────────────────────────
    test-results/specs-console-console-moni-c6bfe-during-full-navigation-flow-chromium-desktop/test-failed-1.png
    ────────────────────────────────────────────────────────────────────────────────────────────────

    attachment #2: video (video/webm) ──────────────────────────────────────────────────────────────
    test-results/specs-console-console-moni-c6bfe-during-full-navigation-flow-chromium-desktop/video.webm
    ────────────────────────────────────────────────────────────────────────────────────────────────

    Error Context: test-results/specs-console-console-moni-c6bfe-during-full-navigation-flow-chromium-desktop/error-context.md

  6) [chromium-desktop] › tests/specs/console/console-monitoring.spec.ts:265:7 › Console Monitoring - Error Recovery › Should handle navigation errors gracefully 

    Error: Found 5 console error(s):
      - Refused to apply style from 'http://localhost:3000/_next/static/css/app/layout.css?v=1761080078357' because its MIME type ('text/html') is not a supported stylesheet MIME type, and strict MIME checking is enabled. (http://localhost:3000/this-page-does-not-exist)
      - Refused to execute script from 'http://localhost:3000/_next/static/chunks/webpack.js?v=1761080078357' because its MIME type ('text/html') is not executable, and strict MIME type checking is enabled. (http://localhost:3000/this-page-does-not-exist)
      - Refused to execute script from 'http://localhost:3000/_next/static/chunks/app-pages-internals.js' because its MIME type ('text/html') is not executable, and strict MIME type checking is enabled. (http://localhost:3000/this-page-does-not-exist)
      - Refused to execute script from 'http://localhost:3000/_next/static/chunks/main-app.js?v=1761080078357' because its MIME type ('text/html') is not executable, and strict MIME type checking is enabled. (http://localhost:3000/this-page-does-not-exist)
      - Refused to execute script from 'http://localhost:3000/_next/static/chunks/app/layout.js' because its MIME type ('text/html') is not executable, and strict MIME type checking is enabled. (http://localhost:3000/this-page-does-not-exist)

       at utils/performance-assertions.ts:115

      113 |     ).join('\n');
      114 |     
    > 115 |     throw new Error(`Found ${actualErrors.length} console error(s):\n${errorDetails}`);
          |           ^
      116 |   }
      117 | }
      118 |
        at expectNoConsoleErrors (/Users/andrewkazas/Desktop/Arvado/Hannah/LacqueLatteDeploy/next-app/tests/utils/performance-assertions.ts:115:11)
        at /Users/andrewkazas/Desktop/Arvado/Hannah/LacqueLatteDeploy/next-app/tests/specs/console/console-monitoring.spec.ts:280:32

    attachment #1: screenshot (image/png) ──────────────────────────────────────────────────────────
    test-results/specs-console-console-moni-70060-avigation-errors-gracefully-chromium-desktop/test-failed-1.png
    ────────────────────────────────────────────────────────────────────────────────────────────────

    attachment #2: video (video/webm) ──────────────────────────────────────────────────────────────
    test-results/specs-console-console-moni-70060-avigation-errors-gracefully-chromium-desktop/video.webm
    ────────────────────────────────────────────────────────────────────────────────────────────────

    Error Context: test-results/specs-console-console-moni-70060-avigation-errors-gracefully-chromium-desktop/error-context.md

  7) [chromium-desktop] › tests/specs/console/smooth-operation.spec.ts:139:7 › Smooth Operation - User Experience › Loading states should be smooth 

    Error: Loading should complete without errors

    [2mexpect([22m[31mreceived[39m[2m).[22mtoBe[2m([22m[32mexpected[39m[2m) // Object.is equality[22m

    Expected: [32m0[39m
    Received: [31m11[39m

      157 |     // Loading should complete without errors
      158 |     const errors = consoleMessages.filter(m => m.type === 'error');
    > 159 |     expect(errors.length, 'Loading should complete without errors').toBe(0);
          |                                                                     ^
      160 |   });
      161 |
      162 |   test('Hover states should respond immediately', async ({ 
        at /Users/andrewkazas/Desktop/Arvado/Hannah/LacqueLatteDeploy/next-app/tests/specs/console/smooth-operation.spec.ts:159:69

    attachment #1: screenshot (image/png) ──────────────────────────────────────────────────────────
    test-results/specs-console-smooth-opera-c4c6f-ing-states-should-be-smooth-chromium-desktop/test-failed-1.png
    ────────────────────────────────────────────────────────────────────────────────────────────────

    attachment #2: video (video/webm) ──────────────────────────────────────────────────────────────
    test-results/specs-console-smooth-opera-c4c6f-ing-states-should-be-smooth-chromium-desktop/video.webm
    ────────────────────────────────────────────────────────────────────────────────────────────────

    Error Context: test-results/specs-console-smooth-opera-c4c6f-ing-states-should-be-smooth-chromium-desktop/error-context.md

  8) [chromium-desktop] › tests/specs/console/smooth-operation.spec.ts:252:7 › Smooth Operation - User Experience › Rapid clicking should not cause issues 

    Error: Should handle rapid clicks without errors

    [2mexpect([22m[31mreceived[39m[2m).[22mtoBe[2m([22m[32mexpected[39m[2m) // Object.is equality[22m

    Expected: [32m0[39m
    Received: [31m11[39m

      277 |         recentErrors.length,
      278 |         'Should handle rapid clicks without errors'
    > 279 |       ).toBe(0);
          |         ^
      280 |     }
      281 |   });
      282 | });
        at /Users/andrewkazas/Desktop/Arvado/Hannah/LacqueLatteDeploy/next-app/tests/specs/console/smooth-operation.spec.ts:279:9

    attachment #1: screenshot (image/png) ──────────────────────────────────────────────────────────
    test-results/specs-console-smooth-opera-6d5c4-ing-should-not-cause-issues-chromium-desktop/test-failed-1.png
    ────────────────────────────────────────────────────────────────────────────────────────────────

    attachment #2: video (video/webm) ──────────────────────────────────────────────────────────────
    test-results/specs-console-smooth-opera-6d5c4-ing-should-not-cause-issues-chromium-desktop/video.webm
    ────────────────────────────────────────────────────────────────────────────────────────────────

    Error Context: test-results/specs-console-smooth-opera-6d5c4-ing-should-not-cause-issues-chromium-desktop/error-context.md

  9) [chromium-desktop] › tests/specs/console/smooth-operation.spec.ts:309:7 › Smooth Operation - Mobile › Mobile menu should open smoothly 

    Error: Mobile menu should open without errors

    [2mexpect([22m[31mreceived[39m[2m).[22mtoBe[2m([22m[32mexpected[39m[2m) // Object.is equality[22m

    Expected: [32m0[39m
    Received: [31m11[39m

      320 |       // Should open without errors
      321 |       const errors = consoleMessages.filter(m => m.type === 'error');
    > 322 |       expect(errors.length, 'Mobile menu should open without errors').toBe(0);
          |                                                                       ^
      323 |     }
      324 |   });
      325 | });
        at /Users/andrewkazas/Desktop/Arvado/Hannah/LacqueLatteDeploy/next-app/tests/specs/console/smooth-operation.spec.ts:322:71

    attachment #1: screenshot (image/png) ──────────────────────────────────────────────────────────
    test-results/specs-console-smooth-opera-cd915-e-menu-should-open-smoothly-chromium-desktop/test-failed-1.png
    ────────────────────────────────────────────────────────────────────────────────────────────────

    attachment #2: video (video/webm) ──────────────────────────────────────────────────────────────
    test-results/specs-console-smooth-opera-cd915-e-menu-should-open-smoothly-chromium-desktop/video.webm
    ────────────────────────────────────────────────────────────────────────────────────────────────

    Error Context: test-results/specs-console-smooth-opera-cd915-e-menu-should-open-smoothly-chromium-desktop/error-context.md

  10) [chromium-desktop] › tests/specs/performance/page-performance.spec.ts:15:7 › Page Performance - Next.js App › Home page should load quickly and efficiently 

    Error: Found 6 failed request(s):
      - GET http://localhost:3000/_next/static/css/app/layout.css?v=1761080083289 (failed)
      - GET http://localhost:3000/_next/static/chunks/webpack.js?v=1761080083289 (failed)
      - GET http://localhost:3000/_next/static/chunks/app/page.js (failed)
      - GET http://localhost:3000/_next/static/chunks/main-app.js?v=1761080083289 (failed)
      - GET http://localhost:3000/_next/static/chunks/app-pages-internals.js (failed)
      - GET http://localhost:3000/_next/static/chunks/app/layout.js (failed)

       at utils/performance-assertions.ts:159

      157 |     ).join('\n');
      158 |     
    > 159 |     throw new Error(`Found ${actualFailures.length} failed request(s):\n${failureDetails}`);
          |           ^
      160 |   }
      161 | }
      162 |
        at expectNoFailedRequests (/Users/andrewkazas/Desktop/Arvado/Hannah/LacqueLatteDeploy/next-app/tests/utils/performance-assertions.ts:159:11)
        at /Users/andrewkazas/Desktop/Arvado/Hannah/LacqueLatteDeploy/next-app/tests/specs/performance/page-performance.spec.ts:39:33

    attachment #1: screenshot (image/png) ──────────────────────────────────────────────────────────
    test-results/specs-performance-page-per-39720-oad-quickly-and-efficiently-chromium-desktop/test-failed-1.png
    ────────────────────────────────────────────────────────────────────────────────────────────────

    attachment #2: video (video/webm) ──────────────────────────────────────────────────────────────
    test-results/specs-performance-page-per-39720-oad-quickly-and-efficiently-chromium-desktop/video.webm
    ────────────────────────────────────────────────────────────────────────────────────────────────

    Error Context: test-results/specs-performance-page-per-39720-oad-quickly-and-efficiently-chromium-desktop/error-context.md

  11) [chromium-desktop] › tests/specs/performance/page-performance.spec.ts:48:7 › Page Performance - Next.js App › Services page should load quickly 

    Error: Found 6 failed request(s):
      - GET http://localhost:3000/_next/static/css/app/layout.css?v=1761080084543 (failed)
      - GET http://localhost:3000/_next/static/chunks/main-app.js?v=1761080084543 (failed)
      - GET http://localhost:3000/_next/static/chunks/webpack.js?v=1761080084543 (failed)
      - GET http://localhost:3000/_next/static/chunks/app-pages-internals.js (failed)
      - GET http://localhost:3000/_next/static/chunks/app/services/page.js (failed)
      - GET http://localhost:3000/_next/static/chunks/app/layout.js (failed)

       at utils/performance-assertions.ts:159

      157 |     ).join('\n');
      158 |     
    > 159 |     throw new Error(`Found ${actualFailures.length} failed request(s):\n${failureDetails}`);
          |           ^
      160 |   }
      161 | }
      162 |
        at expectNoFailedRequests (/Users/andrewkazas/Desktop/Arvado/Hannah/LacqueLatteDeploy/next-app/tests/utils/performance-assertions.ts:159:11)
        at /Users/andrewkazas/Desktop/Arvado/Hannah/LacqueLatteDeploy/next-app/tests/specs/performance/page-performance.spec.ts:63:33

    attachment #1: screenshot (image/png) ──────────────────────────────────────────────────────────
    test-results/specs-performance-page-per-09dcc-es-page-should-load-quickly-chromium-desktop/test-failed-1.png
    ────────────────────────────────────────────────────────────────────────────────────────────────

    attachment #2: video (video/webm) ──────────────────────────────────────────────────────────────
    test-results/specs-performance-page-per-09dcc-es-page-should-load-quickly-chromium-desktop/video.webm
    ────────────────────────────────────────────────────────────────────────────────────────────────

    Error Context: test-results/specs-performance-page-per-09dcc-es-page-should-load-quickly-chromium-desktop/error-context.md

  12) [chromium-desktop] › tests/specs/performance/page-performance.spec.ts:69:7 › Page Performance - Next.js App › Portfolio page should load images efficiently 

    Error: Found 6 failed request(s):
      - GET http://localhost:3000/_next/static/css/app/layout.css?v=1761080083993 (failed)
      - GET http://localhost:3000/_next/static/chunks/webpack.js?v=1761080083993 (failed)
      - GET http://localhost:3000/_next/static/chunks/main-app.js?v=1761080083993 (failed)
      - GET http://localhost:3000/_next/static/chunks/app-pages-internals.js (failed)
      - GET http://localhost:3000/_next/static/chunks/app/portfolio/page.js (failed)
      - GET http://localhost:3000/_next/static/chunks/app/layout.js (failed)

       at utils/performance-assertions.ts:159

      157 |     ).join('\n');
      158 |     
    > 159 |     throw new Error(`Found ${actualFailures.length} failed request(s):\n${failureDetails}`);
          |           ^
      160 |   }
      161 | }
      162 |
        at expectNoFailedRequests (/Users/andrewkazas/Desktop/Arvado/Hannah/LacqueLatteDeploy/next-app/tests/utils/performance-assertions.ts:159:11)
        at /Users/andrewkazas/Desktop/Arvado/Hannah/LacqueLatteDeploy/next-app/tests/specs/performance/page-performance.spec.ts:91:33

    attachment #1: screenshot (image/png) ──────────────────────────────────────────────────────────
    test-results/specs-performance-page-per-f0cec-uld-load-images-efficiently-chromium-desktop/test-failed-1.png
    ────────────────────────────────────────────────────────────────────────────────────────────────

    attachment #2: video (video/webm) ──────────────────────────────────────────────────────────────
    test-results/specs-performance-page-per-f0cec-uld-load-images-efficiently-chromium-desktop/video.webm
    ────────────────────────────────────────────────────────────────────────────────────────────────

    Error Context: test-results/specs-performance-page-per-f0cec-uld-load-images-efficiently-chromium-desktop/error-context.md

  13) [chromium-desktop] › tests/specs/performance/page-performance.spec.ts:109:7 › Page Performance - Next.js App › Calendar page should be interactive quickly 

    Error: Found 6 failed request(s):
      - GET http://localhost:3000/_next/static/css/app/layout.css?v=1761080084637 (failed)
      - GET http://localhost:3000/_next/static/chunks/webpack.js?v=1761080084637 (failed)
      - GET http://localhost:3000/_next/static/chunks/main-app.js?v=1761080084637 (failed)
      - GET http://localhost:3000/_next/static/chunks/app-pages-internals.js (failed)
      - GET http://localhost:3000/_next/static/chunks/app/calendar/page.js (failed)
      - GET http://localhost:3000/_next/static/chunks/app/layout.js (failed)

       at utils/performance-assertions.ts:159

      157 |     ).join('\n');
      158 |     
    > 159 |     throw new Error(`Found ${actualFailures.length} failed request(s):\n${failureDetails}`);
          |           ^
      160 |   }
      161 | }
      162 |
        at expectNoFailedRequests (/Users/andrewkazas/Desktop/Arvado/Hannah/LacqueLatteDeploy/next-app/tests/utils/performance-assertions.ts:159:11)
        at /Users/andrewkazas/Desktop/Arvado/Hannah/LacqueLatteDeploy/next-app/tests/specs/performance/page-performance.spec.ts:124:33

    attachment #1: screenshot (image/png) ──────────────────────────────────────────────────────────
    test-results/specs-performance-page-per-319f6-ould-be-interactive-quickly-chromium-desktop/test-failed-1.png
    ────────────────────────────────────────────────────────────────────────────────────────────────

    attachment #2: video (video/webm) ──────────────────────────────────────────────────────────────
    test-results/specs-performance-page-per-319f6-ould-be-interactive-quickly-chromium-desktop/video.webm
    ────────────────────────────────────────────────────────────────────────────────────────────────

    Error Context: test-results/specs-performance-page-per-319f6-ould-be-interactive-quickly-chromium-desktop/error-context.md

  14) [chromium-mobile] › tests/specs/console/console-monitoring.spec.ts:12:7 › Console Log Monitoring - Next.js App › Home page should have no console errors 

    Error: Found 11 console error(s):
      - Refused to apply style from 'http://localhost:3000/_next/static/css/app/layout.css?v=1761080087341' because its MIME type ('text/html') is not a supported stylesheet MIME type, and strict MIME checking is enabled. (http://localhost:3000/)
      - Failed to load resource: the server responded with a status of 404 (Not Found) (http://localhost:3000/_next/static/chunks/webpack.js?v=1761080087341)
      - Refused to execute script from 'http://localhost:3000/_next/static/chunks/webpack.js?v=1761080087341' because its MIME type ('text/html') is not executable, and strict MIME type checking is enabled. (http://localhost:3000/)
      - Failed to load resource: the server responded with a status of 404 (Not Found) (http://localhost:3000/_next/static/chunks/main-app.js?v=1761080087341)
      - Refused to execute script from 'http://localhost:3000/_next/static/chunks/main-app.js?v=1761080087341' because its MIME type ('text/html') is not executable, and strict MIME type checking is enabled. (http://localhost:3000/)
      - Failed to load resource: the server responded with a status of 404 (Not Found) (http://localhost:3000/_next/static/chunks/app/page.js)
      - Refused to execute script from 'http://localhost:3000/_next/static/chunks/app/page.js' because its MIME type ('text/html') is not executable, and strict MIME type checking is enabled. (http://localhost:3000/)
      - Failed to load resource: the server responded with a status of 404 (Not Found) (http://localhost:3000/_next/static/chunks/app-pages-internals.js)
      - Refused to execute script from 'http://localhost:3000/_next/static/chunks/app-pages-internals.js' because its MIME type ('text/html') is not executable, and strict MIME type checking is enabled. (http://localhost:3000/)
      - Failed to load resource: the server responded with a status of 404 (Not Found) (http://localhost:3000/_next/static/chunks/app/layout.js)
      - Refused to execute script from 'http://localhost:3000/_next/static/chunks/app/layout.js' because its MIME type ('text/html') is not executable, and strict MIME type checking is enabled. (http://localhost:3000/)

       at utils/performance-assertions.ts:115

      113 |     ).join('\n');
      114 |     
    > 115 |     throw new Error(`Found ${actualErrors.length} console error(s):\n${errorDetails}`);
          |           ^
      116 |   }
      117 | }
      118 |
        at expectNoConsoleErrors (/Users/andrewkazas/Desktop/Arvado/Hannah/LacqueLatteDeploy/next-app/tests/utils/performance-assertions.ts:115:11)
        at /Users/andrewkazas/Desktop/Arvado/Hannah/LacqueLatteDeploy/next-app/tests/specs/console/console-monitoring.spec.ts:30:32

    attachment #1: screenshot (image/png) ──────────────────────────────────────────────────────────
    test-results/specs-console-console-moni-8c90a-ould-have-no-console-errors-chromium-mobile/test-failed-1.png
    ────────────────────────────────────────────────────────────────────────────────────────────────

    attachment #2: video (video/webm) ──────────────────────────────────────────────────────────────
    test-results/specs-console-console-moni-8c90a-ould-have-no-console-errors-chromium-mobile/video.webm
    ────────────────────────────────────────────────────────────────────────────────────────────────

    Error Context: test-results/specs-console-console-moni-8c90a-ould-have-no-console-errors-chromium-mobile/error-context.md

  15) [chromium-mobile] › tests/specs/console/console-monitoring.spec.ts:37:7 › Console Log Monitoring - Next.js App › Services page should have no console errors 

    Error: Found 11 console error(s):
      - Refused to apply style from 'http://localhost:3000/_next/static/css/app/layout.css?v=1761080087590' because its MIME type ('text/html') is not a supported stylesheet MIME type, and strict MIME checking is enabled. (http://localhost:3000/services)
      - Failed to load resource: the server responded with a status of 404 (Not Found) (http://localhost:3000/_next/static/chunks/app-pages-internals.js)
      - Refused to execute script from 'http://localhost:3000/_next/static/chunks/app-pages-internals.js' because its MIME type ('text/html') is not executable, and strict MIME type checking is enabled. (http://localhost:3000/services)
      - Failed to load resource: the server responded with a status of 404 (Not Found) (http://localhost:3000/_next/static/chunks/app/services/page.js)
      - Refused to execute script from 'http://localhost:3000/_next/static/chunks/app/services/page.js' because its MIME type ('text/html') is not executable, and strict MIME type checking is enabled. (http://localhost:3000/services)
      - Failed to load resource: the server responded with a status of 404 (Not Found) (http://localhost:3000/_next/static/chunks/main-app.js?v=1761080087590)
      - Refused to execute script from 'http://localhost:3000/_next/static/chunks/main-app.js?v=1761080087590' because its MIME type ('text/html') is not executable, and strict MIME type checking is enabled. (http://localhost:3000/services)
      - Failed to load resource: the server responded with a status of 404 (Not Found) (http://localhost:3000/_next/static/chunks/webpack.js?v=1761080087590)
      - Refused to execute script from 'http://localhost:3000/_next/static/chunks/webpack.js?v=1761080087590' because its MIME type ('text/html') is not executable, and strict MIME type checking is enabled. (http://localhost:3000/services)
      - Failed to load resource: the server responded with a status of 404 (Not Found) (http://localhost:3000/_next/static/chunks/app/layout.js)
      - Refused to execute script from 'http://localhost:3000/_next/static/chunks/app/layout.js' because its MIME type ('text/html') is not executable, and strict MIME type checking is enabled. (http://localhost:3000/services)

       at utils/performance-assertions.ts:115

      113 |     ).join('\n');
      114 |     
    > 115 |     throw new Error(`Found ${actualErrors.length} console error(s):\n${errorDetails}`);
          |           ^
      116 |   }
      117 | }
      118 |
        at expectNoConsoleErrors (/Users/andrewkazas/Desktop/Arvado/Hannah/LacqueLatteDeploy/next-app/tests/utils/performance-assertions.ts:115:11)
        at /Users/andrewkazas/Desktop/Arvado/Hannah/LacqueLatteDeploy/next-app/tests/specs/console/console-monitoring.spec.ts:48:32

    attachment #1: screenshot (image/png) ──────────────────────────────────────────────────────────
    test-results/specs-console-console-moni-4bc37-ould-have-no-console-errors-chromium-mobile/test-failed-1.png
    ────────────────────────────────────────────────────────────────────────────────────────────────

    attachment #2: video (video/webm) ──────────────────────────────────────────────────────────────
    test-results/specs-console-console-moni-4bc37-ould-have-no-console-errors-chromium-mobile/video.webm
    ────────────────────────────────────────────────────────────────────────────────────────────────

    Error Context: test-results/specs-console-console-moni-4bc37-ould-have-no-console-errors-chromium-mobile/error-context.md

  16) [chromium-mobile] › tests/specs/console/console-monitoring.spec.ts:54:7 › Console Log Monitoring - Next.js App › Portfolio page should have no console errors 

    Error: Found 11 console error(s):
      - Refused to apply style from 'http://localhost:3000/_next/static/css/app/layout.css?v=1761080087953' because its MIME type ('text/html') is not a supported stylesheet MIME type, and strict MIME checking is enabled. (http://localhost:3000/portfolio)
      - Failed to load resource: the server responded with a status of 404 (Not Found) (http://localhost:3000/_next/static/chunks/webpack.js?v=1761080087953)
      - Refused to execute script from 'http://localhost:3000/_next/static/chunks/webpack.js?v=1761080087953' because its MIME type ('text/html') is not executable, and strict MIME type checking is enabled. (http://localhost:3000/portfolio)
      - Failed to load resource: the server responded with a status of 404 (Not Found) (http://localhost:3000/_next/static/chunks/main-app.js?v=1761080087953)
      - Refused to execute script from 'http://localhost:3000/_next/static/chunks/main-app.js?v=1761080087953' because its MIME type ('text/html') is not executable, and strict MIME type checking is enabled. (http://localhost:3000/portfolio)
      - Failed to load resource: the server responded with a status of 404 (Not Found) (http://localhost:3000/_next/static/chunks/app/portfolio/page.js)
      - Refused to execute script from 'http://localhost:3000/_next/static/chunks/app/portfolio/page.js' because its MIME type ('text/html') is not executable, and strict MIME type checking is enabled. (http://localhost:3000/portfolio)
      - Failed to load resource: the server responded with a status of 404 (Not Found) (http://localhost:3000/_next/static/chunks/app-pages-internals.js)
      - Refused to execute script from 'http://localhost:3000/_next/static/chunks/app-pages-internals.js' because its MIME type ('text/html') is not executable, and strict MIME type checking is enabled. (http://localhost:3000/portfolio)
      - Failed to load resource: the server responded with a status of 404 (Not Found) (http://localhost:3000/_next/static/chunks/app/layout.js)
      - Refused to execute script from 'http://localhost:3000/_next/static/chunks/app/layout.js' because its MIME type ('text/html') is not executable, and strict MIME type checking is enabled. (http://localhost:3000/portfolio)

       at utils/performance-assertions.ts:115

      113 |     ).join('\n');
      114 |     
    > 115 |     throw new Error(`Found ${actualErrors.length} console error(s):\n${errorDetails}`);
          |           ^
      116 |   }
      117 | }
      118 |
        at expectNoConsoleErrors (/Users/andrewkazas/Desktop/Arvado/Hannah/LacqueLatteDeploy/next-app/tests/utils/performance-assertions.ts:115:11)
        at /Users/andrewkazas/Desktop/Arvado/Hannah/LacqueLatteDeploy/next-app/tests/specs/console/console-monitoring.spec.ts:65:32

    attachment #1: screenshot (image/png) ──────────────────────────────────────────────────────────
    test-results/specs-console-console-moni-311c0-ould-have-no-console-errors-chromium-mobile/test-failed-1.png
    ────────────────────────────────────────────────────────────────────────────────────────────────

    attachment #2: video (video/webm) ──────────────────────────────────────────────────────────────
    test-results/specs-console-console-moni-311c0-ould-have-no-console-errors-chromium-mobile/video.webm
    ────────────────────────────────────────────────────────────────────────────────────────────────

    Error Context: test-results/specs-console-console-moni-311c0-ould-have-no-console-errors-chromium-mobile/error-context.md

  17) [chromium-mobile] › tests/specs/console/console-monitoring.spec.ts:71:7 › Console Log Monitoring - Next.js App › Calendar page should have no console errors 

    Error: Found 11 console error(s):
      - Refused to apply style from 'http://localhost:3000/_next/static/css/app/layout.css?v=1761080089876' because its MIME type ('text/html') is not a supported stylesheet MIME type, and strict MIME checking is enabled. (http://localhost:3000/calendar)
      - Failed to load resource: the server responded with a status of 404 (Not Found) (http://localhost:3000/_next/static/chunks/app-pages-internals.js)
      - Refused to execute script from 'http://localhost:3000/_next/static/chunks/app-pages-internals.js' because its MIME type ('text/html') is not executable, and strict MIME type checking is enabled. (http://localhost:3000/calendar)
      - Failed to load resource: the server responded with a status of 404 (Not Found) (http://localhost:3000/_next/static/chunks/main-app.js?v=1761080089876)
      - Refused to execute script from 'http://localhost:3000/_next/static/chunks/main-app.js?v=1761080089876' because its MIME type ('text/html') is not executable, and strict MIME type checking is enabled. (http://localhost:3000/calendar)
      - Failed to load resource: the server responded with a status of 404 (Not Found) (http://localhost:3000/_next/static/chunks/webpack.js?v=1761080089876)
      - Refused to execute script from 'http://localhost:3000/_next/static/chunks/webpack.js?v=1761080089876' because its MIME type ('text/html') is not executable, and strict MIME type checking is enabled. (http://localhost:3000/calendar)
      - Failed to load resource: the server responded with a status of 404 (Not Found) (http://localhost:3000/_next/static/chunks/app/calendar/page.js)
      - Refused to execute script from 'http://localhost:3000/_next/static/chunks/app/calendar/page.js' because its MIME type ('text/html') is not executable, and strict MIME type checking is enabled. (http://localhost:3000/calendar)
      - Failed to load resource: the server responded with a status of 404 (Not Found) (http://localhost:3000/_next/static/chunks/app/layout.js)
      - Refused to execute script from 'http://localhost:3000/_next/static/chunks/app/layout.js' because its MIME type ('text/html') is not executable, and strict MIME type checking is enabled. (http://localhost:3000/calendar)

       at utils/performance-assertions.ts:115

      113 |     ).join('\n');
      114 |     
    > 115 |     throw new Error(`Found ${actualErrors.length} console error(s):\n${errorDetails}`);
          |           ^
      116 |   }
      117 | }
      118 |
        at expectNoConsoleErrors (/Users/andrewkazas/Desktop/Arvado/Hannah/LacqueLatteDeploy/next-app/tests/utils/performance-assertions.ts:115:11)
        at /Users/andrewkazas/Desktop/Arvado/Hannah/LacqueLatteDeploy/next-app/tests/specs/console/console-monitoring.spec.ts:82:32

    attachment #1: screenshot (image/png) ──────────────────────────────────────────────────────────
    test-results/specs-console-console-moni-88ade-ould-have-no-console-errors-chromium-mobile/test-failed-1.png
    ────────────────────────────────────────────────────────────────────────────────────────────────

    attachment #2: video (video/webm) ──────────────────────────────────────────────────────────────
    test-results/specs-console-console-moni-88ade-ould-have-no-console-errors-chromium-mobile/video.webm
    ────────────────────────────────────────────────────────────────────────────────────────────────

    Error Context: test-results/specs-console-console-moni-88ade-ould-have-no-console-errors-chromium-mobile/error-context.md

  18) [chromium-mobile] › tests/specs/console/console-monitoring.spec.ts:88:7 › Console Log Monitoring - Next.js App › No console errors during full navigation flow 

    Error: Found 55 console error(s):
      - Refused to apply style from 'http://localhost:3000/_next/static/css/app/layout.css?v=1761080089957' because its MIME type ('text/html') is not a supported stylesheet MIME type, and strict MIME checking is enabled. (http://localhost:3000/)
      - Failed to load resource: the server responded with a status of 404 (Not Found) (http://localhost:3000/_next/static/chunks/webpack.js?v=1761080089957)
      - Refused to execute script from 'http://localhost:3000/_next/static/chunks/webpack.js?v=1761080089957' because its MIME type ('text/html') is not executable, and strict MIME type checking is enabled. (http://localhost:3000/)
      - Failed to load resource: the server responded with a status of 404 (Not Found) (http://localhost:3000/_next/static/chunks/main-app.js?v=1761080089957)
      - Refused to execute script from 'http://localhost:3000/_next/static/chunks/main-app.js?v=1761080089957' because its MIME type ('text/html') is not executable, and strict MIME type checking is enabled. (http://localhost:3000/)
      - Failed to load resource: the server responded with a status of 404 (Not Found) (http://localhost:3000/_next/static/chunks/app-pages-internals.js)
      - Refused to execute script from 'http://localhost:3000/_next/static/chunks/app-pages-internals.js' because its MIME type ('text/html') is not executable, and strict MIME type checking is enabled. (http://localhost:3000/)
      - Failed to load resource: the server responded with a status of 404 (Not Found) (http://localhost:3000/_next/static/chunks/app/layout.js)
      - Refused to execute script from 'http://localhost:3000/_next/static/chunks/app/layout.js' because its MIME type ('text/html') is not executable, and strict MIME type checking is enabled. (http://localhost:3000/)
      - Failed to load resource: the server responded with a status of 404 (Not Found) (http://localhost:3000/_next/static/chunks/app/page.js)
      - Refused to execute script from 'http://localhost:3000/_next/static/chunks/app/page.js' because its MIME type ('text/html') is not executable, and strict MIME type checking is enabled. (http://localhost:3000/)
      - Refused to apply style from 'http://localhost:3000/_next/static/css/app/layout.css?v=1761080090611' because its MIME type ('text/html') is not a supported stylesheet MIME type, and strict MIME checking is enabled. (http://localhost:3000/services)
      - Failed to load resource: the server responded with a status of 404 (Not Found) (http://localhost:3000/_next/static/chunks/app-pages-internals.js)
      - Refused to execute script from 'http://localhost:3000/_next/static/chunks/app-pages-internals.js' because its MIME type ('text/html') is not executable, and strict MIME type checking is enabled. (http://localhost:3000/services)
      - Failed to load resource: the server responded with a status of 404 (Not Found) (http://localhost:3000/_next/static/chunks/webpack.js?v=1761080090611)
      - Refused to execute script from 'http://localhost:3000/_next/static/chunks/webpack.js?v=1761080090611' because its MIME type ('text/html') is not executable, and strict MIME type checking is enabled. (http://localhost:3000/services)
      - Failed to load resource: the server responded with a status of 404 (Not Found) (http://localhost:3000/_next/static/chunks/app/services/page.js)
      - Refused to execute script from 'http://localhost:3000/_next/static/chunks/app/services/page.js' because its MIME type ('text/html') is not executable, and strict MIME type checking is enabled. (http://localhost:3000/services)
      - Failed to load resource: the server responded with a status of 404 (Not Found) (http://localhost:3000/_next/static/chunks/main-app.js?v=1761080090611)
      - Refused to execute script from 'http://localhost:3000/_next/static/chunks/main-app.js?v=1761080090611' because its MIME type ('text/html') is not executable, and strict MIME type checking is enabled. (http://localhost:3000/services)
      - Failed to load resource: the server responded with a status of 404 (Not Found) (http://localhost:3000/_next/static/chunks/app/layout.js)
      - Refused to execute script from 'http://localhost:3000/_next/static/chunks/app/layout.js' because its MIME type ('text/html') is not executable, and strict MIME type checking is enabled. (http://localhost:3000/services)
      - Refused to apply style from 'http://localhost:3000/_next/static/css/app/layout.css?v=1761080091171' because its MIME type ('text/html') is not a supported stylesheet MIME type, and strict MIME checking is enabled. (http://localhost:3000/portfolio)
      - Failed to load resource: the server responded with a status of 404 (Not Found) (http://localhost:3000/_next/static/chunks/main-app.js?v=1761080091171)
      - Refused to execute script from 'http://localhost:3000/_next/static/chunks/main-app.js?v=1761080091171' because its MIME type ('text/html') is not executable, and strict MIME type checking is enabled. (http://localhost:3000/portfolio)
      - Failed to load resource: the server responded with a status of 404 (Not Found) (http://localhost:3000/_next/static/chunks/webpack.js?v=1761080091171)
      - Refused to execute script from 'http://localhost:3000/_next/static/chunks/webpack.js?v=1761080091171' because its MIME type ('text/html') is not executable, and strict MIME type checking is enabled. (http://localhost:3000/portfolio)
      - Failed to load resource: the server responded with a status of 404 (Not Found) (http://localhost:3000/_next/static/chunks/app-pages-internals.js)
      - Refused to execute script from 'http://localhost:3000/_next/static/chunks/app-pages-internals.js' because its MIME type ('text/html') is not executable, and strict MIME type checking is enabled. (http://localhost:3000/portfolio)
      - Failed to load resource: the server responded with a status of 404 (Not Found) (http://localhost:3000/_next/static/chunks/app/portfolio/page.js)
      - Refused to execute script from 'http://localhost:3000/_next/static/chunks/app/portfolio/page.js' because its MIME type ('text/html') is not executable, and strict MIME type checking is enabled. (http://localhost:3000/portfolio)
      - Failed to load resource: the server responded with a status of 404 (Not Found) (http://localhost:3000/_next/static/chunks/app/layout.js)
      - Refused to execute script from 'http://localhost:3000/_next/static/chunks/app/layout.js' because its MIME type ('text/html') is not executable, and strict MIME type checking is enabled. (http://localhost:3000/portfolio)
      - Refused to apply style from 'http://localhost:3000/_next/static/css/app/layout.css?v=1761080091779' because its MIME type ('text/html') is not a supported stylesheet MIME type, and strict MIME checking is enabled. (http://localhost:3000/calendar)
      - Failed to load resource: the server responded with a status of 404 (Not Found) (http://localhost:3000/_next/static/chunks/main-app.js?v=1761080091779)
      - Refused to execute script from 'http://localhost:3000/_next/static/chunks/main-app.js?v=1761080091779' because its MIME type ('text/html') is not executable, and strict MIME type checking is enabled. (http://localhost:3000/calendar)
      - Failed to load resource: the server responded with a status of 404 (Not Found) (http://localhost:3000/_next/static/chunks/webpack.js?v=1761080091779)
      - Refused to execute script from 'http://localhost:3000/_next/static/chunks/webpack.js?v=1761080091779' because its MIME type ('text/html') is not executable, and strict MIME type checking is enabled. (http://localhost:3000/calendar)
      - Failed to load resource: the server responded with a status of 404 (Not Found) (http://localhost:3000/_next/static/chunks/app-pages-internals.js)
      - Refused to execute script from 'http://localhost:3000/_next/static/chunks/app-pages-internals.js' because its MIME type ('text/html') is not executable, and strict MIME type checking is enabled. (http://localhost:3000/calendar)
      - Failed to load resource: the server responded with a status of 404 (Not Found) (http://localhost:3000/_next/static/chunks/app/calendar/page.js)
      - Refused to execute script from 'http://localhost:3000/_next/static/chunks/app/calendar/page.js' because its MIME type ('text/html') is not executable, and strict MIME type checking is enabled. (http://localhost:3000/calendar)
      - Failed to load resource: the server responded with a status of 404 (Not Found) (http://localhost:3000/_next/static/chunks/app/layout.js)
      - Refused to execute script from 'http://localhost:3000/_next/static/chunks/app/layout.js' because its MIME type ('text/html') is not executable, and strict MIME type checking is enabled. (http://localhost:3000/calendar)
      - Refused to apply style from 'http://localhost:3000/_next/static/css/app/layout.css?v=1761080092338' because its MIME type ('text/html') is not a supported stylesheet MIME type, and strict MIME checking is enabled. (http://localhost:3000/)
      - Failed to load resource: the server responded with a status of 404 (Not Found) (http://localhost:3000/_next/static/chunks/app/page.js)
      - Refused to execute script from 'http://localhost:3000/_next/static/chunks/app/page.js' because its MIME type ('text/html') is not executable, and strict MIME type checking is enabled. (http://localhost:3000/)
      - Failed to load resource: the server responded with a status of 404 (Not Found) (http://localhost:3000/_next/static/chunks/app-pages-internals.js)
      - Refused to execute script from 'http://localhost:3000/_next/static/chunks/app-pages-internals.js' because its MIME type ('text/html') is not executable, and strict MIME type checking is enabled. (http://localhost:3000/)
      - Failed to load resource: the server responded with a status of 404 (Not Found) (http://localhost:3000/_next/static/chunks/app/layout.js)
      - Refused to execute script from 'http://localhost:3000/_next/static/chunks/app/layout.js' because its MIME type ('text/html') is not executable, and strict MIME type checking is enabled. (http://localhost:3000/)
      - Failed to load resource: the server responded with a status of 404 (Not Found) (http://localhost:3000/_next/static/chunks/webpack.js?v=1761080092338)
      - Refused to execute script from 'http://localhost:3000/_next/static/chunks/webpack.js?v=1761080092338' because its MIME type ('text/html') is not executable, and strict MIME type checking is enabled. (http://localhost:3000/)
      - Failed to load resource: the server responded with a status of 404 (Not Found) (http://localhost:3000/_next/static/chunks/main-app.js?v=1761080092338)
      - Refused to execute script from 'http://localhost:3000/_next/static/chunks/main-app.js?v=1761080092338' because its MIME type ('text/html') is not executable, and strict MIME type checking is enabled. (http://localhost:3000/)

       at utils/performance-assertions.ts:115

      113 |     ).join('\n');
      114 |     
    > 115 |     throw new Error(`Found ${actualErrors.length} console error(s):\n${errorDetails}`);
          |           ^
      116 |   }
      117 | }
      118 |
        at expectNoConsoleErrors (/Users/andrewkazas/Desktop/Arvado/Hannah/LacqueLatteDeploy/next-app/tests/utils/performance-assertions.ts:115:11)
        at /Users/andrewkazas/Desktop/Arvado/Hannah/LacqueLatteDeploy/next-app/tests/specs/console/console-monitoring.spec.ts:125:32

    attachment #1: screenshot (image/png) ──────────────────────────────────────────────────────────
    test-results/specs-console-console-moni-c6bfe-during-full-navigation-flow-chromium-mobile/test-failed-1.png
    ────────────────────────────────────────────────────────────────────────────────────────────────

    attachment #2: video (video/webm) ──────────────────────────────────────────────────────────────
    test-results/specs-console-console-moni-c6bfe-during-full-navigation-flow-chromium-mobile/video.webm
    ────────────────────────────────────────────────────────────────────────────────────────────────

    Error Context: test-results/specs-console-console-moni-c6bfe-during-full-navigation-flow-chromium-mobile/error-context.md

  19) [chromium-mobile] › tests/specs/console/console-monitoring.spec.ts:265:7 › Console Monitoring - Error Recovery › Should handle navigation errors gracefully 

    Error: Found 5 console error(s):
      - Refused to apply style from 'http://localhost:3000/_next/static/css/app/layout.css?v=1761080092873' because its MIME type ('text/html') is not a supported stylesheet MIME type, and strict MIME checking is enabled. (http://localhost:3000/this-page-does-not-exist)
      - Refused to execute script from 'http://localhost:3000/_next/static/chunks/main-app.js?v=1761080092873' because its MIME type ('text/html') is not executable, and strict MIME type checking is enabled. (http://localhost:3000/this-page-does-not-exist)
      - Refused to execute script from 'http://localhost:3000/_next/static/chunks/webpack.js?v=1761080092873' because its MIME type ('text/html') is not executable, and strict MIME type checking is enabled. (http://localhost:3000/this-page-does-not-exist)
      - Refused to execute script from 'http://localhost:3000/_next/static/chunks/app-pages-internals.js' because its MIME type ('text/html') is not executable, and strict MIME type checking is enabled. (http://localhost:3000/this-page-does-not-exist)
      - Refused to execute script from 'http://localhost:3000/_next/static/chunks/app/layout.js' because its MIME type ('text/html') is not executable, and strict MIME type checking is enabled. (http://localhost:3000/this-page-does-not-exist)

       at utils/performance-assertions.ts:115

      113 |     ).join('\n');
      114 |     
    > 115 |     throw new Error(`Found ${actualErrors.length} console error(s):\n${errorDetails}`);
          |           ^
      116 |   }
      117 | }
      118 |
        at expectNoConsoleErrors (/Users/andrewkazas/Desktop/Arvado/Hannah/LacqueLatteDeploy/next-app/tests/utils/performance-assertions.ts:115:11)
        at /Users/andrewkazas/Desktop/Arvado/Hannah/LacqueLatteDeploy/next-app/tests/specs/console/console-monitoring.spec.ts:280:32

    attachment #1: screenshot (image/png) ──────────────────────────────────────────────────────────
    test-results/specs-console-console-moni-70060-avigation-errors-gracefully-chromium-mobile/test-failed-1.png
    ────────────────────────────────────────────────────────────────────────────────────────────────

    attachment #2: video (video/webm) ──────────────────────────────────────────────────────────────
    test-results/specs-console-console-moni-70060-avigation-errors-gracefully-chromium-mobile/video.webm
    ────────────────────────────────────────────────────────────────────────────────────────────────

    Error Context: test-results/specs-console-console-moni-70060-avigation-errors-gracefully-chromium-mobile/error-context.md

  20) [chromium-mobile] › tests/specs/console/smooth-operation.spec.ts:139:7 › Smooth Operation - User Experience › Loading states should be smooth 

    Error: Loading should complete without errors

    [2mexpect([22m[31mreceived[39m[2m).[22mtoBe[2m([22m[32mexpected[39m[2m) // Object.is equality[22m

    Expected: [32m0[39m
    Received: [31m11[39m

      157 |     // Loading should complete without errors
      158 |     const errors = consoleMessages.filter(m => m.type === 'error');
    > 159 |     expect(errors.length, 'Loading should complete without errors').toBe(0);
          |                                                                     ^
      160 |   });
      161 |
      162 |   test('Hover states should respond immediately', async ({ 
        at /Users/andrewkazas/Desktop/Arvado/Hannah/LacqueLatteDeploy/next-app/tests/specs/console/smooth-operation.spec.ts:159:69

    attachment #1: screenshot (image/png) ──────────────────────────────────────────────────────────
    test-results/specs-console-smooth-opera-c4c6f-ing-states-should-be-smooth-chromium-mobile/test-failed-1.png
    ────────────────────────────────────────────────────────────────────────────────────────────────

    attachment #2: video (video/webm) ──────────────────────────────────────────────────────────────
    test-results/specs-console-smooth-opera-c4c6f-ing-states-should-be-smooth-chromium-mobile/video.webm
    ────────────────────────────────────────────────────────────────────────────────────────────────

    Error Context: test-results/specs-console-smooth-opera-c4c6f-ing-states-should-be-smooth-chromium-mobile/error-context.md

  21) [chromium-mobile] › tests/specs/console/smooth-operation.spec.ts:252:7 › Smooth Operation - User Experience › Rapid clicking should not cause issues 

    Error: Should handle rapid clicks without errors

    [2mexpect([22m[31mreceived[39m[2m).[22mtoBe[2m([22m[32mexpected[39m[2m) // Object.is equality[22m

    Expected: [32m0[39m
    Received: [31m11[39m

      277 |         recentErrors.length,
      278 |         'Should handle rapid clicks without errors'
    > 279 |       ).toBe(0);
          |         ^
      280 |     }
      281 |   });
      282 | });
        at /Users/andrewkazas/Desktop/Arvado/Hannah/LacqueLatteDeploy/next-app/tests/specs/console/smooth-operation.spec.ts:279:9

    attachment #1: screenshot (image/png) ──────────────────────────────────────────────────────────
    test-results/specs-console-smooth-opera-6d5c4-ing-should-not-cause-issues-chromium-mobile/test-failed-1.png
    ────────────────────────────────────────────────────────────────────────────────────────────────

    attachment #2: video (video/webm) ──────────────────────────────────────────────────────────────
    test-results/specs-console-smooth-opera-6d5c4-ing-should-not-cause-issues-chromium-mobile/video.webm
    ────────────────────────────────────────────────────────────────────────────────────────────────

    Error Context: test-results/specs-console-smooth-opera-6d5c4-ing-should-not-cause-issues-chromium-mobile/error-context.md

  22) [chromium-mobile] › tests/specs/console/smooth-operation.spec.ts:309:7 › Smooth Operation - Mobile › Mobile menu should open smoothly 

    Error: Mobile menu should open without errors

    [2mexpect([22m[31mreceived[39m[2m).[22mtoBe[2m([22m[32mexpected[39m[2m) // Object.is equality[22m

    Expected: [32m0[39m
    Received: [31m11[39m

      320 |       // Should open without errors
      321 |       const errors = consoleMessages.filter(m => m.type === 'error');
    > 322 |       expect(errors.length, 'Mobile menu should open without errors').toBe(0);
          |                                                                       ^
      323 |     }
      324 |   });
      325 | });
        at /Users/andrewkazas/Desktop/Arvado/Hannah/LacqueLatteDeploy/next-app/tests/specs/console/smooth-operation.spec.ts:322:71

    attachment #1: screenshot (image/png) ──────────────────────────────────────────────────────────
    test-results/specs-console-smooth-opera-cd915-e-menu-should-open-smoothly-chromium-mobile/test-failed-1.png
    ────────────────────────────────────────────────────────────────────────────────────────────────

    attachment #2: video (video/webm) ──────────────────────────────────────────────────────────────
    test-results/specs-console-smooth-opera-cd915-e-menu-should-open-smoothly-chromium-mobile/video.webm
    ────────────────────────────────────────────────────────────────────────────────────────────────

    Error Context: test-results/specs-console-smooth-opera-cd915-e-menu-should-open-smoothly-chromium-mobile/error-context.md

  23) [chromium-mobile] › tests/specs/performance/page-performance.spec.ts:15:7 › Page Performance - Next.js App › Home page should load quickly and efficiently 

    Error: Found 6 failed request(s):
      - GET http://localhost:3000/_next/static/css/app/layout.css?v=1761080097449 (failed)
      - GET http://localhost:3000/_next/static/chunks/webpack.js?v=1761080097449 (failed)
      - GET http://localhost:3000/_next/static/chunks/app-pages-internals.js (failed)
      - GET http://localhost:3000/_next/static/chunks/app/page.js (failed)
      - GET http://localhost:3000/_next/static/chunks/app/layout.js (failed)
      - GET http://localhost:3000/_next/static/chunks/main-app.js?v=1761080097449 (failed)

       at utils/performance-assertions.ts:159

      157 |     ).join('\n');
      158 |     
    > 159 |     throw new Error(`Found ${actualFailures.length} failed request(s):\n${failureDetails}`);
          |           ^
      160 |   }
      161 | }
      162 |
        at expectNoFailedRequests (/Users/andrewkazas/Desktop/Arvado/Hannah/LacqueLatteDeploy/next-app/tests/utils/performance-assertions.ts:159:11)
        at /Users/andrewkazas/Desktop/Arvado/Hannah/LacqueLatteDeploy/next-app/tests/specs/performance/page-performance.spec.ts:39:33

    attachment #1: screenshot (image/png) ──────────────────────────────────────────────────────────
    test-results/specs-performance-page-per-39720-oad-quickly-and-efficiently-chromium-mobile/test-failed-1.png
    ────────────────────────────────────────────────────────────────────────────────────────────────

    attachment #2: video (video/webm) ──────────────────────────────────────────────────────────────
    test-results/specs-performance-page-per-39720-oad-quickly-and-efficiently-chromium-mobile/video.webm
    ────────────────────────────────────────────────────────────────────────────────────────────────

    Error Context: test-results/specs-performance-page-per-39720-oad-quickly-and-efficiently-chromium-mobile/error-context.md

  24) [chromium-mobile] › tests/specs/performance/page-performance.spec.ts:48:7 › Page Performance - Next.js App › Services page should load quickly 

    Error: Found 6 failed request(s):
      - GET http://localhost:3000/_next/static/css/app/layout.css?v=1761080099393 (failed)
      - GET http://localhost:3000/_next/static/chunks/webpack.js?v=1761080099393 (failed)
      - GET http://localhost:3000/_next/static/chunks/main-app.js?v=1761080099393 (failed)
      - GET http://localhost:3000/_next/static/chunks/app/services/page.js (failed)
      - GET http://localhost:3000/_next/static/chunks/app-pages-internals.js (failed)
      - GET http://localhost:3000/_next/static/chunks/app/layout.js (failed)

       at utils/performance-assertions.ts:159

      157 |     ).join('\n');
      158 |     
    > 159 |     throw new Error(`Found ${actualFailures.length} failed request(s):\n${failureDetails}`);
          |           ^
      160 |   }
      161 | }
      162 |
        at expectNoFailedRequests (/Users/andrewkazas/Desktop/Arvado/Hannah/LacqueLatteDeploy/next-app/tests/utils/performance-assertions.ts:159:11)
        at /Users/andrewkazas/Desktop/Arvado/Hannah/LacqueLatteDeploy/next-app/tests/specs/performance/page-performance.spec.ts:63:33

    attachment #1: screenshot (image/png) ──────────────────────────────────────────────────────────
    test-results/specs-performance-page-per-09dcc-es-page-should-load-quickly-chromium-mobile/test-failed-1.png
    ────────────────────────────────────────────────────────────────────────────────────────────────

    attachment #2: video (video/webm) ──────────────────────────────────────────────────────────────
    test-results/specs-performance-page-per-09dcc-es-page-should-load-quickly-chromium-mobile/video.webm
    ────────────────────────────────────────────────────────────────────────────────────────────────

    Error Context: test-results/specs-performance-page-per-09dcc-es-page-should-load-quickly-chromium-mobile/error-context.md

  25) [chromium-mobile] › tests/specs/performance/page-performance.spec.ts:69:7 › Page Performance - Next.js App › Portfolio page should load images efficiently 

    Error: Found 6 failed request(s):
      - GET http://localhost:3000/_next/static/css/app/layout.css?v=1761080098915 (failed)
      - GET http://localhost:3000/_next/static/chunks/webpack.js?v=1761080098915 (failed)
      - GET http://localhost:3000/_next/static/chunks/main-app.js?v=1761080098915 (failed)
      - GET http://localhost:3000/_next/static/chunks/app/portfolio/page.js (failed)
      - GET http://localhost:3000/_next/static/chunks/app-pages-internals.js (failed)
      - GET http://localhost:3000/_next/static/chunks/app/layout.js (failed)

       at utils/performance-assertions.ts:159

      157 |     ).join('\n');
      158 |     
    > 159 |     throw new Error(`Found ${actualFailures.length} failed request(s):\n${failureDetails}`);
          |           ^
      160 |   }
      161 | }
      162 |
        at expectNoFailedRequests (/Users/andrewkazas/Desktop/Arvado/Hannah/LacqueLatteDeploy/next-app/tests/utils/performance-assertions.ts:159:11)
        at /Users/andrewkazas/Desktop/Arvado/Hannah/LacqueLatteDeploy/next-app/tests/specs/performance/page-performance.spec.ts:91:33

    attachment #1: screenshot (image/png) ──────────────────────────────────────────────────────────
    test-results/specs-performance-page-per-f0cec-uld-load-images-efficiently-chromium-mobile/test-failed-1.png
    ────────────────────────────────────────────────────────────────────────────────────────────────

    attachment #2: video (video/webm) ──────────────────────────────────────────────────────────────
    test-results/specs-performance-page-per-f0cec-uld-load-images-efficiently-chromium-mobile/video.webm
    ────────────────────────────────────────────────────────────────────────────────────────────────

    Error Context: test-results/specs-performance-page-per-f0cec-uld-load-images-efficiently-chromium-mobile/error-context.md

  26) [chromium-mobile] › tests/specs/performance/page-performance.spec.ts:109:7 › Page Performance - Next.js App › Calendar page should be interactive quickly 

    Error: Found 6 failed request(s):
      - GET http://localhost:3000/_next/static/css/app/layout.css?v=1761080099683 (failed)
      - GET http://localhost:3000/_next/static/chunks/webpack.js?v=1761080099683 (failed)
      - GET http://localhost:3000/_next/static/chunks/main-app.js?v=1761080099683 (failed)
      - GET http://localhost:3000/_next/static/chunks/app-pages-internals.js (failed)
      - GET http://localhost:3000/_next/static/chunks/app/calendar/page.js (failed)
      - GET http://localhost:3000/_next/static/chunks/app/layout.js (failed)

       at utils/performance-assertions.ts:159

      157 |     ).join('\n');
      158 |     
    > 159 |     throw new Error(`Found ${actualFailures.length} failed request(s):\n${failureDetails}`);
          |           ^
      160 |   }
      161 | }
      162 |
        at expectNoFailedRequests (/Users/andrewkazas/Desktop/Arvado/Hannah/LacqueLatteDeploy/next-app/tests/utils/performance-assertions.ts:159:11)
        at /Users/andrewkazas/Desktop/Arvado/Hannah/LacqueLatteDeploy/next-app/tests/specs/performance/page-performance.spec.ts:124:33

    attachment #1: screenshot (image/png) ──────────────────────────────────────────────────────────
    test-results/specs-performance-page-per-319f6-ould-be-interactive-quickly-chromium-mobile/test-failed-1.png
    ────────────────────────────────────────────────────────────────────────────────────────────────

    attachment #2: video (video/webm) ──────────────────────────────────────────────────────────────
    test-results/specs-performance-page-per-319f6-ould-be-interactive-quickly-chromium-mobile/video.webm
    ────────────────────────────────────────────────────────────────────────────────────────────────

    Error Context: test-results/specs-performance-page-per-319f6-ould-be-interactive-quickly-chromium-mobile/error-context.md

  27) [firefox] › tests/specs/console/console-monitoring.spec.ts:12:7 › Console Log Monitoring - Next.js App › Home page should have no console errors 

    Error: Found 6 console error(s):
      - [JavaScript Error: "The resource from “http://localhost:3000/_next/static/chunks/app-pages-internals.js” was blocked due to MIME type (“text/html”) mismatch (X-Content-Type-Options: nosniff)." {file: "http://localhost:3000/" line: 0}] (http://localhost:3000/)
      - [JavaScript Error: "The resource from “http://localhost:3000/_next/static/chunks/main-app.js?v=1761080104098” was blocked due to MIME type (“text/html”) mismatch (X-Content-Type-Options: nosniff)." {file: "http://localhost:3000/" line: 0}] (http://localhost:3000/)
      - [JavaScript Error: "The resource from “http://localhost:3000/_next/static/chunks/webpack.js?v=1761080104098” was blocked due to MIME type (“text/html”) mismatch (X-Content-Type-Options: nosniff)." {file: "http://localhost:3000/" line: 0}] (http://localhost:3000/)
      - [JavaScript Error: "The resource from “http://localhost:3000/_next/static/css/app/layout.css?v=1761080104098” was blocked due to MIME type (“text/html”) mismatch (X-Content-Type-Options: nosniff)." {file: "http://localhost:3000/" line: 0}] (http://localhost:3000/)
      - [JavaScript Error: "The resource from “http://localhost:3000/_next/static/chunks/app/page.js” was blocked due to MIME type (“text/html”) mismatch (X-Content-Type-Options: nosniff)." {file: "http://localhost:3000/" line: 0}] (http://localhost:3000/)
      - [JavaScript Error: "The resource from “http://localhost:3000/_next/static/chunks/app/layout.js” was blocked due to MIME type (“text/html”) mismatch (X-Content-Type-Options: nosniff)." {file: "http://localhost:3000/" line: 0}] (http://localhost:3000/)

       at utils/performance-assertions.ts:115

      113 |     ).join('\n');
      114 |     
    > 115 |     throw new Error(`Found ${actualErrors.length} console error(s):\n${errorDetails}`);
          |           ^
      116 |   }
      117 | }
      118 |
        at expectNoConsoleErrors (/Users/andrewkazas/Desktop/Arvado/Hannah/LacqueLatteDeploy/next-app/tests/utils/performance-assertions.ts:115:11)
        at /Users/andrewkazas/Desktop/Arvado/Hannah/LacqueLatteDeploy/next-app/tests/specs/console/console-monitoring.spec.ts:30:32

    attachment #1: screenshot (image/png) ──────────────────────────────────────────────────────────
    test-results/specs-console-console-moni-8c90a-ould-have-no-console-errors-firefox/test-failed-1.png
    ────────────────────────────────────────────────────────────────────────────────────────────────

    attachment #2: video (video/webm) ──────────────────────────────────────────────────────────────
    test-results/specs-console-console-moni-8c90a-ould-have-no-console-errors-firefox/video.webm
    ────────────────────────────────────────────────────────────────────────────────────────────────

    Error Context: test-results/specs-console-console-moni-8c90a-ould-have-no-console-errors-firefox/error-context.md

  28) [firefox] › tests/specs/console/console-monitoring.spec.ts:37:7 › Console Log Monitoring - Next.js App › Services page should have no console errors 

    Error: Found 6 console error(s):
      - [JavaScript Error: "The resource from “http://localhost:3000/_next/static/css/app/layout.css?v=1761080104624” was blocked due to MIME type (“text/html”) mismatch (X-Content-Type-Options: nosniff)." {file: "http://localhost:3000/services" line: 0}] (http://localhost:3000/services)
      - [JavaScript Error: "The resource from “http://localhost:3000/_next/static/chunks/main-app.js?v=1761080104624” was blocked due to MIME type (“text/html”) mismatch (X-Content-Type-Options: nosniff)." {file: "http://localhost:3000/services" line: 0}] (http://localhost:3000/services)
      - [JavaScript Error: "The resource from “http://localhost:3000/_next/static/chunks/webpack.js?v=1761080104624” was blocked due to MIME type (“text/html”) mismatch (X-Content-Type-Options: nosniff)." {file: "http://localhost:3000/services" line: 0}] (http://localhost:3000/services)
      - [JavaScript Error: "The resource from “http://localhost:3000/_next/static/chunks/app-pages-internals.js” was blocked due to MIME type (“text/html”) mismatch (X-Content-Type-Options: nosniff)." {file: "http://localhost:3000/services" line: 0}] (http://localhost:3000/services)
      - [JavaScript Error: "The resource from “http://localhost:3000/_next/static/chunks/app/services/page.js” was blocked due to MIME type (“text/html”) mismatch (X-Content-Type-Options: nosniff)." {file: "http://localhost:3000/services" line: 0}] (http://localhost:3000/services)
      - [JavaScript Error: "The resource from “http://localhost:3000/_next/static/chunks/app/layout.js” was blocked due to MIME type (“text/html”) mismatch (X-Content-Type-Options: nosniff)." {file: "http://localhost:3000/services" line: 0}] (http://localhost:3000/services)

       at utils/performance-assertions.ts:115

      113 |     ).join('\n');
      114 |     
    > 115 |     throw new Error(`Found ${actualErrors.length} console error(s):\n${errorDetails}`);
          |           ^
      116 |   }
      117 | }
      118 |
        at expectNoConsoleErrors (/Users/andrewkazas/Desktop/Arvado/Hannah/LacqueLatteDeploy/next-app/tests/utils/performance-assertions.ts:115:11)
        at /Users/andrewkazas/Desktop/Arvado/Hannah/LacqueLatteDeploy/next-app/tests/specs/console/console-monitoring.spec.ts:48:32

    attachment #1: screenshot (image/png) ──────────────────────────────────────────────────────────
    test-results/specs-console-console-moni-4bc37-ould-have-no-console-errors-firefox/test-failed-1.png
    ────────────────────────────────────────────────────────────────────────────────────────────────

    attachment #2: video (video/webm) ──────────────────────────────────────────────────────────────
    test-results/specs-console-console-moni-4bc37-ould-have-no-console-errors-firefox/video.webm
    ────────────────────────────────────────────────────────────────────────────────────────────────

    Error Context: test-results/specs-console-console-moni-4bc37-ould-have-no-console-errors-firefox/error-context.md

  29) [firefox] › tests/specs/console/console-monitoring.spec.ts:54:7 › Console Log Monitoring - Next.js App › Portfolio page should have no console errors 

    Error: Found 6 console error(s):
      - [JavaScript Error: "The resource from “http://localhost:3000/_next/static/chunks/webpack.js?v=1761080105027” was blocked due to MIME type (“text/html”) mismatch (X-Content-Type-Options: nosniff)." {file: "http://localhost:3000/portfolio" line: 0}] (http://localhost:3000/portfolio)
      - [JavaScript Error: "The resource from “http://localhost:3000/_next/static/css/app/layout.css?v=1761080105027” was blocked due to MIME type (“text/html”) mismatch (X-Content-Type-Options: nosniff)." {file: "http://localhost:3000/portfolio" line: 0}] (http://localhost:3000/portfolio)
      - [JavaScript Error: "The resource from “http://localhost:3000/_next/static/chunks/main-app.js?v=1761080105027” was blocked due to MIME type (“text/html”) mismatch (X-Content-Type-Options: nosniff)." {file: "http://localhost:3000/portfolio" line: 0}] (http://localhost:3000/portfolio)
      - [JavaScript Error: "The resource from “http://localhost:3000/_next/static/chunks/app/portfolio/page.js” was blocked due to MIME type (“text/html”) mismatch (X-Content-Type-Options: nosniff)." {file: "http://localhost:3000/portfolio" line: 0}] (http://localhost:3000/portfolio)
      - [JavaScript Error: "The resource from “http://localhost:3000/_next/static/chunks/app-pages-internals.js” was blocked due to MIME type (“text/html”) mismatch (X-Content-Type-Options: nosniff)." {file: "http://localhost:3000/portfolio" line: 0}] (http://localhost:3000/portfolio)
      - [JavaScript Error: "The resource from “http://localhost:3000/_next/static/chunks/app/layout.js” was blocked due to MIME type (“text/html”) mismatch (X-Content-Type-Options: nosniff)." {file: "http://localhost:3000/portfolio" line: 0}] (http://localhost:3000/portfolio)

       at utils/performance-assertions.ts:115

      113 |     ).join('\n');
      114 |     
    > 115 |     throw new Error(`Found ${actualErrors.length} console error(s):\n${errorDetails}`);
          |           ^
      116 |   }
      117 | }
      118 |
        at expectNoConsoleErrors (/Users/andrewkazas/Desktop/Arvado/Hannah/LacqueLatteDeploy/next-app/tests/utils/performance-assertions.ts:115:11)
        at /Users/andrewkazas/Desktop/Arvado/Hannah/LacqueLatteDeploy/next-app/tests/specs/console/console-monitoring.spec.ts:65:32

    attachment #1: screenshot (image/png) ──────────────────────────────────────────────────────────
    test-results/specs-console-console-moni-311c0-ould-have-no-console-errors-firefox/test-failed-1.png
    ────────────────────────────────────────────────────────────────────────────────────────────────

    attachment #2: video (video/webm) ──────────────────────────────────────────────────────────────
    test-results/specs-console-console-moni-311c0-ould-have-no-console-errors-firefox/video.webm
    ────────────────────────────────────────────────────────────────────────────────────────────────

    Error Context: test-results/specs-console-console-moni-311c0-ould-have-no-console-errors-firefox/error-context.md

  30) [firefox] › tests/specs/console/console-monitoring.spec.ts:71:7 › Console Log Monitoring - Next.js App › Calendar page should have no console errors 

    Error: Found 6 console error(s):
      - [JavaScript Error: "The resource from “http://localhost:3000/_next/static/chunks/app-pages-internals.js” was blocked due to MIME type (“text/html”) mismatch (X-Content-Type-Options: nosniff)." {file: "http://localhost:3000/calendar" line: 0}] (http://localhost:3000/calendar)
      - [JavaScript Error: "The resource from “http://localhost:3000/_next/static/chunks/main-app.js?v=1761080107227” was blocked due to MIME type (“text/html”) mismatch (X-Content-Type-Options: nosniff)." {file: "http://localhost:3000/calendar" line: 0}] (http://localhost:3000/calendar)
      - [JavaScript Error: "The resource from “http://localhost:3000/_next/static/chunks/webpack.js?v=1761080107227” was blocked due to MIME type (“text/html”) mismatch (X-Content-Type-Options: nosniff)." {file: "http://localhost:3000/calendar" line: 0}] (http://localhost:3000/calendar)
      - [JavaScript Error: "The resource from “http://localhost:3000/_next/static/css/app/layout.css?v=1761080107227” was blocked due to MIME type (“text/html”) mismatch (X-Content-Type-Options: nosniff)." {file: "http://localhost:3000/calendar" line: 0}] (http://localhost:3000/calendar)
      - [JavaScript Error: "The resource from “http://localhost:3000/_next/static/chunks/app/calendar/page.js” was blocked due to MIME type (“text/html”) mismatch (X-Content-Type-Options: nosniff)." {file: "http://localhost:3000/calendar" line: 0}] (http://localhost:3000/calendar)
      - [JavaScript Error: "The resource from “http://localhost:3000/_next/static/chunks/app/layout.js” was blocked due to MIME type (“text/html”) mismatch (X-Content-Type-Options: nosniff)." {file: "http://localhost:3000/calendar" line: 0}] (http://localhost:3000/calendar)

       at utils/performance-assertions.ts:115

      113 |     ).join('\n');
      114 |     
    > 115 |     throw new Error(`Found ${actualErrors.length} console error(s):\n${errorDetails}`);
          |           ^
      116 |   }
      117 | }
      118 |
        at expectNoConsoleErrors (/Users/andrewkazas/Desktop/Arvado/Hannah/LacqueLatteDeploy/next-app/tests/utils/performance-assertions.ts:115:11)
        at /Users/andrewkazas/Desktop/Arvado/Hannah/LacqueLatteDeploy/next-app/tests/specs/console/console-monitoring.spec.ts:82:32

    attachment #1: screenshot (image/png) ──────────────────────────────────────────────────────────
    test-results/specs-console-console-moni-88ade-ould-have-no-console-errors-firefox/test-failed-1.png
    ────────────────────────────────────────────────────────────────────────────────────────────────

    attachment #2: video (video/webm) ──────────────────────────────────────────────────────────────
    test-results/specs-console-console-moni-88ade-ould-have-no-console-errors-firefox/video.webm
    ────────────────────────────────────────────────────────────────────────────────────────────────

    Error Context: test-results/specs-console-console-moni-88ade-ould-have-no-console-errors-firefox/error-context.md

  31) [firefox] › tests/specs/console/console-monitoring.spec.ts:88:7 › Console Log Monitoring - Next.js App › No console errors during full navigation flow 

    Error: Found 30 console error(s):
      - [JavaScript Error: "The resource from “http://localhost:3000/_next/static/chunks/app-pages-internals.js” was blocked due to MIME type (“text/html”) mismatch (X-Content-Type-Options: nosniff)." {file: "http://localhost:3000/" line: 0}] (http://localhost:3000/)
      - [JavaScript Error: "The resource from “http://localhost:3000/_next/static/chunks/main-app.js?v=1761080108156” was blocked due to MIME type (“text/html”) mismatch (X-Content-Type-Options: nosniff)." {file: "http://localhost:3000/" line: 0}] (http://localhost:3000/)
      - [JavaScript Error: "The resource from “http://localhost:3000/_next/static/chunks/webpack.js?v=1761080108156” was blocked due to MIME type (“text/html”) mismatch (X-Content-Type-Options: nosniff)." {file: "http://localhost:3000/" line: 0}] (http://localhost:3000/)
      - [JavaScript Error: "The resource from “http://localhost:3000/_next/static/chunks/app/page.js” was blocked due to MIME type (“text/html”) mismatch (X-Content-Type-Options: nosniff)." {file: "http://localhost:3000/" line: 0}] (http://localhost:3000/)
      - [JavaScript Error: "The resource from “http://localhost:3000/_next/static/css/app/layout.css?v=1761080108156” was blocked due to MIME type (“text/html”) mismatch (X-Content-Type-Options: nosniff)." {file: "http://localhost:3000/" line: 0}] (http://localhost:3000/)
      - [JavaScript Error: "The resource from “http://localhost:3000/_next/static/chunks/app/layout.js” was blocked due to MIME type (“text/html”) mismatch (X-Content-Type-Options: nosniff)." {file: "http://localhost:3000/" line: 0}] (http://localhost:3000/)
      - [JavaScript Error: "The resource from “http://localhost:3000/_next/static/chunks/app-pages-internals.js” was blocked due to MIME type (“text/html”) mismatch (X-Content-Type-Options: nosniff)." {file: "http://localhost:3000/services" line: 0}] (http://localhost:3000/services)
      - [JavaScript Error: "The resource from “http://localhost:3000/_next/static/chunks/app/layout.js” was blocked due to MIME type (“text/html”) mismatch (X-Content-Type-Options: nosniff)." {file: "http://localhost:3000/services" line: 0}] (http://localhost:3000/services)
      - [JavaScript Error: "The resource from “http://localhost:3000/_next/static/chunks/app/services/page.js” was blocked due to MIME type (“text/html”) mismatch (X-Content-Type-Options: nosniff)." {file: "http://localhost:3000/services" line: 0}] (http://localhost:3000/services)
      - [JavaScript Error: "The resource from “http://localhost:3000/_next/static/chunks/webpack.js?v=1761080108868” was blocked due to MIME type (“text/html”) mismatch (X-Content-Type-Options: nosniff)." {file: "http://localhost:3000/services" line: 0}] (http://localhost:3000/services)
      - [JavaScript Error: "The resource from “http://localhost:3000/_next/static/chunks/main-app.js?v=1761080108868” was blocked due to MIME type (“text/html”) mismatch (X-Content-Type-Options: nosniff)." {file: "http://localhost:3000/services" line: 0}] (http://localhost:3000/services)
      - [JavaScript Error: "The resource from “http://localhost:3000/_next/static/css/app/layout.css?v=1761080108868” was blocked due to MIME type (“text/html”) mismatch (X-Content-Type-Options: nosniff)." {file: "http://localhost:3000/services" line: 0}] (http://localhost:3000/services)
      - [JavaScript Error: "The resource from “http://localhost:3000/_next/static/chunks/app-pages-internals.js” was blocked due to MIME type (“text/html”) mismatch (X-Content-Type-Options: nosniff)." {file: "http://localhost:3000/portfolio" line: 0}] (http://localhost:3000/portfolio)
      - [JavaScript Error: "The resource from “http://localhost:3000/_next/static/chunks/app/portfolio/page.js” was blocked due to MIME type (“text/html”) mismatch (X-Content-Type-Options: nosniff)." {file: "http://localhost:3000/portfolio" line: 0}] (http://localhost:3000/portfolio)
      - [JavaScript Error: "The resource from “http://localhost:3000/_next/static/chunks/main-app.js?v=1761080109588” was blocked due to MIME type (“text/html”) mismatch (X-Content-Type-Options: nosniff)." {file: "http://localhost:3000/portfolio" line: 0}] (http://localhost:3000/portfolio)
      - [JavaScript Error: "The resource from “http://localhost:3000/_next/static/chunks/webpack.js?v=1761080109588” was blocked due to MIME type (“text/html”) mismatch (X-Content-Type-Options: nosniff)." {file: "http://localhost:3000/portfolio" line: 0}] (http://localhost:3000/portfolio)
      - [JavaScript Error: "The resource from “http://localhost:3000/_next/static/css/app/layout.css?v=1761080109588” was blocked due to MIME type (“text/html”) mismatch (X-Content-Type-Options: nosniff)." {file: "http://localhost:3000/portfolio" line: 0}] (http://localhost:3000/portfolio)
      - [JavaScript Error: "The resource from “http://localhost:3000/_next/static/chunks/app/layout.js” was blocked due to MIME type (“text/html”) mismatch (X-Content-Type-Options: nosniff)." {file: "http://localhost:3000/portfolio" line: 0}] (http://localhost:3000/portfolio)
      - [JavaScript Error: "The resource from “http://localhost:3000/_next/static/chunks/app-pages-internals.js” was blocked due to MIME type (“text/html”) mismatch (X-Content-Type-Options: nosniff)." {file: "http://localhost:3000/calendar" line: 0}] (http://localhost:3000/calendar)
      - [JavaScript Error: "The resource from “http://localhost:3000/_next/static/chunks/app/layout.js” was blocked due to MIME type (“text/html”) mismatch (X-Content-Type-Options: nosniff)." {file: "http://localhost:3000/calendar" line: 0}] (http://localhost:3000/calendar)
      - [JavaScript Error: "The resource from “http://localhost:3000/_next/static/css/app/layout.css?v=1761080110276” was blocked due to MIME type (“text/html”) mismatch (X-Content-Type-Options: nosniff)." {file: "http://localhost:3000/calendar" line: 0}] (http://localhost:3000/calendar)
      - [JavaScript Error: "The resource from “http://localhost:3000/_next/static/chunks/main-app.js?v=1761080110276” was blocked due to MIME type (“text/html”) mismatch (X-Content-Type-Options: nosniff)." {file: "http://localhost:3000/calendar" line: 0}] (http://localhost:3000/calendar)
      - [JavaScript Error: "The resource from “http://localhost:3000/_next/static/chunks/webpack.js?v=1761080110276” was blocked due to MIME type (“text/html”) mismatch (X-Content-Type-Options: nosniff)." {file: "http://localhost:3000/calendar" line: 0}] (http://localhost:3000/calendar)
      - [JavaScript Error: "The resource from “http://localhost:3000/_next/static/chunks/app/calendar/page.js” was blocked due to MIME type (“text/html”) mismatch (X-Content-Type-Options: nosniff)." {file: "http://localhost:3000/calendar" line: 0}] (http://localhost:3000/calendar)
      - [JavaScript Error: "The resource from “http://localhost:3000/_next/static/chunks/app-pages-internals.js” was blocked due to MIME type (“text/html”) mismatch (X-Content-Type-Options: nosniff)." {file: "http://localhost:3000/" line: 0}] (http://localhost:3000/)
      - [JavaScript Error: "The resource from “http://localhost:3000/_next/static/chunks/app/page.js” was blocked due to MIME type (“text/html”) mismatch (X-Content-Type-Options: nosniff)." {file: "http://localhost:3000/" line: 0}] (http://localhost:3000/)
      - [JavaScript Error: "The resource from “http://localhost:3000/_next/static/chunks/app/layout.js” was blocked due to MIME type (“text/html”) mismatch (X-Content-Type-Options: nosniff)." {file: "http://localhost:3000/" line: 0}] (http://localhost:3000/)
      - [JavaScript Error: "The resource from “http://localhost:3000/_next/static/css/app/layout.css?v=1761080110835” was blocked due to MIME type (“text/html”) mismatch (X-Content-Type-Options: nosniff)." {file: "http://localhost:3000/" line: 0}] (http://localhost:3000/)
      - [JavaScript Error: "The resource from “http://localhost:3000/_next/static/chunks/webpack.js?v=1761080110835” was blocked due to MIME type (“text/html”) mismatch (X-Content-Type-Options: nosniff)." {file: "http://localhost:3000/" line: 0}] (http://localhost:3000/)
      - [JavaScript Error: "The resource from “http://localhost:3000/_next/static/chunks/main-app.js?v=1761080110835” was blocked due to MIME type (“text/html”) mismatch (X-Content-Type-Options: nosniff)." {file: "http://localhost:3000/" line: 0}] (http://localhost:3000/)

       at utils/performance-assertions.ts:115

      113 |     ).join('\n');
      114 |     
    > 115 |     throw new Error(`Found ${actualErrors.length} console error(s):\n${errorDetails}`);
          |           ^
      116 |   }
      117 | }
      118 |
        at expectNoConsoleErrors (/Users/andrewkazas/Desktop/Arvado/Hannah/LacqueLatteDeploy/next-app/tests/utils/performance-assertions.ts:115:11)
        at /Users/andrewkazas/Desktop/Arvado/Hannah/LacqueLatteDeploy/next-app/tests/specs/console/console-monitoring.spec.ts:125:32

    attachment #1: screenshot (image/png) ──────────────────────────────────────────────────────────
    test-results/specs-console-console-moni-c6bfe-during-full-navigation-flow-firefox/test-failed-1.png
    ────────────────────────────────────────────────────────────────────────────────────────────────

    attachment #2: video (video/webm) ──────────────────────────────────────────────────────────────
    test-results/specs-console-console-moni-c6bfe-during-full-navigation-flow-firefox/video.webm
    ────────────────────────────────────────────────────────────────────────────────────────────────

    Error Context: test-results/specs-console-console-moni-c6bfe-during-full-navigation-flow-firefox/error-context.md

  32) [firefox] › tests/specs/console/console-monitoring.spec.ts:131:7 › Console Log Monitoring - Next.js App › No console warnings on critical pages 

    Error: Found 6 console warning(s):
      - [JavaScript Warning: "Loading failed for the <script> with source “http://localhost:3000/_next/static/chunks/app-pages-internals.js”." {file: "http://localhost:3000/" line: 1}] (http://localhost:3000/)
      - [JavaScript Warning: "Loading failed for the <script> with source “http://localhost:3000/_next/static/chunks/main-app.js?v=1761080108736”." {file: "http://localhost:3000/" line: 1}] (http://localhost:3000/)
      - [JavaScript Warning: "Loading failed for the <script> with source “http://localhost:3000/_next/static/chunks/webpack.js?v=1761080108736”." {file: "http://localhost:3000/" line: 1}] (http://localhost:3000/)
      - [JavaScript Warning: "Loading failed for the <script> with source “http://localhost:3000/_next/static/chunks/app/page.js”." {file: "http://localhost:3000/" line: 1}] (http://localhost:3000/)
      - [JavaScript Warning: "Found a sectioned h1 element with no specified font-size or margin properties. More information: https://developer.mozilla.org/docs/Web/HTML/Element/Heading_Elements#specifying_a_uniform_font_size_for_h1" {file: "http://localhost:3000/" line: 0}] (http://localhost:3000/)
      - [JavaScript Warning: "Loading failed for the <script> with source “http://localhost:3000/_next/static/chunks/app/layout.js”." {file: "http://localhost:3000/" line: 1}] (http://localhost:3000/)

       at utils/performance-assertions.ts:137

      135 |     ).join('\n');
      136 |     
    > 137 |     throw new Error(`Found ${actualWarnings.length} console warning(s):\n${warningDetails}`);
          |           ^
      138 |   }
      139 | }
      140 |
        at expectNoConsoleWarnings (/Users/andrewkazas/Desktop/Arvado/Hannah/LacqueLatteDeploy/next-app/tests/utils/performance-assertions.ts:137:11)
        at /Users/andrewkazas/Desktop/Arvado/Hannah/LacqueLatteDeploy/next-app/tests/specs/console/console-monitoring.spec.ts:139:34

    attachment #1: screenshot (image/png) ──────────────────────────────────────────────────────────
    test-results/specs-console-console-moni-ce90e--warnings-on-critical-pages-firefox/test-failed-1.png
    ────────────────────────────────────────────────────────────────────────────────────────────────

    attachment #2: video (video/webm) ──────────────────────────────────────────────────────────────
    test-results/specs-console-console-moni-ce90e--warnings-on-critical-pages-firefox/video.webm
    ────────────────────────────────────────────────────────────────────────────────────────────────

    Error Context: test-results/specs-console-console-moni-ce90e--warnings-on-critical-pages-firefox/error-context.md

  33) [firefox] › tests/specs/console/console-monitoring.spec.ts:147:7 › Console Log Monitoring - Next.js App › Next.js should not log hydration errors 

    Error: Should have no hydration errors

    [2mexpect([22m[31mreceived[39m[2m).[22mtoBe[2m([22m[32mexpected[39m[2m) // Object.is equality[22m

    Expected: [32m0[39m
    Received: [31m6[39m

      162 |       hydrationErrors.length,
      163 |       'Should have no hydration errors'
    > 164 |     ).toBe(0);
          |       ^
      165 |     
      166 |     if (hydrationErrors.length > 0) {
      167 |       console.log('Hydration errors found:');
        at /Users/andrewkazas/Desktop/Arvado/Hannah/LacqueLatteDeploy/next-app/tests/specs/console/console-monitoring.spec.ts:164:7

    attachment #1: screenshot (image/png) ──────────────────────────────────────────────────────────
    test-results/specs-console-console-moni-5a744-ld-not-log-hydration-errors-firefox/test-failed-1.png
    ────────────────────────────────────────────────────────────────────────────────────────────────

    attachment #2: video (video/webm) ──────────────────────────────────────────────────────────────
    test-results/specs-console-console-moni-5a744-ld-not-log-hydration-errors-firefox/video.webm
    ────────────────────────────────────────────────────────────────────────────────────────────────

    Error Context: test-results/specs-console-console-moni-5a744-ld-not-log-hydration-errors-firefox/error-context.md

  34) [firefox] › tests/specs/console/console-monitoring.spec.ts:265:7 › Console Monitoring - Error Recovery › Should handle navigation errors gracefully 

    Error: Found 5 console error(s):
      - [JavaScript Error: "The resource from “http://localhost:3000/_next/static/chunks/app-pages-internals.js” was blocked due to MIME type (“text/html”) mismatch (X-Content-Type-Options: nosniff)." {file: "http://localhost:3000/this-page-does-not-exist" line: 0}] (http://localhost:3000/this-page-does-not-exist)
      - [JavaScript Error: "The resource from “http://localhost:3000/_next/static/chunks/app/layout.js” was blocked due to MIME type (“text/html”) mismatch (X-Content-Type-Options: nosniff)." {file: "http://localhost:3000/this-page-does-not-exist" line: 0}] (http://localhost:3000/this-page-does-not-exist)
      - [JavaScript Error: "The resource from “http://localhost:3000/_next/static/css/app/layout.css?v=1761080113884” was blocked due to MIME type (“text/html”) mismatch (X-Content-Type-Options: nosniff)." {file: "http://localhost:3000/this-page-does-not-exist" line: 0}] (http://localhost:3000/this-page-does-not-exist)
      - [JavaScript Error: "The resource from “http://localhost:3000/_next/static/chunks/main-app.js?v=1761080113884” was blocked due to MIME type (“text/html”) mismatch (X-Content-Type-Options: nosniff)." {file: "http://localhost:3000/this-page-does-not-exist" line: 0}] (http://localhost:3000/this-page-does-not-exist)
      - [JavaScript Error: "The resource from “http://localhost:3000/_next/static/chunks/webpack.js?v=1761080113884” was blocked due to MIME type (“text/html”) mismatch (X-Content-Type-Options: nosniff)." {file: "http://localhost:3000/this-page-does-not-exist" line: 0}] (http://localhost:3000/this-page-does-not-exist)

       at utils/performance-assertions.ts:115

      113 |     ).join('\n');
      114 |     
    > 115 |     throw new Error(`Found ${actualErrors.length} console error(s):\n${errorDetails}`);
          |           ^
      116 |   }
      117 | }
      118 |
        at expectNoConsoleErrors (/Users/andrewkazas/Desktop/Arvado/Hannah/LacqueLatteDeploy/next-app/tests/utils/performance-assertions.ts:115:11)
        at /Users/andrewkazas/Desktop/Arvado/Hannah/LacqueLatteDeploy/next-app/tests/specs/console/console-monitoring.spec.ts:280:32

    attachment #1: screenshot (image/png) ──────────────────────────────────────────────────────────
    test-results/specs-console-console-moni-70060-avigation-errors-gracefully-firefox/test-failed-1.png
    ────────────────────────────────────────────────────────────────────────────────────────────────

    attachment #2: video (video/webm) ──────────────────────────────────────────────────────────────
    test-results/specs-console-console-moni-70060-avigation-errors-gracefully-firefox/video.webm
    ────────────────────────────────────────────────────────────────────────────────────────────────

    Error Context: test-results/specs-console-console-moni-70060-avigation-errors-gracefully-firefox/error-context.md

  35) [firefox] › tests/specs/console/smooth-operation.spec.ts:139:7 › Smooth Operation - User Experience › Loading states should be smooth 

    Error: Loading should complete without errors

    [2mexpect([22m[31mreceived[39m[2m).[22mtoBe[2m([22m[32mexpected[39m[2m) // Object.is equality[22m

    Expected: [32m0[39m
    Received: [31m6[39m

      157 |     // Loading should complete without errors
      158 |     const errors = consoleMessages.filter(m => m.type === 'error');
    > 159 |     expect(errors.length, 'Loading should complete without errors').toBe(0);
          |                                                                     ^
      160 |   });
      161 |
      162 |   test('Hover states should respond immediately', async ({ 
        at /Users/andrewkazas/Desktop/Arvado/Hannah/LacqueLatteDeploy/next-app/tests/specs/console/smooth-operation.spec.ts:159:69

    attachment #1: screenshot (image/png) ──────────────────────────────────────────────────────────
    test-results/specs-console-smooth-opera-c4c6f-ing-states-should-be-smooth-firefox/test-failed-1.png
    ────────────────────────────────────────────────────────────────────────────────────────────────

    attachment #2: video (video/webm) ──────────────────────────────────────────────────────────────
    test-results/specs-console-smooth-opera-c4c6f-ing-states-should-be-smooth-firefox/video.webm
    ────────────────────────────────────────────────────────────────────────────────────────────────

    Error Context: test-results/specs-console-smooth-opera-c4c6f-ing-states-should-be-smooth-firefox/error-context.md

  36) [firefox] › tests/specs/console/smooth-operation.spec.ts:252:7 › Smooth Operation - User Experience › Rapid clicking should not cause issues 

    Error: Should handle rapid clicks without errors

    [2mexpect([22m[31mreceived[39m[2m).[22mtoBe[2m([22m[32mexpected[39m[2m) // Object.is equality[22m

    Expected: [32m0[39m
    Received: [31m6[39m

      277 |         recentErrors.length,
      278 |         'Should handle rapid clicks without errors'
    > 279 |       ).toBe(0);
          |         ^
      280 |     }
      281 |   });
      282 | });
        at /Users/andrewkazas/Desktop/Arvado/Hannah/LacqueLatteDeploy/next-app/tests/specs/console/smooth-operation.spec.ts:279:9

    attachment #1: screenshot (image/png) ──────────────────────────────────────────────────────────
    test-results/specs-console-smooth-opera-6d5c4-ing-should-not-cause-issues-firefox/test-failed-1.png
    ────────────────────────────────────────────────────────────────────────────────────────────────

    attachment #2: video (video/webm) ──────────────────────────────────────────────────────────────
    test-results/specs-console-smooth-opera-6d5c4-ing-should-not-cause-issues-firefox/video.webm
    ────────────────────────────────────────────────────────────────────────────────────────────────

    Error Context: test-results/specs-console-smooth-opera-6d5c4-ing-should-not-cause-issues-firefox/error-context.md

  37) [firefox] › tests/specs/console/smooth-operation.spec.ts:291:7 › Smooth Operation - Mobile › Touch interactions should be smooth on mobile 

    Error: browser.newContext: options.isMobile is not supported in Firefox

  38) [firefox] › tests/specs/console/smooth-operation.spec.ts:309:7 › Smooth Operation - Mobile › Mobile menu should open smoothly 

    Error: browser.newContext: options.isMobile is not supported in Firefox

  39) [firefox] › tests/specs/performance/page-performance.spec.ts:15:7 › Page Performance - Next.js App › Home page should load quickly and efficiently 

    Error: Found 6 failed request(s):
      - GET http://localhost:3000/_next/static/chunks/main-app.js?v=1761080119993 (failed)
      - GET http://localhost:3000/_next/static/chunks/webpack.js?v=1761080119993 (failed)
      - GET http://localhost:3000/_next/static/css/app/layout.css?v=1761080119993 (failed)
      - GET http://localhost:3000/_next/static/chunks/app-pages-internals.js (failed)
      - GET http://localhost:3000/_next/static/chunks/app/page.js (failed)
      - GET http://localhost:3000/_next/static/chunks/app/layout.js (failed)

       at utils/performance-assertions.ts:159

      157 |     ).join('\n');
      158 |     
    > 159 |     throw new Error(`Found ${actualFailures.length} failed request(s):\n${failureDetails}`);
          |           ^
      160 |   }
      161 | }
      162 |
        at expectNoFailedRequests (/Users/andrewkazas/Desktop/Arvado/Hannah/LacqueLatteDeploy/next-app/tests/utils/performance-assertions.ts:159:11)
        at /Users/andrewkazas/Desktop/Arvado/Hannah/LacqueLatteDeploy/next-app/tests/specs/performance/page-performance.spec.ts:39:33

    attachment #1: screenshot (image/png) ──────────────────────────────────────────────────────────
    test-results/specs-performance-page-per-39720-oad-quickly-and-efficiently-firefox/test-failed-1.png
    ────────────────────────────────────────────────────────────────────────────────────────────────

    attachment #2: video (video/webm) ──────────────────────────────────────────────────────────────
    test-results/specs-performance-page-per-39720-oad-quickly-and-efficiently-firefox/video.webm
    ────────────────────────────────────────────────────────────────────────────────────────────────

    Error Context: test-results/specs-performance-page-per-39720-oad-quickly-and-efficiently-firefox/error-context.md

  40) [firefox] › tests/specs/performance/page-performance.spec.ts:48:7 › Page Performance - Next.js App › Services page should load quickly 

    Error: Found 6 failed request(s):
      - GET http://localhost:3000/_next/static/chunks/webpack.js?v=1761080120445 (failed)
      - GET http://localhost:3000/_next/static/chunks/main-app.js?v=1761080120445 (failed)
      - GET http://localhost:3000/_next/static/css/app/layout.css?v=1761080120445 (failed)
      - GET http://localhost:3000/_next/static/chunks/app/services/page.js (failed)
      - GET http://localhost:3000/_next/static/chunks/app/layout.js (failed)
      - GET http://localhost:3000/_next/static/chunks/app-pages-internals.js (failed)

       at utils/performance-assertions.ts:159

      157 |     ).join('\n');
      158 |     
    > 159 |     throw new Error(`Found ${actualFailures.length} failed request(s):\n${failureDetails}`);
          |           ^
      160 |   }
      161 | }
      162 |
        at expectNoFailedRequests (/Users/andrewkazas/Desktop/Arvado/Hannah/LacqueLatteDeploy/next-app/tests/utils/performance-assertions.ts:159:11)
        at /Users/andrewkazas/Desktop/Arvado/Hannah/LacqueLatteDeploy/next-app/tests/specs/performance/page-performance.spec.ts:63:33

    attachment #1: screenshot (image/png) ──────────────────────────────────────────────────────────
    test-results/specs-performance-page-per-09dcc-es-page-should-load-quickly-firefox/test-failed-1.png
    ────────────────────────────────────────────────────────────────────────────────────────────────

    attachment #2: video (video/webm) ──────────────────────────────────────────────────────────────
    test-results/specs-performance-page-per-09dcc-es-page-should-load-quickly-firefox/video.webm
    ────────────────────────────────────────────────────────────────────────────────────────────────

    Error Context: test-results/specs-performance-page-per-09dcc-es-page-should-load-quickly-firefox/error-context.md

  41) [firefox] › tests/specs/performance/page-performance.spec.ts:69:7 › Page Performance - Next.js App › Portfolio page should load images efficiently 

    Error: Found 6 failed request(s):
      - GET http://localhost:3000/_next/static/css/app/layout.css?v=1761080121789 (failed)
      - GET http://localhost:3000/_next/static/chunks/main-app.js?v=1761080121789 (failed)
      - GET http://localhost:3000/_next/static/chunks/app/layout.js (failed)
      - GET http://localhost:3000/_next/static/chunks/app-pages-internals.js (failed)
      - GET http://localhost:3000/_next/static/chunks/app/portfolio/page.js (failed)
      - GET http://localhost:3000/_next/static/chunks/webpack.js?v=1761080121789 (failed)

       at utils/performance-assertions.ts:159

      157 |     ).join('\n');
      158 |     
    > 159 |     throw new Error(`Found ${actualFailures.length} failed request(s):\n${failureDetails}`);
          |           ^
      160 |   }
      161 | }
      162 |
        at expectNoFailedRequests (/Users/andrewkazas/Desktop/Arvado/Hannah/LacqueLatteDeploy/next-app/tests/utils/performance-assertions.ts:159:11)
        at /Users/andrewkazas/Desktop/Arvado/Hannah/LacqueLatteDeploy/next-app/tests/specs/performance/page-performance.spec.ts:91:33

    attachment #1: screenshot (image/png) ──────────────────────────────────────────────────────────
    test-results/specs-performance-page-per-f0cec-uld-load-images-efficiently-firefox/test-failed-1.png
    ────────────────────────────────────────────────────────────────────────────────────────────────

    attachment #2: video (video/webm) ──────────────────────────────────────────────────────────────
    test-results/specs-performance-page-per-f0cec-uld-load-images-efficiently-firefox/video.webm
    ────────────────────────────────────────────────────────────────────────────────────────────────

    Error Context: test-results/specs-performance-page-per-f0cec-uld-load-images-efficiently-firefox/error-context.md

  42) [firefox] › tests/specs/performance/page-performance.spec.ts:109:7 › Page Performance - Next.js App › Calendar page should be interactive quickly 

    Error: Found 6 failed request(s):
      - GET http://localhost:3000/_next/static/chunks/app/calendar/page.js (failed)
      - GET http://localhost:3000/_next/static/css/app/layout.css?v=1761080119995 (failed)
      - GET http://localhost:3000/_next/static/chunks/webpack.js?v=1761080119995 (failed)
      - GET http://localhost:3000/_next/static/chunks/main-app.js?v=1761080119995 (failed)
      - GET http://localhost:3000/_next/static/chunks/app-pages-internals.js (failed)
      - GET http://localhost:3000/_next/static/chunks/app/layout.js (failed)

       at utils/performance-assertions.ts:159

      157 |     ).join('\n');
      158 |     
    > 159 |     throw new Error(`Found ${actualFailures.length} failed request(s):\n${failureDetails}`);
          |           ^
      160 |   }
      161 | }
      162 |
        at expectNoFailedRequests (/Users/andrewkazas/Desktop/Arvado/Hannah/LacqueLatteDeploy/next-app/tests/utils/performance-assertions.ts:159:11)
        at /Users/andrewkazas/Desktop/Arvado/Hannah/LacqueLatteDeploy/next-app/tests/specs/performance/page-performance.spec.ts:124:33

    attachment #1: screenshot (image/png) ──────────────────────────────────────────────────────────
    test-results/specs-performance-page-per-319f6-ould-be-interactive-quickly-firefox/test-failed-1.png
    ────────────────────────────────────────────────────────────────────────────────────────────────

    attachment #2: video (video/webm) ──────────────────────────────────────────────────────────────
    test-results/specs-performance-page-per-319f6-ould-be-interactive-quickly-firefox/video.webm
    ────────────────────────────────────────────────────────────────────────────────────────────────

    Error Context: test-results/specs-performance-page-per-319f6-ould-be-interactive-quickly-firefox/error-context.md

  43) [firefox] › tests/specs/performance/page-performance.spec.ts:237:7 › Performance - Mobile › Home page should perform well on mobile 

    Error: browser.newContext: options.isMobile is not supported in Firefox

  44) [webkit] › tests/specs/console/console-monitoring.spec.ts:12:7 › Console Log Monitoring - Next.js App › Home page should have no console errors 

    Error: Found 11 console error(s):
      - Failed to load resource: the server responded with a status of 404 (Not Found) (http://localhost:3000/_next/static/css/app/layout.css?v=1761080126116)
      - Failed to load resource: the server responded with a status of 404 (Not Found) (http://localhost:3000/_next/static/chunks/webpack.js?v=1761080126116)
      - Failed to load resource: the server responded with a status of 404 (Not Found) (http://localhost:3000/_next/static/chunks/app-pages-internals.js)
      - Failed to load resource: the server responded with a status of 404 (Not Found) (http://localhost:3000/_next/static/chunks/main-app.js?v=1761080126116)
      - Failed to load resource: the server responded with a status of 404 (Not Found) (http://localhost:3000/_next/static/chunks/app/page.js)
      - Failed to load resource: the server responded with a status of 404 (Not Found) (http://localhost:3000/_next/static/chunks/app/layout.js)
      - Refused to execute http://localhost:3000/_next/static/chunks/webpack.js?v=1761080126116 as script because "X-Content-Type-Options: nosniff" was given and its Content-Type is not a script MIME type. (unknown location)
      - Refused to execute http://localhost:3000/_next/static/chunks/app-pages-internals.js as script because "X-Content-Type-Options: nosniff" was given and its Content-Type is not a script MIME type. (unknown location)
      - Refused to execute http://localhost:3000/_next/static/chunks/main-app.js?v=1761080126116 as script because "X-Content-Type-Options: nosniff" was given and its Content-Type is not a script MIME type. (unknown location)
      - Refused to execute http://localhost:3000/_next/static/chunks/app/page.js as script because "X-Content-Type-Options: nosniff" was given and its Content-Type is not a script MIME type. (unknown location)
      - Refused to execute http://localhost:3000/_next/static/chunks/app/layout.js as script because "X-Content-Type-Options: nosniff" was given and its Content-Type is not a script MIME type. (unknown location)

       at utils/performance-assertions.ts:115

      113 |     ).join('\n');
      114 |     
    > 115 |     throw new Error(`Found ${actualErrors.length} console error(s):\n${errorDetails}`);
          |           ^
      116 |   }
      117 | }
      118 |
        at expectNoConsoleErrors (/Users/andrewkazas/Desktop/Arvado/Hannah/LacqueLatteDeploy/next-app/tests/utils/performance-assertions.ts:115:11)
        at /Users/andrewkazas/Desktop/Arvado/Hannah/LacqueLatteDeploy/next-app/tests/specs/console/console-monitoring.spec.ts:30:32

    attachment #1: screenshot (image/png) ──────────────────────────────────────────────────────────
    test-results/specs-console-console-moni-8c90a-ould-have-no-console-errors-webkit/test-failed-1.png
    ────────────────────────────────────────────────────────────────────────────────────────────────

    attachment #2: video (video/webm) ──────────────────────────────────────────────────────────────
    test-results/specs-console-console-moni-8c90a-ould-have-no-console-errors-webkit/video.webm
    ────────────────────────────────────────────────────────────────────────────────────────────────

    Error Context: test-results/specs-console-console-moni-8c90a-ould-have-no-console-errors-webkit/error-context.md

  45) [webkit] › tests/specs/console/console-monitoring.spec.ts:37:7 › Console Log Monitoring - Next.js App › Services page should have no console errors 

    Error: Found 11 console error(s):
      - Failed to load resource: the server responded with a status of 404 (Not Found) (http://localhost:3000/_next/static/chunks/webpack.js?v=1761080126116)
      - Failed to load resource: the server responded with a status of 404 (Not Found) (http://localhost:3000/_next/static/css/app/layout.css?v=1761080126116)
      - Failed to load resource: the server responded with a status of 404 (Not Found) (http://localhost:3000/_next/static/chunks/main-app.js?v=1761080126116)
      - Failed to load resource: the server responded with a status of 404 (Not Found) (http://localhost:3000/_next/static/chunks/app-pages-internals.js)
      - Refused to execute http://localhost:3000/_next/static/chunks/webpack.js?v=1761080126116 as script because "X-Content-Type-Options: nosniff" was given and its Content-Type is not a script MIME type. (unknown location)
      - Refused to execute http://localhost:3000/_next/static/chunks/main-app.js?v=1761080126116 as script because "X-Content-Type-Options: nosniff" was given and its Content-Type is not a script MIME type. (unknown location)
      - Refused to execute http://localhost:3000/_next/static/chunks/app-pages-internals.js as script because "X-Content-Type-Options: nosniff" was given and its Content-Type is not a script MIME type. (unknown location)
      - Failed to load resource: the server responded with a status of 404 (Not Found) (http://localhost:3000/_next/static/chunks/app/services/page.js)
      - Failed to load resource: the server responded with a status of 404 (Not Found) (http://localhost:3000/_next/static/chunks/app/layout.js)
      - Refused to execute http://localhost:3000/_next/static/chunks/app/services/page.js as script because "X-Content-Type-Options: nosniff" was given and its Content-Type is not a script MIME type. (unknown location)
      - Refused to execute http://localhost:3000/_next/static/chunks/app/layout.js as script because "X-Content-Type-Options: nosniff" was given and its Content-Type is not a script MIME type. (unknown location)

       at utils/performance-assertions.ts:115

      113 |     ).join('\n');
      114 |     
    > 115 |     throw new Error(`Found ${actualErrors.length} console error(s):\n${errorDetails}`);
          |           ^
      116 |   }
      117 | }
      118 |
        at expectNoConsoleErrors (/Users/andrewkazas/Desktop/Arvado/Hannah/LacqueLatteDeploy/next-app/tests/utils/performance-assertions.ts:115:11)
        at /Users/andrewkazas/Desktop/Arvado/Hannah/LacqueLatteDeploy/next-app/tests/specs/console/console-monitoring.spec.ts:48:32

    attachment #1: screenshot (image/png) ──────────────────────────────────────────────────────────
    test-results/specs-console-console-moni-4bc37-ould-have-no-console-errors-webkit/test-failed-1.png
    ────────────────────────────────────────────────────────────────────────────────────────────────

    attachment #2: video (video/webm) ──────────────────────────────────────────────────────────────
    test-results/specs-console-console-moni-4bc37-ould-have-no-console-errors-webkit/video.webm
    ────────────────────────────────────────────────────────────────────────────────────────────────

    Error Context: test-results/specs-console-console-moni-4bc37-ould-have-no-console-errors-webkit/error-context.md

  46) [webkit] › tests/specs/console/console-monitoring.spec.ts:54:7 › Console Log Monitoring - Next.js App › Portfolio page should have no console errors 

    Error: Found 11 console error(s):
      - Failed to load resource: the server responded with a status of 404 (Not Found) (http://localhost:3000/_next/static/css/app/layout.css?v=1761080126761)
      - Failed to load resource: the server responded with a status of 404 (Not Found) (http://localhost:3000/_next/static/chunks/webpack.js?v=1761080126761)
      - Failed to load resource: the server responded with a status of 404 (Not Found) (http://localhost:3000/_next/static/chunks/main-app.js?v=1761080126761)
      - Refused to execute http://localhost:3000/_next/static/chunks/webpack.js?v=1761080126761 as script because "X-Content-Type-Options: nosniff" was given and its Content-Type is not a script MIME type. (unknown location)
      - Refused to execute http://localhost:3000/_next/static/chunks/main-app.js?v=1761080126761 as script because "X-Content-Type-Options: nosniff" was given and its Content-Type is not a script MIME type. (unknown location)
      - Failed to load resource: the server responded with a status of 404 (Not Found) (http://localhost:3000/_next/static/chunks/app-pages-internals.js)
      - Failed to load resource: the server responded with a status of 404 (Not Found) (http://localhost:3000/_next/static/chunks/app/portfolio/page.js)
      - Failed to load resource: the server responded with a status of 404 (Not Found) (http://localhost:3000/_next/static/chunks/app/layout.js)
      - Refused to execute http://localhost:3000/_next/static/chunks/app-pages-internals.js as script because "X-Content-Type-Options: nosniff" was given and its Content-Type is not a script MIME type. (unknown location)
      - Refused to execute http://localhost:3000/_next/static/chunks/app/portfolio/page.js as script because "X-Content-Type-Options: nosniff" was given and its Content-Type is not a script MIME type. (unknown location)
      - Refused to execute http://localhost:3000/_next/static/chunks/app/layout.js as script because "X-Content-Type-Options: nosniff" was given and its Content-Type is not a script MIME type. (unknown location)

       at utils/performance-assertions.ts:115

      113 |     ).join('\n');
      114 |     
    > 115 |     throw new Error(`Found ${actualErrors.length} console error(s):\n${errorDetails}`);
          |           ^
      116 |   }
      117 | }
      118 |
        at expectNoConsoleErrors (/Users/andrewkazas/Desktop/Arvado/Hannah/LacqueLatteDeploy/next-app/tests/utils/performance-assertions.ts:115:11)
        at /Users/andrewkazas/Desktop/Arvado/Hannah/LacqueLatteDeploy/next-app/tests/specs/console/console-monitoring.spec.ts:65:32

    attachment #1: screenshot (image/png) ──────────────────────────────────────────────────────────
    test-results/specs-console-console-moni-311c0-ould-have-no-console-errors-webkit/test-failed-1.png
    ────────────────────────────────────────────────────────────────────────────────────────────────

    attachment #2: video (video/webm) ──────────────────────────────────────────────────────────────
    test-results/specs-console-console-moni-311c0-ould-have-no-console-errors-webkit/video.webm
    ────────────────────────────────────────────────────────────────────────────────────────────────

    Error Context: test-results/specs-console-console-moni-311c0-ould-have-no-console-errors-webkit/error-context.md

  47) [webkit] › tests/specs/console/console-monitoring.spec.ts:71:7 › Console Log Monitoring - Next.js App › Calendar page should have no console errors 

    Error: Found 11 console error(s):
      - Failed to load resource: the server responded with a status of 404 (Not Found) (http://localhost:3000/_next/static/css/app/layout.css?v=1761080128856)
      - Failed to load resource: the server responded with a status of 404 (Not Found) (http://localhost:3000/_next/static/chunks/webpack.js?v=1761080128856)
      - Failed to load resource: the server responded with a status of 404 (Not Found) (http://localhost:3000/_next/static/chunks/app/calendar/page.js)
      - Failed to load resource: the server responded with a status of 404 (Not Found) (http://localhost:3000/_next/static/chunks/main-app.js?v=1761080128856)
      - Failed to load resource: the server responded with a status of 404 (Not Found) (http://localhost:3000/_next/static/chunks/app/layout.js)
      - Failed to load resource: the server responded with a status of 404 (Not Found) (http://localhost:3000/_next/static/chunks/app-pages-internals.js)
      - Refused to execute http://localhost:3000/_next/static/chunks/webpack.js?v=1761080128856 as script because "X-Content-Type-Options: nosniff" was given and its Content-Type is not a script MIME type. (unknown location)
      - Refused to execute http://localhost:3000/_next/static/chunks/app/calendar/page.js as script because "X-Content-Type-Options: nosniff" was given and its Content-Type is not a script MIME type. (unknown location)
      - Refused to execute http://localhost:3000/_next/static/chunks/main-app.js?v=1761080128856 as script because "X-Content-Type-Options: nosniff" was given and its Content-Type is not a script MIME type. (unknown location)
      - Refused to execute http://localhost:3000/_next/static/chunks/app/layout.js as script because "X-Content-Type-Options: nosniff" was given and its Content-Type is not a script MIME type. (unknown location)
      - Refused to execute http://localhost:3000/_next/static/chunks/app-pages-internals.js as script because "X-Content-Type-Options: nosniff" was given and its Content-Type is not a script MIME type. (unknown location)

       at utils/performance-assertions.ts:115

      113 |     ).join('\n');
      114 |     
    > 115 |     throw new Error(`Found ${actualErrors.length} console error(s):\n${errorDetails}`);
          |           ^
      116 |   }
      117 | }
      118 |
        at expectNoConsoleErrors (/Users/andrewkazas/Desktop/Arvado/Hannah/LacqueLatteDeploy/next-app/tests/utils/performance-assertions.ts:115:11)
        at /Users/andrewkazas/Desktop/Arvado/Hannah/LacqueLatteDeploy/next-app/tests/specs/console/console-monitoring.spec.ts:82:32

    attachment #1: screenshot (image/png) ──────────────────────────────────────────────────────────
    test-results/specs-console-console-moni-88ade-ould-have-no-console-errors-webkit/test-failed-1.png
    ────────────────────────────────────────────────────────────────────────────────────────────────

    attachment #2: video (video/webm) ──────────────────────────────────────────────────────────────
    test-results/specs-console-console-moni-88ade-ould-have-no-console-errors-webkit/video.webm
    ────────────────────────────────────────────────────────────────────────────────────────────────

    Error Context: test-results/specs-console-console-moni-88ade-ould-have-no-console-errors-webkit/error-context.md

  48) [webkit] › tests/specs/console/console-monitoring.spec.ts:88:7 › Console Log Monitoring - Next.js App › No console errors during full navigation flow 

    Error: Found 55 console error(s):
      - Failed to load resource: the server responded with a status of 404 (Not Found) (http://localhost:3000/_next/static/chunks/webpack.js?v=1761080128853)
      - Failed to load resource: the server responded with a status of 404 (Not Found) (http://localhost:3000/_next/static/css/app/layout.css?v=1761080128853)
      - Failed to load resource: the server responded with a status of 404 (Not Found) (http://localhost:3000/_next/static/chunks/app-pages-internals.js)
      - Failed to load resource: the server responded with a status of 404 (Not Found) (http://localhost:3000/_next/static/chunks/main-app.js?v=1761080128853)
      - Failed to load resource: the server responded with a status of 404 (Not Found) (http://localhost:3000/_next/static/chunks/app/page.js)
      - Failed to load resource: the server responded with a status of 404 (Not Found) (http://localhost:3000/_next/static/chunks/app/layout.js)
      - Refused to execute http://localhost:3000/_next/static/chunks/webpack.js?v=1761080128853 as script because "X-Content-Type-Options: nosniff" was given and its Content-Type is not a script MIME type. (unknown location)
      - Refused to execute http://localhost:3000/_next/static/chunks/app-pages-internals.js as script because "X-Content-Type-Options: nosniff" was given and its Content-Type is not a script MIME type. (unknown location)
      - Refused to execute http://localhost:3000/_next/static/chunks/main-app.js?v=1761080128853 as script because "X-Content-Type-Options: nosniff" was given and its Content-Type is not a script MIME type. (unknown location)
      - Refused to execute http://localhost:3000/_next/static/chunks/app/page.js as script because "X-Content-Type-Options: nosniff" was given and its Content-Type is not a script MIME type. (unknown location)
      - Refused to execute http://localhost:3000/_next/static/chunks/app/layout.js as script because "X-Content-Type-Options: nosniff" was given and its Content-Type is not a script MIME type. (unknown location)
      - Failed to load resource: the server responded with a status of 404 (Not Found) (http://localhost:3000/_next/static/css/app/layout.css?v=1761080129477)
      - Failed to load resource: the server responded with a status of 404 (Not Found) (http://localhost:3000/_next/static/chunks/webpack.js?v=1761080129477)
      - Refused to execute http://localhost:3000/_next/static/chunks/webpack.js?v=1761080129477 as script because "X-Content-Type-Options: nosniff" was given and its Content-Type is not a script MIME type. (unknown location)
      - Failed to load resource: the server responded with a status of 404 (Not Found) (http://localhost:3000/_next/static/chunks/main-app.js?v=1761080129477)
      - Failed to load resource: the server responded with a status of 404 (Not Found) (http://localhost:3000/_next/static/chunks/app-pages-internals.js)
      - Failed to load resource: the server responded with a status of 404 (Not Found) (http://localhost:3000/_next/static/chunks/app/services/page.js)
      - Failed to load resource: the server responded with a status of 404 (Not Found) (http://localhost:3000/_next/static/chunks/app/layout.js)
      - Refused to execute http://localhost:3000/_next/static/chunks/main-app.js?v=1761080129477 as script because "X-Content-Type-Options: nosniff" was given and its Content-Type is not a script MIME type. (unknown location)
      - Refused to execute http://localhost:3000/_next/static/chunks/app-pages-internals.js as script because "X-Content-Type-Options: nosniff" was given and its Content-Type is not a script MIME type. (unknown location)
      - Refused to execute http://localhost:3000/_next/static/chunks/app/services/page.js as script because "X-Content-Type-Options: nosniff" was given and its Content-Type is not a script MIME type. (unknown location)
      - Refused to execute http://localhost:3000/_next/static/chunks/app/layout.js as script because "X-Content-Type-Options: nosniff" was given and its Content-Type is not a script MIME type. (unknown location)
      - Failed to load resource: the server responded with a status of 404 (Not Found) (http://localhost:3000/_next/static/css/app/layout.css?v=1761080130050)
      - Failed to load resource: the server responded with a status of 404 (Not Found) (http://localhost:3000/_next/static/chunks/app/portfolio/page.js)
      - Failed to load resource: the server responded with a status of 404 (Not Found) (http://localhost:3000/_next/static/chunks/webpack.js?v=1761080130050)
      - Failed to load resource: the server responded with a status of 404 (Not Found) (http://localhost:3000/_next/static/chunks/app/layout.js)
      - Failed to load resource: the server responded with a status of 404 (Not Found) (http://localhost:3000/_next/static/chunks/app-pages-internals.js)
      - Failed to load resource: the server responded with a status of 404 (Not Found) (http://localhost:3000/_next/static/chunks/main-app.js?v=1761080130050)
      - Refused to execute http://localhost:3000/_next/static/chunks/app/portfolio/page.js as script because "X-Content-Type-Options: nosniff" was given and its Content-Type is not a script MIME type. (unknown location)
      - Refused to execute http://localhost:3000/_next/static/chunks/webpack.js?v=1761080130050 as script because "X-Content-Type-Options: nosniff" was given and its Content-Type is not a script MIME type. (unknown location)
      - Refused to execute http://localhost:3000/_next/static/chunks/app/layout.js as script because "X-Content-Type-Options: nosniff" was given and its Content-Type is not a script MIME type. (unknown location)
      - Refused to execute http://localhost:3000/_next/static/chunks/app-pages-internals.js as script because "X-Content-Type-Options: nosniff" was given and its Content-Type is not a script MIME type. (unknown location)
      - Refused to execute http://localhost:3000/_next/static/chunks/main-app.js?v=1761080130050 as script because "X-Content-Type-Options: nosniff" was given and its Content-Type is not a script MIME type. (unknown location)
      - Failed to load resource: the server responded with a status of 404 (Not Found) (http://localhost:3000/_next/static/css/app/layout.css?v=1761080130709)
      - Failed to load resource: the server responded with a status of 404 (Not Found) (http://localhost:3000/_next/static/chunks/webpack.js?v=1761080130709)
      - Failed to load resource: the server responded with a status of 404 (Not Found) (http://localhost:3000/_next/static/chunks/app/calendar/page.js)
      - Failed to load resource: the server responded with a status of 404 (Not Found) (http://localhost:3000/_next/static/chunks/main-app.js?v=1761080130709)
      - Failed to load resource: the server responded with a status of 404 (Not Found) (http://localhost:3000/_next/static/chunks/app-pages-internals.js)
      - Failed to load resource: the server responded with a status of 404 (Not Found) (http://localhost:3000/_next/static/chunks/app/layout.js)
      - Refused to execute http://localhost:3000/_next/static/chunks/webpack.js?v=1761080130709 as script because "X-Content-Type-Options: nosniff" was given and its Content-Type is not a script MIME type. (unknown location)
      - Refused to execute http://localhost:3000/_next/static/chunks/app/calendar/page.js as script because "X-Content-Type-Options: nosniff" was given and its Content-Type is not a script MIME type. (unknown location)
      - Refused to execute http://localhost:3000/_next/static/chunks/main-app.js?v=1761080130709 as script because "X-Content-Type-Options: nosniff" was given and its Content-Type is not a script MIME type. (unknown location)
      - Refused to execute http://localhost:3000/_next/static/chunks/app-pages-internals.js as script because "X-Content-Type-Options: nosniff" was given and its Content-Type is not a script MIME type. (unknown location)
      - Refused to execute http://localhost:3000/_next/static/chunks/app/layout.js as script because "X-Content-Type-Options: nosniff" was given and its Content-Type is not a script MIME type. (unknown location)
      - Failed to load resource: the server responded with a status of 404 (Not Found) (http://localhost:3000/_next/static/chunks/webpack.js?v=1761080131276)
      - Failed to load resource: the server responded with a status of 404 (Not Found) (http://localhost:3000/_next/static/chunks/main-app.js?v=1761080131276)
      - Failed to load resource: the server responded with a status of 404 (Not Found) (http://localhost:3000/_next/static/chunks/app-pages-internals.js)
      - Failed to load resource: the server responded with a status of 404 (Not Found) (http://localhost:3000/_next/static/chunks/app/page.js)
      - Failed to load resource: the server responded with a status of 404 (Not Found) (http://localhost:3000/_next/static/css/app/layout.css?v=1761080131276)
      - Failed to load resource: the server responded with a status of 404 (Not Found) (http://localhost:3000/_next/static/chunks/app/layout.js)
      - Refused to execute http://localhost:3000/_next/static/chunks/webpack.js?v=1761080131276 as script because "X-Content-Type-Options: nosniff" was given and its Content-Type is not a script MIME type. (unknown location)
      - Refused to execute http://localhost:3000/_next/static/chunks/main-app.js?v=1761080131276 as script because "X-Content-Type-Options: nosniff" was given and its Content-Type is not a script MIME type. (unknown location)
      - Refused to execute http://localhost:3000/_next/static/chunks/app-pages-internals.js as script because "X-Content-Type-Options: nosniff" was given and its Content-Type is not a script MIME type. (unknown location)
      - Refused to execute http://localhost:3000/_next/static/chunks/app/page.js as script because "X-Content-Type-Options: nosniff" was given and its Content-Type is not a script MIME type. (unknown location)
      - Refused to execute http://localhost:3000/_next/static/chunks/app/layout.js as script because "X-Content-Type-Options: nosniff" was given and its Content-Type is not a script MIME type. (unknown location)

       at utils/performance-assertions.ts:115

      113 |     ).join('\n');
      114 |     
    > 115 |     throw new Error(`Found ${actualErrors.length} console error(s):\n${errorDetails}`);
          |           ^
      116 |   }
      117 | }
      118 |
        at expectNoConsoleErrors (/Users/andrewkazas/Desktop/Arvado/Hannah/LacqueLatteDeploy/next-app/tests/utils/performance-assertions.ts:115:11)
        at /Users/andrewkazas/Desktop/Arvado/Hannah/LacqueLatteDeploy/next-app/tests/specs/console/console-monitoring.spec.ts:125:32

    attachment #1: screenshot (image/png) ──────────────────────────────────────────────────────────
    test-results/specs-console-console-moni-c6bfe-during-full-navigation-flow-webkit/test-failed-1.png
    ────────────────────────────────────────────────────────────────────────────────────────────────

    attachment #2: video (video/webm) ──────────────────────────────────────────────────────────────
    test-results/specs-console-console-moni-c6bfe-during-full-navigation-flow-webkit/video.webm
    ────────────────────────────────────────────────────────────────────────────────────────────────

    Error Context: test-results/specs-console-console-moni-c6bfe-during-full-navigation-flow-webkit/error-context.md

  49) [webkit] › tests/specs/console/console-monitoring.spec.ts:265:7 › Console Monitoring - Error Recovery › Should handle navigation errors gracefully 

    Error: Found 4 console error(s):
      - Refused to execute http://localhost:3000/_next/static/chunks/app/layout.js as script because "X-Content-Type-Options: nosniff" was given and its Content-Type is not a script MIME type. (unknown location)
      - Refused to execute http://localhost:3000/_next/static/chunks/webpack.js?v=1761080131906 as script because "X-Content-Type-Options: nosniff" was given and its Content-Type is not a script MIME type. (unknown location)
      - Refused to execute http://localhost:3000/_next/static/chunks/main-app.js?v=1761080131906 as script because "X-Content-Type-Options: nosniff" was given and its Content-Type is not a script MIME type. (unknown location)
      - Refused to execute http://localhost:3000/_next/static/chunks/app-pages-internals.js as script because "X-Content-Type-Options: nosniff" was given and its Content-Type is not a script MIME type. (unknown location)

       at utils/performance-assertions.ts:115

      113 |     ).join('\n');
      114 |     
    > 115 |     throw new Error(`Found ${actualErrors.length} console error(s):\n${errorDetails}`);
          |           ^
      116 |   }
      117 | }
      118 |
        at expectNoConsoleErrors (/Users/andrewkazas/Desktop/Arvado/Hannah/LacqueLatteDeploy/next-app/tests/utils/performance-assertions.ts:115:11)
        at /Users/andrewkazas/Desktop/Arvado/Hannah/LacqueLatteDeploy/next-app/tests/specs/console/console-monitoring.spec.ts:280:32

    attachment #1: screenshot (image/png) ──────────────────────────────────────────────────────────
    test-results/specs-console-console-moni-70060-avigation-errors-gracefully-webkit/test-failed-1.png
    ────────────────────────────────────────────────────────────────────────────────────────────────

    attachment #2: video (video/webm) ──────────────────────────────────────────────────────────────
    test-results/specs-console-console-moni-70060-avigation-errors-gracefully-webkit/video.webm
    ────────────────────────────────────────────────────────────────────────────────────────────────

    Error Context: test-results/specs-console-console-moni-70060-avigation-errors-gracefully-webkit/error-context.md

  50) [webkit] › tests/specs/console/smooth-operation.spec.ts:139:7 › Smooth Operation - User Experience › Loading states should be smooth 

    Error: Loading should complete without errors

    [2mexpect([22m[31mreceived[39m[2m).[22mtoBe[2m([22m[32mexpected[39m[2m) // Object.is equality[22m

    Expected: [32m0[39m
    Received: [31m11[39m

      157 |     // Loading should complete without errors
      158 |     const errors = consoleMessages.filter(m => m.type === 'error');
    > 159 |     expect(errors.length, 'Loading should complete without errors').toBe(0);
          |                                                                     ^
      160 |   });
      161 |
      162 |   test('Hover states should respond immediately', async ({ 
        at /Users/andrewkazas/Desktop/Arvado/Hannah/LacqueLatteDeploy/next-app/tests/specs/console/smooth-operation.spec.ts:159:69

    attachment #1: screenshot (image/png) ──────────────────────────────────────────────────────────
    test-results/specs-console-smooth-opera-c4c6f-ing-states-should-be-smooth-webkit/test-failed-1.png
    ────────────────────────────────────────────────────────────────────────────────────────────────

    attachment #2: video (video/webm) ──────────────────────────────────────────────────────────────
    test-results/specs-console-smooth-opera-c4c6f-ing-states-should-be-smooth-webkit/video.webm
    ────────────────────────────────────────────────────────────────────────────────────────────────

    Error Context: test-results/specs-console-smooth-opera-c4c6f-ing-states-should-be-smooth-webkit/error-context.md

  51) [webkit] › tests/specs/console/smooth-operation.spec.ts:252:7 › Smooth Operation - User Experience › Rapid clicking should not cause issues 

    Error: Should handle rapid clicks without errors

    [2mexpect([22m[31mreceived[39m[2m).[22mtoBe[2m([22m[32mexpected[39m[2m) // Object.is equality[22m

    Expected: [32m0[39m
    Received: [31m11[39m

      277 |         recentErrors.length,
      278 |         'Should handle rapid clicks without errors'
    > 279 |       ).toBe(0);
          |         ^
      280 |     }
      281 |   });
      282 | });
        at /Users/andrewkazas/Desktop/Arvado/Hannah/LacqueLatteDeploy/next-app/tests/specs/console/smooth-operation.spec.ts:279:9

    attachment #1: screenshot (image/png) ──────────────────────────────────────────────────────────
    test-results/specs-console-smooth-opera-6d5c4-ing-should-not-cause-issues-webkit/test-failed-1.png
    ────────────────────────────────────────────────────────────────────────────────────────────────

    attachment #2: video (video/webm) ──────────────────────────────────────────────────────────────
    test-results/specs-console-smooth-opera-6d5c4-ing-should-not-cause-issues-webkit/video.webm
    ────────────────────────────────────────────────────────────────────────────────────────────────

    Error Context: test-results/specs-console-smooth-opera-6d5c4-ing-should-not-cause-issues-webkit/error-context.md

  52) [webkit] › tests/specs/console/smooth-operation.spec.ts:309:7 › Smooth Operation - Mobile › Mobile menu should open smoothly 

    Error: Mobile menu should open without errors

    [2mexpect([22m[31mreceived[39m[2m).[22mtoBe[2m([22m[32mexpected[39m[2m) // Object.is equality[22m

    Expected: [32m0[39m
    Received: [31m11[39m

      320 |       // Should open without errors
      321 |       const errors = consoleMessages.filter(m => m.type === 'error');
    > 322 |       expect(errors.length, 'Mobile menu should open without errors').toBe(0);
          |                                                                       ^
      323 |     }
      324 |   });
      325 | });
        at /Users/andrewkazas/Desktop/Arvado/Hannah/LacqueLatteDeploy/next-app/tests/specs/console/smooth-operation.spec.ts:322:71

    attachment #1: screenshot (image/png) ──────────────────────────────────────────────────────────
    test-results/specs-console-smooth-opera-cd915-e-menu-should-open-smoothly-webkit/test-failed-1.png
    ────────────────────────────────────────────────────────────────────────────────────────────────

    attachment #2: video (video/webm) ──────────────────────────────────────────────────────────────
    test-results/specs-console-smooth-opera-cd915-e-menu-should-open-smoothly-webkit/video.webm
    ────────────────────────────────────────────────────────────────────────────────────────────────

    Error Context: test-results/specs-console-smooth-opera-cd915-e-menu-should-open-smoothly-webkit/error-context.md

  53) [webkit] › tests/specs/performance/page-performance.spec.ts:15:7 › Page Performance - Next.js App › Home page should load quickly and efficiently 

    Error: Found 6 failed request(s):
      - GET http://localhost:3000/_next/static/css/app/layout.css?v=1761080136987 (failed)
      - GET http://localhost:3000/_next/static/chunks/webpack.js?v=1761080136987 (failed)
      - GET http://localhost:3000/_next/static/chunks/main-app.js?v=1761080136987 (failed)
      - GET http://localhost:3000/_next/static/chunks/app-pages-internals.js (failed)
      - GET http://localhost:3000/_next/static/chunks/app/page.js (failed)
      - GET http://localhost:3000/_next/static/chunks/app/layout.js (failed)

       at utils/performance-assertions.ts:159

      157 |     ).join('\n');
      158 |     
    > 159 |     throw new Error(`Found ${actualFailures.length} failed request(s):\n${failureDetails}`);
          |           ^
      160 |   }
      161 | }
      162 |
        at expectNoFailedRequests (/Users/andrewkazas/Desktop/Arvado/Hannah/LacqueLatteDeploy/next-app/tests/utils/performance-assertions.ts:159:11)
        at /Users/andrewkazas/Desktop/Arvado/Hannah/LacqueLatteDeploy/next-app/tests/specs/performance/page-performance.spec.ts:39:33

    attachment #1: screenshot (image/png) ──────────────────────────────────────────────────────────
    test-results/specs-performance-page-per-39720-oad-quickly-and-efficiently-webkit/test-failed-1.png
    ────────────────────────────────────────────────────────────────────────────────────────────────

    attachment #2: video (video/webm) ──────────────────────────────────────────────────────────────
    test-results/specs-performance-page-per-39720-oad-quickly-and-efficiently-webkit/video.webm
    ────────────────────────────────────────────────────────────────────────────────────────────────

    Error Context: test-results/specs-performance-page-per-39720-oad-quickly-and-efficiently-webkit/error-context.md

  54) [webkit] › tests/specs/performance/page-performance.spec.ts:48:7 › Page Performance - Next.js App › Services page should load quickly 

    Error: Found 6 failed request(s):
      - GET http://localhost:3000/_next/static/css/app/layout.css?v=1761080137554 (failed)
      - GET http://localhost:3000/_next/static/chunks/main-app.js?v=1761080137554 (failed)
      - GET http://localhost:3000/_next/static/chunks/webpack.js?v=1761080137554 (failed)
      - GET http://localhost:3000/_next/static/chunks/app-pages-internals.js (failed)
      - GET http://localhost:3000/_next/static/chunks/app/services/page.js (failed)
      - GET http://localhost:3000/_next/static/chunks/app/layout.js (failed)

       at utils/performance-assertions.ts:159

      157 |     ).join('\n');
      158 |     
    > 159 |     throw new Error(`Found ${actualFailures.length} failed request(s):\n${failureDetails}`);
          |           ^
      160 |   }
      161 | }
      162 |
        at expectNoFailedRequests (/Users/andrewkazas/Desktop/Arvado/Hannah/LacqueLatteDeploy/next-app/tests/utils/performance-assertions.ts:159:11)
        at /Users/andrewkazas/Desktop/Arvado/Hannah/LacqueLatteDeploy/next-app/tests/specs/performance/page-performance.spec.ts:63:33

    attachment #1: screenshot (image/png) ──────────────────────────────────────────────────────────
    test-results/specs-performance-page-per-09dcc-es-page-should-load-quickly-webkit/test-failed-1.png
    ────────────────────────────────────────────────────────────────────────────────────────────────

    attachment #2: video (video/webm) ──────────────────────────────────────────────────────────────
    test-results/specs-performance-page-per-09dcc-es-page-should-load-quickly-webkit/video.webm
    ────────────────────────────────────────────────────────────────────────────────────────────────

    Error Context: test-results/specs-performance-page-per-09dcc-es-page-should-load-quickly-webkit/error-context.md

  55) [webkit] › tests/specs/performance/page-performance.spec.ts:69:7 › Page Performance - Next.js App › Portfolio page should load images efficiently 

    Error: Found 6 failed request(s):
      - GET http://localhost:3000/_next/static/css/app/layout.css?v=1761080138703 (failed)
      - GET http://localhost:3000/_next/static/chunks/webpack.js?v=1761080138703 (failed)
      - GET http://localhost:3000/_next/static/chunks/main-app.js?v=1761080138703 (failed)
      - GET http://localhost:3000/_next/static/chunks/app/portfolio/page.js (failed)
      - GET http://localhost:3000/_next/static/chunks/app-pages-internals.js (failed)
      - GET http://localhost:3000/_next/static/chunks/app/layout.js (failed)

       at utils/performance-assertions.ts:159

      157 |     ).join('\n');
      158 |     
    > 159 |     throw new Error(`Found ${actualFailures.length} failed request(s):\n${failureDetails}`);
          |           ^
      160 |   }
      161 | }
      162 |
        at expectNoFailedRequests (/Users/andrewkazas/Desktop/Arvado/Hannah/LacqueLatteDeploy/next-app/tests/utils/performance-assertions.ts:159:11)
        at /Users/andrewkazas/Desktop/Arvado/Hannah/LacqueLatteDeploy/next-app/tests/specs/performance/page-performance.spec.ts:91:33

    attachment #1: screenshot (image/png) ──────────────────────────────────────────────────────────
    test-results/specs-performance-page-per-f0cec-uld-load-images-efficiently-webkit/test-failed-1.png
    ────────────────────────────────────────────────────────────────────────────────────────────────

    attachment #2: video (video/webm) ──────────────────────────────────────────────────────────────
    test-results/specs-performance-page-per-f0cec-uld-load-images-efficiently-webkit/video.webm
    ────────────────────────────────────────────────────────────────────────────────────────────────

    Error Context: test-results/specs-performance-page-per-f0cec-uld-load-images-efficiently-webkit/error-context.md

  56) [webkit] › tests/specs/performance/page-performance.spec.ts:109:7 › Page Performance - Next.js App › Calendar page should be interactive quickly 

    Error: Found 6 failed request(s):
      - GET http://localhost:3000/_next/static/css/app/layout.css?v=1761080138732 (failed)
      - GET http://localhost:3000/_next/static/chunks/webpack.js?v=1761080138732 (failed)
      - GET http://localhost:3000/_next/static/chunks/app-pages-internals.js (failed)
      - GET http://localhost:3000/_next/static/chunks/main-app.js?v=1761080138732 (failed)
      - GET http://localhost:3000/_next/static/chunks/app/calendar/page.js (failed)
      - GET http://localhost:3000/_next/static/chunks/app/layout.js (failed)

       at utils/performance-assertions.ts:159

      157 |     ).join('\n');
      158 |     
    > 159 |     throw new Error(`Found ${actualFailures.length} failed request(s):\n${failureDetails}`);
          |           ^
      160 |   }
      161 | }
      162 |
        at expectNoFailedRequests (/Users/andrewkazas/Desktop/Arvado/Hannah/LacqueLatteDeploy/next-app/tests/utils/performance-assertions.ts:159:11)
        at /Users/andrewkazas/Desktop/Arvado/Hannah/LacqueLatteDeploy/next-app/tests/specs/performance/page-performance.spec.ts:124:33

    attachment #1: screenshot (image/png) ──────────────────────────────────────────────────────────
    test-results/specs-performance-page-per-319f6-ould-be-interactive-quickly-webkit/test-failed-1.png
    ────────────────────────────────────────────────────────────────────────────────────────────────

    attachment #2: video (video/webm) ──────────────────────────────────────────────────────────────
    test-results/specs-performance-page-per-319f6-ould-be-interactive-quickly-webkit/video.webm
    ────────────────────────────────────────────────────────────────────────────────────────────────

    Error Context: test-results/specs-performance-page-per-319f6-ould-be-interactive-quickly-webkit/error-context.md

  56 failed
    [chromium-desktop] › tests/specs/console/console-monitoring.spec.ts:12:7 › Console Log Monitoring - Next.js App › Home page should have no console errors 
    [chromium-desktop] › tests/specs/console/console-monitoring.spec.ts:37:7 › Console Log Monitoring - Next.js App › Services page should have no console errors 
    [chromium-desktop] › tests/specs/console/console-monitoring.spec.ts:54:7 › Console Log Monitoring - Next.js App › Portfolio page should have no console errors 
    [chromium-desktop] › tests/specs/console/console-monitoring.spec.ts:71:7 › Console Log Monitoring - Next.js App › Calendar page should have no console errors 
    [chromium-desktop] › tests/specs/console/console-monitoring.spec.ts:88:7 › Console Log Monitoring - Next.js App › No console errors during full navigation flow 
    [chromium-desktop] › tests/specs/console/console-monitoring.spec.ts:265:7 › Console Monitoring - Error Recovery › Should handle navigation errors gracefully 
    [chromium-desktop] › tests/specs/console/smooth-operation.spec.ts:139:7 › Smooth Operation - User Experience › Loading states should be smooth 
    [chromium-desktop] › tests/specs/console/smooth-operation.spec.ts:252:7 › Smooth Operation - User Experience › Rapid clicking should not cause issues 
    [chromium-desktop] › tests/specs/console/smooth-operation.spec.ts:309:7 › Smooth Operation - Mobile › Mobile menu should open smoothly 
    [chromium-desktop] › tests/specs/performance/page-performance.spec.ts:15:7 › Page Performance - Next.js App › Home page should load quickly and efficiently 
    [chromium-desktop] › tests/specs/performance/page-performance.spec.ts:48:7 › Page Performance - Next.js App › Services page should load quickly 
    [chromium-desktop] › tests/specs/performance/page-performance.spec.ts:69:7 › Page Performance - Next.js App › Portfolio page should load images efficiently 
    [chromium-desktop] › tests/specs/performance/page-performance.spec.ts:109:7 › Page Performance - Next.js App › Calendar page should be interactive quickly 
    [chromium-mobile] › tests/specs/console/console-monitoring.spec.ts:12:7 › Console Log Monitoring - Next.js App › Home page should have no console errors 
    [chromium-mobile] › tests/specs/console/console-monitoring.spec.ts:37:7 › Console Log Monitoring - Next.js App › Services page should have no console errors 
    [chromium-mobile] › tests/specs/console/console-monitoring.spec.ts:54:7 › Console Log Monitoring - Next.js App › Portfolio page should have no console errors 
    [chromium-mobile] › tests/specs/console/console-monitoring.spec.ts:71:7 › Console Log Monitoring - Next.js App › Calendar page should have no console errors 
    [chromium-mobile] › tests/specs/console/console-monitoring.spec.ts:88:7 › Console Log Monitoring - Next.js App › No console errors during full navigation flow 
    [chromium-mobile] › tests/specs/console/console-monitoring.spec.ts:265:7 › Console Monitoring - Error Recovery › Should handle navigation errors gracefully 
    [chromium-mobile] › tests/specs/console/smooth-operation.spec.ts:139:7 › Smooth Operation - User Experience › Loading states should be smooth 
    [chromium-mobile] › tests/specs/console/smooth-operation.spec.ts:252:7 › Smooth Operation - User Experience › Rapid clicking should not cause issues 
    [chromium-mobile] › tests/specs/console/smooth-operation.spec.ts:309:7 › Smooth Operation - Mobile › Mobile menu should open smoothly 
    [chromium-mobile] › tests/specs/performance/page-performance.spec.ts:15:7 › Page Performance - Next.js App › Home page should load quickly and efficiently 
    [chromium-mobile] › tests/specs/performance/page-performance.spec.ts:48:7 › Page Performance - Next.js App › Services page should load quickly 
    [chromium-mobile] › tests/specs/performance/page-performance.spec.ts:69:7 › Page Performance - Next.js App › Portfolio page should load images efficiently 
    [chromium-mobile] › tests/specs/performance/page-performance.spec.ts:109:7 › Page Performance - Next.js App › Calendar page should be interactive quickly 
    [firefox] › tests/specs/console/console-monitoring.spec.ts:12:7 › Console Log Monitoring - Next.js App › Home page should have no console errors 
    [firefox] › tests/specs/console/console-monitoring.spec.ts:37:7 › Console Log Monitoring - Next.js App › Services page should have no console errors 
    [firefox] › tests/specs/console/console-monitoring.spec.ts:54:7 › Console Log Monitoring - Next.js App › Portfolio page should have no console errors 
    [firefox] › tests/specs/console/console-monitoring.spec.ts:71:7 › Console Log Monitoring - Next.js App › Calendar page should have no console errors 
    [firefox] › tests/specs/console/console-monitoring.spec.ts:88:7 › Console Log Monitoring - Next.js App › No console errors during full navigation flow 
    [firefox] › tests/specs/console/console-monitoring.spec.ts:131:7 › Console Log Monitoring - Next.js App › No console warnings on critical pages 
    [firefox] › tests/specs/console/console-monitoring.spec.ts:147:7 › Console Log Monitoring - Next.js App › Next.js should not log hydration errors 
    [firefox] › tests/specs/console/console-monitoring.spec.ts:265:7 › Console Monitoring - Error Recovery › Should handle navigation errors gracefully 
    [firefox] › tests/specs/console/smooth-operation.spec.ts:139:7 › Smooth Operation - User Experience › Loading states should be smooth 
    [firefox] › tests/specs/console/smooth-operation.spec.ts:252:7 › Smooth Operation - User Experience › Rapid clicking should not cause issues 
    [firefox] › tests/specs/console/smooth-operation.spec.ts:291:7 › Smooth Operation - Mobile › Touch interactions should be smooth on mobile 
    [firefox] › tests/specs/console/smooth-operation.spec.ts:309:7 › Smooth Operation - Mobile › Mobile menu should open smoothly 
    [firefox] › tests/specs/performance/page-performance.spec.ts:15:7 › Page Performance - Next.js App › Home page should load quickly and efficiently 
    [firefox] › tests/specs/performance/page-performance.spec.ts:48:7 › Page Performance - Next.js App › Services page should load quickly 
    [firefox] › tests/specs/performance/page-performance.spec.ts:69:7 › Page Performance - Next.js App › Portfolio page should load images efficiently 
    [firefox] › tests/specs/performance/page-performance.spec.ts:109:7 › Page Performance - Next.js App › Calendar page should be interactive quickly 
    [firefox] › tests/specs/performance/page-performance.spec.ts:237:7 › Performance - Mobile › Home page should perform well on mobile 
    [webkit] › tests/specs/console/console-monitoring.spec.ts:12:7 › Console Log Monitoring - Next.js App › Home page should have no console errors 
    [webkit] › tests/specs/console/console-monitoring.spec.ts:37:7 › Console Log Monitoring - Next.js App › Services page should have no console errors 
    [webkit] › tests/specs/console/console-monitoring.spec.ts:54:7 › Console Log Monitoring - Next.js App › Portfolio page should have no console errors 
    [webkit] › tests/specs/console/console-monitoring.spec.ts:71:7 › Console Log Monitoring - Next.js App › Calendar page should have no console errors 
    [webkit] › tests/specs/console/console-monitoring.spec.ts:88:7 › Console Log Monitoring - Next.js App › No console errors during full navigation flow 
    [webkit] › tests/specs/console/console-monitoring.spec.ts:265:7 › Console Monitoring - Error Recovery › Should handle navigation errors gracefully 
    [webkit] › tests/specs/console/smooth-operation.spec.ts:139:7 › Smooth Operation - User Experience › Loading states should be smooth 
    [webkit] › tests/specs/console/smooth-operation.spec.ts:252:7 › Smooth Operation - User Experience › Rapid clicking should not cause issues 
    [webkit] › tests/specs/console/smooth-operation.spec.ts:309:7 › Smooth Operation - Mobile › Mobile menu should open smoothly 
    [webkit] › tests/specs/performance/page-performance.spec.ts:15:7 › Page Performance - Next.js App › Home page should load quickly and efficiently 
    [webkit] › tests/specs/performance/page-performance.spec.ts:48:7 › Page Performance - Next.js App › Services page should load quickly 
    [webkit] › tests/specs/performance/page-performance.spec.ts:69:7 › Page Performance - Next.js App › Portfolio page should load images efficiently 
    [webkit] › tests/specs/performance/page-performance.spec.ts:109:7 › Page Performance - Next.js App › Calendar page should be interactive quickly 
  72 passed (1.2m)

  Serving HTML report at http://localhost:58492. Press Ctrl+C to quit.
